******************************************************************************
                  TI ARM Linker PC v18.12.4                    
******************************************************************************
>> Linked Tue Mar 17 15:41:10 2020

OUTPUT FILE NAME:   <FitnessTracker.out>
ENTRY POINT SYMBOL: "_c_int00_noargs"  address: 00003ec1


MEMORY CONFIGURATION

         name            origin    length      used     unused   attr    fill
----------------------  --------  ---------  --------  --------  ----  --------
  FLASH                 00000000   00040000  00004614  0003b9ec  R  X
  SRAM                  20000000   00008000  00000911  000076ef  RW X


SEGMENT ALLOCATION MAP

run origin  load origin   length   init length attrs members
----------  ----------- ---------- ----------- ----- -------
00000000    00000000    00004618   00004618    r-x
  00000000    00000000    0000026c   0000026c    r-- .intvecs
  0000026c    0000026c    00003ec4   00003ec4    r-x .text
  00004130    00004130    0000049c   0000049c    r-- .const
  000045d0    000045d0    00000048   00000048    r-- .cinit
20000000    20000000    00000914   00000000    rw-
  20000000    20000000    0000026c   00000000    rw- .vtable
  2000026c    2000026c    00000391   00000000    rw- .bss
  20000600    20000600    00000200   00000000    rw- .stack
  20000800    20000800    00000100   00000000    rw- .sysmem
  20000900    20000900    00000014   00000000    rw- .data


SECTION ALLOCATION MAP

 output                                  attributes/
section   page    origin      length       input sections
--------  ----  ----------  ----------   ----------------
.intvecs   0    00000000    0000026c     
                  00000000    0000026c     tm4c123gh6pm_startup_ccs.obj (.intvecs)

.text      0    0000026c    00003ec4     
                  0000026c    00000c84     ustdlib.obj (.text)
                  00000ef0    00000950     OrbitOledGrph.obj (.text)
                  00001840    000007c0     fsm.obj (.text)
                  00002000    0000037c     OrbitOled.obj (.text)
                  0000237c    00000300     fitness_tracker.obj (.text)
                  0000267c    00000220     buttons4.obj (.text)
                  0000289c    00000204     OrbitOledChar.obj (.text)
                  00002aa0    00000204     i2c_driver.obj (.text)
                  00002ca4    000001f0     acc_reader.obj (.text)
                  00002e94    000001b6     rtsv7M4_T_le_v4SPD16_eabi.lib : fd_add_t2.asm.obj (.text)
                  0000304a    00000136                                   : fd_div_t2.asm.obj (.text)
                  00003180    00000132     driverlib.lib : gpio.obj (.text:GPIOPadConfigSet)
                  000032b2    00000002     rtsv7M4_T_le_v4SPD16_eabi.lib : _lock.c.obj (.text:_nop)
                  000032b4    00000118     driverlib.lib : sysctl.obj (.text:SysCtlClockGet)
                  000033cc    00000118     rtsv7M4_T_le_v4SPD16_eabi.lib : memory.c.obj (.text:aligned_alloc)
                  000034e4    000000fc                                   : fd_mul_t2.asm.obj (.text)
                  000035e0    000000f4     driverlib.lib : sysctl.obj (.text:SysCtlClockSet)
                  000036d4    000000e4     rtsv7M4_T_le_v4SPD16_eabi.lib : memory.c.obj (.text:free)
                  000037b8    000000d2     oled.obj (.text)
                  0000388a    000000b8     circBufT.obj (.text)
                  00003942    0000009c     rtsv7M4_T_le_v4SPD16_eabi.lib : memcpy_t2.asm.obj (.text)
                  000039de    0000007a                                   : memset_t2.asm.obj (.text)
                  00003a58    00000070                                   : memory.c.obj (.text:split)
                  00003ac8    00000068                                   : copy_decompress_lzss.c.obj (.text:decompress:lzss:__TI_decompress_lzss)
                  00003b30    00000060     driverlib.lib : timer.obj (.text:TimerConfigure)
                  00003b90    0000005c     delay.obj (.text)
                  00003bec    00000050     driverlib.lib : sysctl.obj (.text:SysCtlPeripheralReset)
                  00003c3c    0000004c                   : gpio.obj (.text:GPIOPinConfigure)
                  00003c88    0000004c                   : i2c.obj (.text:I2CMasterInitExpClk)
                  00003cd4    00000048     rtsv7M4_T_le_v4SPD16_eabi.lib : fd_toi_t2.asm.obj (.text)
                  00003d1c    00000044     OrbitOLEDInterface.obj (.text)
                  00003d60    00000044     rtsv7M4_T_le_v4SPD16_eabi.lib : autoinit.c.obj (.text:__TI_auto_init_nobinit_nopinit:__TI_auto_init_nobinit_nopinit)
                  00003da4    00000040                                   : u_divt2.asm.obj (.text)
                  00003de4    0000003c     driverlib.lib : ssi.obj (.text:SSIConfigSetExpClk)
                  00003e20    00000038     rtsv7M4_T_le_v4SPD16_eabi.lib : memory.c.obj (.text:calloc)
                  00003e58    00000034     driverlib.lib : interrupt.obj (.text:IntRegister)
                  00003e8c    00000034                   : sysctl.obj (.text:SysCtlPeripheralEnable)
                  00003ec0    00000034     rtsv7M4_T_le_v4SPD16_eabi.lib : boot_cortex_m.c.obj (.text:_c_int00_noargs:_c_int00_noargs)
                  00003ef4    0000002e                                   : i_tofd_t2.asm.obj (.text)
                  00003f22    0000002c     driverlib.lib : gpio.obj (.text:GPIODirModeSet)
                  00003f4e    00000002     rtsv7M4_T_le_v4SPD16_eabi.lib : div0.asm.obj (.text)
                  00003f50    00000028                                   : memory.c.obj (.text:free_list_insert)
                  00003f78    0000001c     driverlib.lib : systick.obj (.text:SysTickIntRegister)
                  00003f94    0000001c     rtsv7M4_T_le_v4SPD16_eabi.lib : memory.c.obj (.text:free_list_remove)
                  00003fb0    00000018     driverlib.lib : gpio.obj (.text:GPIOPinTypeGPIOOutput)
                  00003fc8    00000016                   : gpio.obj (.text:GPIOPinTypeGPIOInput)
                  00003fde    00000016                   : gpio.obj (.text:GPIOPinTypeI2C)
                  00003ff4    00000016                   : gpio.obj (.text:GPIOPinTypeI2CSCL)
                  0000400a    00000016                   : gpio.obj (.text:GPIOPinTypeSSI)
                  00004020    00000014                   : systick.obj (.text:SysTickEnable)
                  00004034    00000014                   : systick.obj (.text:SysTickIntEnable)
                  00004048    00000010                   : interrupt.obj (.text:IntMasterEnable)
                  00004058    00000010                   : systick.obj (.text:SysTickPeriodSet)
                  00004068    0000000e                   : timer.obj (.text:TimerEnable)
                  00004076    0000000e     rtsv7M4_T_le_v4SPD16_eabi.lib : copy_decompress_none.c.obj (.text:decompress:none:__TI_decompress_none)
                  00004084    0000000c     driverlib.lib : cpu.obj (.text:CPUcpsie)
                  00004090    0000000c                   : ssi.obj (.text:SSIDataGet)
                  0000409c    0000000c     rtsv7M4_T_le_v4SPD16_eabi.lib : copy_zero_init.c.obj (.text:decompress:ZI:__TI_zero_init)
                  000040a8    0000000c     tm4c123gh6pm_startup_ccs.obj (.text)
                  000040b4    0000000a     driverlib.lib : i2c.obj (.text:I2CMasterEnable)
                  000040be    0000000a                   : ssi.obj (.text:SSIDataPut)
                  000040c8    0000000a                   : ssi.obj (.text:SSIEnable)
                  000040d2    0000000a                   : timer.obj (.text:TimerValueGet)
                  000040dc    00000008                   : i2c.obj (.text:I2CMasterBusBusy)
                  000040e4    00000008                   : i2c.obj (.text:I2CMasterBusy)
                  000040ec    00000008                   : i2c.obj (.text:I2CMasterSlaveAddrSet)
                  000040f4    00000008                   : ssi.obj (.text:SSIBusy)
                  000040fc    00000008     rtsv7M4_T_le_v4SPD16_eabi.lib : memory.c.obj (.text:malloc)
                  00004104    00000006     driverlib.lib : gpio.obj (.text:GPIOPinRead)
                  0000410a    00000006                   : gpio.obj (.text:GPIOPinWrite)
                  00004110    00000006                   : ssi.obj (.text:SSIClockSourceSet)
                  00004116    00000006                   : sysctl.obj (.text:SysCtlDelay)
                  0000411c    00000004                   : i2c.obj (.text:I2CMasterControl)
                  00004120    00000004                   : i2c.obj (.text:I2CMasterDataGet)
                  00004124    00000004                   : i2c.obj (.text:I2CMasterDataPut)
                  00004128    00000004     rtsv7M4_T_le_v4SPD16_eabi.lib : pre_init.c.obj (.text:_system_pre_init)
                  0000412c    00000004                                   : exit.c.obj (.text:abort:abort)

.const     0    00004130    0000049c     
                  00004130    00000300     ChrFont0.obj (.const:.string:rgbOledFont0)
                  00004430    00000090     driverlib.lib : gpio.obj (.const:g_pui32GPIOBaseAddrs)
                  000044c0    0000006c                   : sysctl.obj (.const:g_pui32Xtals)
                  0000452c    00000040     FillPat.obj (.const:.string:rgbFillPat)
                  0000456c    00000030     ustdlib.obj (.const:g_psDaysToMonth)
                  0000459c    00000018     ustdlib.obj (.const:g_pfExponents)
                  000045b4    00000012     ustdlib.obj (.const:.string)
                  000045c6    00000002     --HOLE-- [fill = 0]
                  000045c8    00000004     ustdlib.obj (.const)

.cinit     0    000045d0    00000048     
                  000045d0    00000010     (.cinit..data.load) [load image, compression = lzss]
                  000045e0    0000000c     (__TI_handler_table)
                  000045ec    00000004     --HOLE-- [fill = 0]
                  000045f0    00000008     (.cinit..bss.load) [load image, compression = zero_init]
                  000045f8    00000008     (.cinit..vtable.load) [load image, compression = zero_init]
                  00004600    00000018     (__TI_cinit_table)

.init_array 
*          0    00000000    00000000     UNINITIALIZED

.vtable    0    20000000    0000026c     UNINITIALIZED
                  20000000    0000026c     driverlib.lib : interrupt.obj (.vtable)

.bss       0    2000026c    00000391     UNINITIALIZED
                  2000026c    00000200     (.common:rgbOledBmp)
                  2000046c    00000100     (.common:rgbOledFontUser)
                  2000056c    00000010     fitness_tracker.obj (.bss:circbuf_x)
                  2000057c    00000010     fitness_tracker.obj (.bss:circbuf_y)
                  2000058c    00000010     fitness_tracker.obj (.bss:circbuf_z)
                  2000059c    00000004     buttons4.obj (.bss:but_count)
                  200005a0    00000004     buttons4.obj (.bss:but_flag)
                  200005a4    00000004     buttons4.obj (.bss:but_normal)
                  200005a8    00000004     buttons4.obj (.bss:but_state)
                  200005ac    00000004     (.common:bnOledCur)
                  200005b0    00000004     (.common:dxcoOledFontCur)
                  200005b4    00000004     (.common:dycoOledFontCur)
                  200005b8    00000004     (.common:fOledCharUpdate)
                  200005bc    00000004     (.common:modOledCur)
                  200005c0    00000004     (.common:pbOledCur)
                  200005c4    00000004     (.common:pbOledFontCur)
                  200005c8    00000004     (.common:pbOledFontUser)
                  200005cc    00000004     (.common:pbOledPatCur)
                  200005d0    00000004     (.common:pfnDoRop)
                  200005d4    00000004     (.common:run_acc)
                  200005d8    00000004     (.common:run_btn)
                  200005dc    00000004     (.common:run_fsm)
                  200005e0    00000004     (.common:run_oled)
                  200005e4    00000004     (.common:xchOledCur)
                  200005e8    00000004     (.common:xchOledMax)
                  200005ec    00000004     (.common:xcoOledCur)
                  200005f0    00000004     (.common:ychOledCur)
                  200005f4    00000004     (.common:ychOledMax)
                  200005f8    00000004     (.common:ycoOledCur)
                  200005fc    00000001     (.common:clrOledCur)

.stack     0    20000600    00000200     UNINITIALIZED
                  20000600    00000004     rtsv7M4_T_le_v4SPD16_eabi.lib : boot_cortex_m.c.obj (.stack)
                  20000604    000001fc     --HOLE--

.sysmem    0    20000800    00000100     UNINITIALIZED
                  20000800    00000010     rtsv7M4_T_le_v4SPD16_eabi.lib : memory.c.obj (.sysmem)
                  20000810    000000f0     --HOLE--

.data      0    20000900    00000014     UNINITIALIZED
                  20000900    00000008     rtsv7M4_T_le_v4SPD16_eabi.lib : _lock.c.obj (.data:$O1$$)
                  20000908    00000008                                   : memory.c.obj (.data:$O1$$)
                  20000910    00000004     ustdlib.obj (.data)

MODULE SUMMARY

       Module                         code    ro data   rw data
       ------                         ----    -------   -------
    .\
       ustdlib.obj                    3204    94        4      
       fsm.obj                        1984    0         0      
       fitness_tracker.obj            768     0         64     
       tm4c123gh6pm_startup_ccs.obj   12      620       0      
       buttons4.obj                   544     0         16     
       i2c_driver.obj                 516     0         0      
       acc_reader.obj                 496     0         0      
       oled.obj                       210     0         0      
       circBufT.obj                   184     0         0      
    +--+------------------------------+-------+---------+---------+
       Total:                         7918    714       84     
                                                               
    .\OrbitOLED\
       OrbitOLEDInterface.obj         68      0         0      
    +--+------------------------------+-------+---------+---------+
       Total:                         68      0         0      
                                                               
    .\OrbitOLED\lib_OrbitOled\
       OrbitOledGrph.obj              2384    0         8      
       OrbitOled.obj                  892     0         553    
       OrbitOledChar.obj              516     0         272    
       ChrFont0.obj                   0       768       0      
       delay.obj                      92      0         0      
       FillPat.obj                    0       64        0      
    +--+------------------------------+-------+---------+---------+
       Total:                         3884    832       833    
                                                               
    C:/ti/TivaWare_C_Series-2.1.4.178/driverlib/ccs/Debug/driverlib.lib
       sysctl.obj                     662     108       0      
       gpio.obj                       550     144       0      
       interrupt.obj                  68      0         620    
       i2c.obj                        122     0         0      
       timer.obj                      120     0         0      
       ssi.obj                        106     0         0      
       systick.obj                    84      0         0      
       cpu.obj                        12      0         0      
    +--+------------------------------+-------+---------+---------+
       Total:                         1724    252       620    
                                                               
    C:\ti\ccs920\ccs\tools\compiler\ti-cgt-arm_18.12.4.LTS\lib\rtsv7M4_T_le_v4SPD16_eabi.lib
       memory.c.obj                   752     0         8      
       fd_add_t2.asm.obj              438     0         0      
       fd_div_t2.asm.obj              310     0         0      
       fd_mul_t2.asm.obj              252     0         0      
       memcpy_t2.asm.obj              156     0         0      
       memset_t2.asm.obj              122     0         0      
       copy_decompress_lzss.c.obj     104     0         0      
       fd_toi_t2.asm.obj              72      0         0      
       autoinit.c.obj                 68      0         0      
       u_divt2.asm.obj                64      0         0      
       boot_cortex_m.c.obj            52      0         0      
       i_tofd_t2.asm.obj              46      0         0      
       copy_decompress_none.c.obj     14      0         0      
       copy_zero_init.c.obj           12      0         0      
       _lock.c.obj                    2       0         8      
       exit.c.obj                     4       0         0      
       pre_init.c.obj                 4       0         0      
       div0.asm.obj                   2       0         0      
    +--+------------------------------+-------+---------+---------+
       Total:                         2474    0         16     
                                                               
       Heap:                          0       0         256    
       Stack:                         0       0         512    
       Linker Generated:              0       68        0      
    +--+------------------------------+-------+---------+---------+
       Grand Total:                   16068   1866      2321   


LINKER GENERATED COPY TABLES

__TI_cinit_table @ 00004600 records: 3, size/record: 8, table size: 24
	.data: load addr=000045d0, load size=00000010 bytes, run addr=20000900, run size=00000014 bytes, compression=lzss
	.bss: load addr=000045f0, load size=00000008 bytes, run addr=2000026c, run size=00000391 bytes, compression=zero_init
	.vtable: load addr=000045f8, load size=00000008 bytes, run addr=20000000, run size=0000026c bytes, compression=zero_init


LINKER GENERATED HANDLER TABLE

__TI_handler_table @ 000045e0 records: 3, size/record: 4, table size: 12
	index: 0, handler: __TI_zero_init
	index: 1, handler: __TI_decompress_lzss
	index: 2, handler: __TI_decompress_none


GLOBAL SYMBOLS: SORTED ALPHABETICALLY BY Name 

address   name                          
-------   ----                          
0000412d  C$$EXIT                       
00004085  CPUcpsie                      
00003b91  DelayInit                     
00003bab  DelayMs                       
00002aa1  Delay_us                      
00003f23  GPIODirModeSet                
00003181  GPIOPadConfigSet              
00003c3d  GPIOPinConfigure              
00004105  GPIOPinRead                   
00003fc9  GPIOPinTypeGPIOInput          
00003fb1  GPIOPinTypeGPIOOutput         
00003fdf  GPIOPinTypeI2C                
00003ff5  GPIOPinTypeI2CSCL             
0000400b  GPIOPinTypeSSI                
0000410b  GPIOPinWrite                  
00002c83  I2CGenIsNotIdle               
00002ad3  I2CGenTransmit                
000040dd  I2CMasterBusBusy              
000040e5  I2CMasterBusy                 
0000411d  I2CMasterControl              
00004121  I2CMasterDataGet              
00004125  I2CMasterDataPut              
000040b5  I2CMasterEnable               
00003c89  I2CMasterInitExpClk           
000040ed  I2CMasterSlaveAddrSet         
00004049  IntMasterEnable               
00003e59  IntRegister                   
00003d43  OLEDInitialise                
00003d1d  OLEDStringDraw                
00002a35  OrbitOledAdvanceCursor        
000017e1  OrbitOledClampXco             
00001801  OrbitOledClampYco             
000021dd  OrbitOledClear                
000021e9  OrbitOledClearBuffer          
00002905  OrbitOledDefUserChar          
00002159  OrbitOledDevInit              
00001623  OrbitOledDrawChar             
000029bd  OrbitOledDrawGlyph            
00000fe7  OrbitOledDrawPixel            
0000112d  OrbitOledDrawRect             
00001683  OrbitOledDrawString           
000020df  OrbitOledDvrInit              
000011b1  OrbitOledFillRect             
000012f5  OrbitOledGetBmp               
0000296d  OrbitOledGetCharUpdate        
000028e9  OrbitOledGetCursor            
00000fe1  OrbitOledGetDrawMode          
00001013  OrbitOledGetPixel             
00000f37  OrbitOledGetPos               
00000f6b  OrbitOledGetStdPattern        
00002015  OrbitOledHostInit             
00002001  OrbitOledInit                 
0000102d  OrbitOledLineTo               
00001779  OrbitOledMoveDown             
000017af  OrbitOledMoveLeft             
000017c7  OrbitOledMoveRight            
00000ef1  OrbitOledMoveTo               
00001741  OrbitOledMoveUp               
00001455  OrbitOledPutBmp               
00002273  OrbitOledPutBuffer            
00002973  OrbitOledPutChar              
00002991  OrbitOledPutString            
000016ef  OrbitOledRopAnd               
000016cb  OrbitOledRopOr                
000016a1  OrbitOledRopSet               
00001713  OrbitOledRopXor               
00002955  OrbitOledSetCharUpdate        
0000289d  OrbitOledSetCursor            
00000f53  OrbitOledSetDrawColor         
00000f8d  OrbitOledSetDrawMode          
00000f7d  OrbitOledSetFillPattern       
00002219  OrbitOledUpdate               
000040a9  ResetISR                      
000040f5  SSIBusy                       
00004111  SSIClockSourceSet             
00003de5  SSIConfigSetExpClk            
00004091  SSIDataGet                    
000040bf  SSIDataPut                    
000040c9  SSIEnable                     
000022d9  Ssi3PutByte                   
000032b5  SysCtlClockGet                
000035e1  SysCtlClockSet                
00004117  SysCtlDelay                   
00003e8d  SysCtlPeripheralEnable        
00003bed  SysCtlPeripheralReset         
00004021  SysTickEnable                 
00004035  SysTickIntEnable              
000023a5  SysTickIntHandler             
00003f79  SysTickIntRegister            
00004059  SysTickPeriodSet              
00003b31  TimerConfigure                
00004069  TimerEnable                   
000040d3  TimerValueGet                 
20000800  __STACK_END                   
00000200  __STACK_SIZE                  
20000800  __STACK_TOP                   
00000100  __SYSMEM_SIZE                 
00004600  __TI_CINIT_Base               
00004618  __TI_CINIT_Limit              
000045e0  __TI_Handler_Table_Base       
000045ec  __TI_Handler_Table_Limit      
00003d61  __TI_auto_init_nobinit_nopinit
00003ac9  __TI_decompress_lzss          
00004077  __TI_decompress_none          
ffffffff  __TI_pprof_out_hndl           
ffffffff  __TI_prof_data_size           
ffffffff  __TI_prof_data_start          
00000000  __TI_static_base__            
0000409d  __TI_zero_init                
00003cd5  __aeabi_d2iz                  
00002e9f  __aeabi_dadd                  
0000304b  __aeabi_ddiv                  
000034e5  __aeabi_dmul                  
00002e95  __aeabi_dsub                  
00003ef5  __aeabi_i2d                   
00003f4f  __aeabi_idiv0                 
00003f4f  __aeabi_ldiv0                 
000039df  __aeabi_memclr                
000039df  __aeabi_memclr4               
000039df  __aeabi_memclr8               
00003943  __aeabi_memcpy                
00003943  __aeabi_memcpy4               
00003943  __aeabi_memcpy8               
000039e1  __aeabi_memset                
000039e1  __aeabi_memset4               
000039e1  __aeabi_memset8               
00003da5  __aeabi_uidiv                 
00003da5  __aeabi_uidivmod              
ffffffff  __binit__                     
ffffffff  __c_args__                    
UNDEFED   __mpu_init                    
20000600  __stack                       
00003ec1  _c_int00_noargs               
20000900  _lock                         
000032b3  _nop                          
20000800  _sys_memory                   
UNDEFED   _system_post_cinit            
00004129  _system_pre_init              
20000904  _unlock                       
0000412d  abort                         
0000237d  acc_buff_write                
000033cd  aligned_alloc                 
ffffffff  binit                         
200005ac  bnOledCur                     
00003e21  calloc                        
0000281f  checkButton                   
200005fc  clrOledCur                    
000037c1  displayUpdate                 
200005b0  dxcoOledFontCur               
200005b4  dycoOledFontCur               
200005b8  fOledCharUpdate               
000036d5  free                          
0000391d  freeCircBuf                   
20000000  g_pfnRAMVectors               
00000000  g_pfnVectors                  
00002da5  getAcclData                   
00002e11  getAcclDataCmS2               
00002ca5  initAccl                      
0000267d  initButtons                   
0000388b  initCircBuf                   
000023c7  initClock                     
000037b9  initDisplay                   
000024c5  main                          
000040fd  malloc                        
000023ed  mean_calc                     
000033cd  memalign                      
00003943  memcpy                        
000039e7  memset                        
200005bc  modOledCur                    
00003809  oled_update                   
00003841  oled_update_line              
200005c0  pbOledCur                     
200005c4  pbOledFontCur                 
200005c8  pbOledFontUser                
200005cc  pbOledPatCur                  
200005d0  pfnDoRop                      
000038e9  readCircBuf                   
00002405  ref_ori_get                   
0000452c  rgbFillPat                    
2000026c  rgbOledBmp                    
00004130  rgbOledFont0                  
2000046c  rgbOledFontUser               
200005d4  run_acc                       
200005d8  run_btn                       
200005dc  run_fsm                       
200005e0  run_oled                      
00001841  state_update                  
00000751  ulocaltime                    
0000094f  umktime                       
0000274b  updateButtons                 
00000ec9  urand                         
00000721  usnprintf                     
000006ef  usprintf                      
00000eb9  usrand                        
00000e31  ustrcasecmp                   
00000ea5  ustrcmp                       
00000d35  ustrlen                       
00000d8d  ustrncasecmp                  
00000e45  ustrncmp                      
0000026d  ustrncpy                      
00000d57  ustrstr                       
00000afd  ustrtof                       
000009c5  ustrtoul                      
000002c5  uvsnprintf                    
000038b5  writeCircBuf                  
200005e4  xchOledCur                    
200005e8  xchOledMax                    
200005ec  xcoOledCur                    
200005f0  ychOledCur                    
200005f4  ychOledMax                    
200005f8  ycoOledCur                    


GLOBAL SYMBOLS: SORTED BY Symbol Address 

address   name                          
-------   ----                          
00000000  __TI_static_base__            
00000000  g_pfnVectors                  
00000100  __SYSMEM_SIZE                 
00000200  __STACK_SIZE                  
0000026d  ustrncpy                      
000002c5  uvsnprintf                    
000006ef  usprintf                      
00000721  usnprintf                     
00000751  ulocaltime                    
0000094f  umktime                       
000009c5  ustrtoul                      
00000afd  ustrtof                       
00000d35  ustrlen                       
00000d57  ustrstr                       
00000d8d  ustrncasecmp                  
00000e31  ustrcasecmp                   
00000e45  ustrncmp                      
00000ea5  ustrcmp                       
00000eb9  usrand                        
00000ec9  urand                         
00000ef1  OrbitOledMoveTo               
00000f37  OrbitOledGetPos               
00000f53  OrbitOledSetDrawColor         
00000f6b  OrbitOledGetStdPattern        
00000f7d  OrbitOledSetFillPattern       
00000f8d  OrbitOledSetDrawMode          
00000fe1  OrbitOledGetDrawMode          
00000fe7  OrbitOledDrawPixel            
00001013  OrbitOledGetPixel             
0000102d  OrbitOledLineTo               
0000112d  OrbitOledDrawRect             
000011b1  OrbitOledFillRect             
000012f5  OrbitOledGetBmp               
00001455  OrbitOledPutBmp               
00001623  OrbitOledDrawChar             
00001683  OrbitOledDrawString           
000016a1  OrbitOledRopSet               
000016cb  OrbitOledRopOr                
000016ef  OrbitOledRopAnd               
00001713  OrbitOledRopXor               
00001741  OrbitOledMoveUp               
00001779  OrbitOledMoveDown             
000017af  OrbitOledMoveLeft             
000017c7  OrbitOledMoveRight            
000017e1  OrbitOledClampXco             
00001801  OrbitOledClampYco             
00001841  state_update                  
00002001  OrbitOledInit                 
00002015  OrbitOledHostInit             
000020df  OrbitOledDvrInit              
00002159  OrbitOledDevInit              
000021dd  OrbitOledClear                
000021e9  OrbitOledClearBuffer          
00002219  OrbitOledUpdate               
00002273  OrbitOledPutBuffer            
000022d9  Ssi3PutByte                   
0000237d  acc_buff_write                
000023a5  SysTickIntHandler             
000023c7  initClock                     
000023ed  mean_calc                     
00002405  ref_ori_get                   
000024c5  main                          
0000267d  initButtons                   
0000274b  updateButtons                 
0000281f  checkButton                   
0000289d  OrbitOledSetCursor            
000028e9  OrbitOledGetCursor            
00002905  OrbitOledDefUserChar          
00002955  OrbitOledSetCharUpdate        
0000296d  OrbitOledGetCharUpdate        
00002973  OrbitOledPutChar              
00002991  OrbitOledPutString            
000029bd  OrbitOledDrawGlyph            
00002a35  OrbitOledAdvanceCursor        
00002aa1  Delay_us                      
00002ad3  I2CGenTransmit                
00002c83  I2CGenIsNotIdle               
00002ca5  initAccl                      
00002da5  getAcclData                   
00002e11  getAcclDataCmS2               
00002e95  __aeabi_dsub                  
00002e9f  __aeabi_dadd                  
0000304b  __aeabi_ddiv                  
00003181  GPIOPadConfigSet              
000032b3  _nop                          
000032b5  SysCtlClockGet                
000033cd  aligned_alloc                 
000033cd  memalign                      
000034e5  __aeabi_dmul                  
000035e1  SysCtlClockSet                
000036d5  free                          
000037b9  initDisplay                   
000037c1  displayUpdate                 
00003809  oled_update                   
00003841  oled_update_line              
0000388b  initCircBuf                   
000038b5  writeCircBuf                  
000038e9  readCircBuf                   
0000391d  freeCircBuf                   
00003943  __aeabi_memcpy                
00003943  __aeabi_memcpy4               
00003943  __aeabi_memcpy8               
00003943  memcpy                        
000039df  __aeabi_memclr                
000039df  __aeabi_memclr4               
000039df  __aeabi_memclr8               
000039e1  __aeabi_memset                
000039e1  __aeabi_memset4               
000039e1  __aeabi_memset8               
000039e7  memset                        
00003ac9  __TI_decompress_lzss          
00003b31  TimerConfigure                
00003b91  DelayInit                     
00003bab  DelayMs                       
00003bed  SysCtlPeripheralReset         
00003c3d  GPIOPinConfigure              
00003c89  I2CMasterInitExpClk           
00003cd5  __aeabi_d2iz                  
00003d1d  OLEDStringDraw                
00003d43  OLEDInitialise                
00003d61  __TI_auto_init_nobinit_nopinit
00003da5  __aeabi_uidiv                 
00003da5  __aeabi_uidivmod              
00003de5  SSIConfigSetExpClk            
00003e21  calloc                        
00003e59  IntRegister                   
00003e8d  SysCtlPeripheralEnable        
00003ec1  _c_int00_noargs               
00003ef5  __aeabi_i2d                   
00003f23  GPIODirModeSet                
00003f4f  __aeabi_idiv0                 
00003f4f  __aeabi_ldiv0                 
00003f79  SysTickIntRegister            
00003fb1  GPIOPinTypeGPIOOutput         
00003fc9  GPIOPinTypeGPIOInput          
00003fdf  GPIOPinTypeI2C                
00003ff5  GPIOPinTypeI2CSCL             
0000400b  GPIOPinTypeSSI                
00004021  SysTickEnable                 
00004035  SysTickIntEnable              
00004049  IntMasterEnable               
00004059  SysTickPeriodSet              
00004069  TimerEnable                   
00004077  __TI_decompress_none          
00004085  CPUcpsie                      
00004091  SSIDataGet                    
0000409d  __TI_zero_init                
000040a9  ResetISR                      
000040b5  I2CMasterEnable               
000040bf  SSIDataPut                    
000040c9  SSIEnable                     
000040d3  TimerValueGet                 
000040dd  I2CMasterBusBusy              
000040e5  I2CMasterBusy                 
000040ed  I2CMasterSlaveAddrSet         
000040f5  SSIBusy                       
000040fd  malloc                        
00004105  GPIOPinRead                   
0000410b  GPIOPinWrite                  
00004111  SSIClockSourceSet             
00004117  SysCtlDelay                   
0000411d  I2CMasterControl              
00004121  I2CMasterDataGet              
00004125  I2CMasterDataPut              
00004129  _system_pre_init              
0000412d  C$$EXIT                       
0000412d  abort                         
00004130  rgbOledFont0                  
0000452c  rgbFillPat                    
000045e0  __TI_Handler_Table_Base       
000045ec  __TI_Handler_Table_Limit      
00004600  __TI_CINIT_Base               
00004618  __TI_CINIT_Limit              
20000000  g_pfnRAMVectors               
2000026c  rgbOledBmp                    
2000046c  rgbOledFontUser               
200005ac  bnOledCur                     
200005b0  dxcoOledFontCur               
200005b4  dycoOledFontCur               
200005b8  fOledCharUpdate               
200005bc  modOledCur                    
200005c0  pbOledCur                     
200005c4  pbOledFontCur                 
200005c8  pbOledFontUser                
200005cc  pbOledPatCur                  
200005d0  pfnDoRop                      
200005d4  run_acc                       
200005d8  run_btn                       
200005dc  run_fsm                       
200005e0  run_oled                      
200005e4  xchOledCur                    
200005e8  xchOledMax                    
200005ec  xcoOledCur                    
200005f0  ychOledCur                    
200005f4  ychOledMax                    
200005f8  ycoOledCur                    
200005fc  clrOledCur                    
20000600  __stack                       
20000800  __STACK_END                   
20000800  __STACK_TOP                   
20000800  _sys_memory                   
20000900  _lock                         
20000904  _unlock                       
ffffffff  __TI_pprof_out_hndl           
ffffffff  __TI_prof_data_size           
ffffffff  __TI_prof_data_start          
ffffffff  __binit__                     
ffffffff  __c_args__                    
ffffffff  binit                         
UNDEFED   __mpu_init                    
UNDEFED   _system_post_cinit            

[211 symbols]
