<?xml version="1.0" encoding="ISO-8859-1" ?>
<link_info>
   <banner>TI ARM Linker PC v18.12.4.LTS</banner>
   <copyright>Copyright (c) 1996-2018 Texas Instruments Incorporated</copyright>
   <link_time>0x5e6b0898</link_time>
   <link_errors>0x0</link_errors>
   <output_file>FitnessTracker.out</output_file>
   <entry_point>
      <name>_c_int00_noargs</name>
      <address>0x31e9</address>
   </entry_point>
   <input_file_list>
      <input_file id="fl-2">
         <path>.\</path>
         <kind>object</kind>
         <file>acc_reader.obj</file>
         <name>acc_reader.obj</name>
      </input_file>
      <input_file id="fl-3">
         <path>.\</path>
         <kind>object</kind>
         <file>buttons4.obj</file>
         <name>buttons4.obj</name>
      </input_file>
      <input_file id="fl-4">
         <path>.\</path>
         <kind>object</kind>
         <file>circBufT.obj</file>
         <name>circBufT.obj</name>
      </input_file>
      <input_file id="fl-5">
         <path>.\</path>
         <kind>object</kind>
         <file>fitness_tracker.obj</file>
         <name>fitness_tracker.obj</name>
      </input_file>
      <input_file id="fl-6">
         <path>.\</path>
         <kind>object</kind>
         <file>i2c_driver.obj</file>
         <name>i2c_driver.obj</name>
      </input_file>
      <input_file id="fl-7">
         <path>.\</path>
         <kind>object</kind>
         <file>tm4c123gh6pm_startup_ccs.obj</file>
         <name>tm4c123gh6pm_startup_ccs.obj</name>
      </input_file>
      <input_file id="fl-8">
         <path>.\</path>
         <kind>object</kind>
         <file>ustdlib.obj</file>
         <name>ustdlib.obj</name>
      </input_file>
      <input_file id="fl-9">
         <path>.\OrbitOLED\</path>
         <kind>object</kind>
         <file>OrbitOLEDInterface.obj</file>
         <name>OrbitOLEDInterface.obj</name>
      </input_file>
      <input_file id="fl-a">
         <path>.\OrbitOLED\lib_OrbitOled\</path>
         <kind>object</kind>
         <file>ChrFont0.obj</file>
         <name>ChrFont0.obj</name>
      </input_file>
      <input_file id="fl-b">
         <path>.\OrbitOLED\lib_OrbitOled\</path>
         <kind>object</kind>
         <file>FillPat.obj</file>
         <name>FillPat.obj</name>
      </input_file>
      <input_file id="fl-c">
         <path>.\OrbitOLED\lib_OrbitOled\</path>
         <kind>object</kind>
         <file>OrbitOled.obj</file>
         <name>OrbitOled.obj</name>
      </input_file>
      <input_file id="fl-d">
         <path>.\OrbitOLED\lib_OrbitOled\</path>
         <kind>object</kind>
         <file>OrbitOledChar.obj</file>
         <name>OrbitOledChar.obj</name>
      </input_file>
      <input_file id="fl-e">
         <path>.\OrbitOLED\lib_OrbitOled\</path>
         <kind>object</kind>
         <file>OrbitOledGrph.obj</file>
         <name>OrbitOledGrph.obj</name>
      </input_file>
      <input_file id="fl-f">
         <path>.\OrbitOLED\lib_OrbitOled\</path>
         <kind>object</kind>
         <file>delay.obj</file>
         <name>delay.obj</name>
      </input_file>
      <input_file id="fl-14">
         <kind>object</kind>
         <file>&lt;internal&gt;</file>
         <name>&lt;internal&gt;</name>
      </input_file>
      <input_file id="fl-ca">
         <path>C:\ti\ccs920\ccs\tools\compiler\ti-cgt-arm_18.12.4.LTS\lib\</path>
         <kind>archive</kind>
         <file>rtsv7M4_T_le_v4SPD16_eabi.lib</file>
         <name>u_divt2.asm.obj</name>
      </input_file>
      <input_file id="fl-cb">
         <path>C:\ti\ccs920\ccs\tools\compiler\ti-cgt-arm_18.12.4.LTS\lib\</path>
         <kind>archive</kind>
         <file>rtsv7M4_T_le_v4SPD16_eabi.lib</file>
         <name>memset_t2.asm.obj</name>
      </input_file>
      <input_file id="fl-cc">
         <path>C:\ti\ccs920\ccs\tools\compiler\ti-cgt-arm_18.12.4.LTS\lib\</path>
         <kind>archive</kind>
         <file>rtsv7M4_T_le_v4SPD16_eabi.lib</file>
         <name>copy_zero_init.c.obj</name>
      </input_file>
      <input_file id="fl-cd">
         <path>C:\ti\ccs920\ccs\tools\compiler\ti-cgt-arm_18.12.4.LTS\lib\</path>
         <kind>archive</kind>
         <file>rtsv7M4_T_le_v4SPD16_eabi.lib</file>
         <name>copy_decompress_none.c.obj</name>
      </input_file>
      <input_file id="fl-ce">
         <path>C:\ti\ccs920\ccs\tools\compiler\ti-cgt-arm_18.12.4.LTS\lib\</path>
         <kind>archive</kind>
         <file>rtsv7M4_T_le_v4SPD16_eabi.lib</file>
         <name>copy_decompress_lzss.c.obj</name>
      </input_file>
      <input_file id="fl-cf">
         <path>C:\ti\ccs920\ccs\tools\compiler\ti-cgt-arm_18.12.4.LTS\lib\</path>
         <kind>archive</kind>
         <file>rtsv7M4_T_le_v4SPD16_eabi.lib</file>
         <name>memory.c.obj</name>
      </input_file>
      <input_file id="fl-d0">
         <path>C:\ti\ccs920\ccs\tools\compiler\ti-cgt-arm_18.12.4.LTS\lib\</path>
         <kind>archive</kind>
         <file>rtsv7M4_T_le_v4SPD16_eabi.lib</file>
         <name>boot_cortex_m.c.obj</name>
      </input_file>
      <input_file id="fl-d1">
         <path>C:\ti\ccs920\ccs\tools\compiler\ti-cgt-arm_18.12.4.LTS\lib\</path>
         <kind>archive</kind>
         <file>rtsv7M4_T_le_v4SPD16_eabi.lib</file>
         <name>div0.asm.obj</name>
      </input_file>
      <input_file id="fl-d2">
         <path>C:\ti\ccs920\ccs\tools\compiler\ti-cgt-arm_18.12.4.LTS\lib\</path>
         <kind>archive</kind>
         <file>rtsv7M4_T_le_v4SPD16_eabi.lib</file>
         <name>memcpy_t2.asm.obj</name>
      </input_file>
      <input_file id="fl-d3">
         <path>C:\ti\ccs920\ccs\tools\compiler\ti-cgt-arm_18.12.4.LTS\lib\</path>
         <kind>archive</kind>
         <file>rtsv7M4_T_le_v4SPD16_eabi.lib</file>
         <name>autoinit.c.obj</name>
      </input_file>
      <input_file id="fl-d4">
         <path>C:\ti\ccs920\ccs\tools\compiler\ti-cgt-arm_18.12.4.LTS\lib\</path>
         <kind>archive</kind>
         <file>rtsv7M4_T_le_v4SPD16_eabi.lib</file>
         <name>pre_init.c.obj</name>
      </input_file>
      <input_file id="fl-d5">
         <path>C:\ti\ccs920\ccs\tools\compiler\ti-cgt-arm_18.12.4.LTS\lib\</path>
         <kind>archive</kind>
         <file>rtsv7M4_T_le_v4SPD16_eabi.lib</file>
         <name>cpy_tbl.c.obj</name>
      </input_file>
      <input_file id="fl-d6">
         <path>C:\ti\ccs920\ccs\tools\compiler\ti-cgt-arm_18.12.4.LTS\lib\</path>
         <kind>archive</kind>
         <file>rtsv7M4_T_le_v4SPD16_eabi.lib</file>
         <name>exit.c.obj</name>
      </input_file>
      <input_file id="fl-d7">
         <path>C:\ti\ccs920\ccs\tools\compiler\ti-cgt-arm_18.12.4.LTS\lib\</path>
         <kind>archive</kind>
         <file>rtsv7M4_T_le_v4SPD16_eabi.lib</file>
         <name>_lock.c.obj</name>
      </input_file>
      <input_file id="fl-d8">
         <path>C:\ti\ccs920\ccs\tools\compiler\ti-cgt-arm_18.12.4.LTS\lib\</path>
         <kind>archive</kind>
         <file>rtsv7M4_T_le_v4SPD16_eabi.lib</file>
         <name>args_main.c.obj</name>
      </input_file>
      <input_file id="fl-d9">
         <path>C:\ti\TivaWare_C_Series-2.1.4.178\driverlib\ccs\Debug\</path>
         <kind>archive</kind>
         <file>driverlib.lib</file>
         <name>gpio.obj</name>
      </input_file>
      <input_file id="fl-da">
         <path>C:\ti\TivaWare_C_Series-2.1.4.178\driverlib\ccs\Debug\</path>
         <kind>archive</kind>
         <file>driverlib.lib</file>
         <name>i2c.obj</name>
      </input_file>
      <input_file id="fl-db">
         <path>C:\ti\TivaWare_C_Series-2.1.4.178\driverlib\ccs\Debug\</path>
         <kind>archive</kind>
         <file>driverlib.lib</file>
         <name>interrupt.obj</name>
      </input_file>
      <input_file id="fl-dc">
         <path>C:\ti\TivaWare_C_Series-2.1.4.178\driverlib\ccs\Debug\</path>
         <kind>archive</kind>
         <file>driverlib.lib</file>
         <name>ssi.obj</name>
      </input_file>
      <input_file id="fl-dd">
         <path>C:\ti\TivaWare_C_Series-2.1.4.178\driverlib\ccs\Debug\</path>
         <kind>archive</kind>
         <file>driverlib.lib</file>
         <name>sysctl.obj</name>
      </input_file>
      <input_file id="fl-de">
         <path>C:\ti\TivaWare_C_Series-2.1.4.178\driverlib\ccs\Debug\</path>
         <kind>archive</kind>
         <file>driverlib.lib</file>
         <name>systick.obj</name>
      </input_file>
      <input_file id="fl-df">
         <path>C:\ti\TivaWare_C_Series-2.1.4.178\driverlib\ccs\Debug\</path>
         <kind>archive</kind>
         <file>driverlib.lib</file>
         <name>timer.obj</name>
      </input_file>
      <input_file id="fl-e0">
         <path>C:\ti\TivaWare_C_Series-2.1.4.178\driverlib\ccs\Debug\</path>
         <kind>archive</kind>
         <file>driverlib.lib</file>
         <name>cpu.obj</name>
      </input_file>
   </input_file_list>
   <object_component_list>
      <object_component id="oc-f">
         <name>.intvecs</name>
         <load_address>0x0</load_address>
         <run_address>0x0</run_address>
         <size>0x26c</size>
         <input_file_ref idref="fl-7"/>
      </object_component>
      <object_component id="oc-10e">
         <name>.text</name>
         <load_address>0x26c</load_address>
         <run_address>0x26c</run_address>
         <size>0xc84</size>
         <input_file_ref idref="fl-8"/>
      </object_component>
      <object_component id="oc-2b1">
         <name>.text</name>
         <load_address>0xef0</load_address>
         <run_address>0xef0</run_address>
         <size>0x950</size>
         <input_file_ref idref="fl-e"/>
      </object_component>
      <object_component id="oc-1cf">
         <name>.text</name>
         <load_address>0x1840</load_address>
         <run_address>0x1840</run_address>
         <size>0x37c</size>
         <input_file_ref idref="fl-c"/>
      </object_component>
      <object_component id="oc-9f">
         <name>.text</name>
         <load_address>0x1bbc</load_address>
         <run_address>0x1bbc</run_address>
         <size>0x2e8</size>
         <input_file_ref idref="fl-5"/>
      </object_component>
      <object_component id="oc-114">
         <name>.text</name>
         <load_address>0x1ea4</load_address>
         <run_address>0x1ea4</run_address>
         <size>0x220</size>
         <input_file_ref idref="fl-3"/>
      </object_component>
      <object_component id="oc-1c9">
         <name>.text</name>
         <load_address>0x20c4</load_address>
         <run_address>0x20c4</run_address>
         <size>0x204</size>
         <input_file_ref idref="fl-d"/>
      </object_component>
      <object_component id="oc-1a3">
         <name>.text</name>
         <load_address>0x22c8</load_address>
         <run_address>0x22c8</run_address>
         <size>0x204</size>
         <input_file_ref idref="fl-6"/>
      </object_component>
      <object_component id="oc-d8">
         <name>.text</name>
         <load_address>0x24cc</load_address>
         <run_address>0x24cc</run_address>
         <size>0x1f0</size>
         <input_file_ref idref="fl-2"/>
      </object_component>
      <object_component id="oc-1f4">
         <name>.text:GPIOPadConfigSet</name>
         <load_address>0x26bc</load_address>
         <run_address>0x26bc</run_address>
         <size>0x132</size>
         <input_file_ref idref="fl-d9"/>
      </object_component>
      <object_component id="oc-32f">
         <name>.text:_nop</name>
         <load_address>0x27ee</load_address>
         <run_address>0x27ee</run_address>
         <size>0x2</size>
         <input_file_ref idref="fl-d7"/>
      </object_component>
      <object_component id="oc-ea">
         <name>.text:SysCtlClockGet</name>
         <load_address>0x27f0</load_address>
         <run_address>0x27f0</run_address>
         <size>0x118</size>
         <input_file_ref idref="fl-dd"/>
      </object_component>
      <object_component id="oc-35e">
         <name>.text:aligned_alloc</name>
         <load_address>0x2908</load_address>
         <run_address>0x2908</run_address>
         <size>0x118</size>
         <input_file_ref idref="fl-cf"/>
      </object_component>
      <object_component id="oc-e4">
         <name>.text:SysCtlClockSet</name>
         <load_address>0x2a20</load_address>
         <run_address>0x2a20</run_address>
         <size>0xf4</size>
         <input_file_ref idref="fl-dd"/>
      </object_component>
      <object_component id="oc-1b0">
         <name>.text:free</name>
         <load_address>0x2b14</load_address>
         <run_address>0x2b14</run_address>
         <size>0xe4</size>
         <input_file_ref idref="fl-cf"/>
      </object_component>
      <object_component id="oc-de">
         <name>.text</name>
         <load_address>0x2bf8</load_address>
         <run_address>0x2bf8</run_address>
         <size>0xb8</size>
         <input_file_ref idref="fl-4"/>
      </object_component>
      <object_component id="oc-3b">
         <name>.text</name>
         <load_address>0x2cb0</load_address>
         <run_address>0x2cb0</run_address>
         <size>0x9c</size>
         <input_file_ref idref="fl-d2"/>
      </object_component>
      <object_component id="oc-93">
         <name>.text</name>
         <load_address>0x2d4c</load_address>
         <run_address>0x2d4c</run_address>
         <size>0x7a</size>
         <input_file_ref idref="fl-cb"/>
      </object_component>
      <object_component id="oc-30f">
         <name>.text</name>
         <load_address>0x2dc6</load_address>
         <run_address>0x2dc6</run_address>
         <size>0x2</size>
         <input_file_ref idref="fl-d1"/>
      </object_component>
      <object_component id="oc-3ad">
         <name>.text:split</name>
         <load_address>0x2dc8</load_address>
         <run_address>0x2dc8</run_address>
         <size>0x70</size>
         <input_file_ref idref="fl-cf"/>
      </object_component>
      <object_component id="oc-12">
         <name>.text:decompress:lzss:__TI_decompress_lzss</name>
         <load_address>0x2e38</load_address>
         <run_address>0x2e38</run_address>
         <size>0x68</size>
         <input_file_ref idref="fl-ce"/>
      </object_component>
      <object_component id="oc-37a">
         <name>.text:TimerConfigure</name>
         <load_address>0x2ea0</load_address>
         <run_address>0x2ea0</run_address>
         <size>0x60</size>
         <input_file_ref idref="fl-df"/>
      </object_component>
      <object_component id="oc-2c6">
         <name>.text</name>
         <load_address>0x2f00</load_address>
         <run_address>0x2f00</run_address>
         <size>0x5c</size>
         <input_file_ref idref="fl-f"/>
      </object_component>
      <object_component id="oc-17f">
         <name>.text:SysCtlPeripheralReset</name>
         <load_address>0x2f5c</load_address>
         <run_address>0x2f5c</run_address>
         <size>0x50</size>
         <input_file_ref idref="fl-dd"/>
      </object_component>
      <object_component id="oc-191">
         <name>.text:GPIOPinConfigure</name>
         <load_address>0x2fac</load_address>
         <run_address>0x2fac</run_address>
         <size>0x4c</size>
         <input_file_ref idref="fl-d9"/>
      </object_component>
      <object_component id="oc-197">
         <name>.text:I2CMasterInitExpClk</name>
         <load_address>0x2ff8</load_address>
         <run_address>0x2ff8</run_address>
         <size>0x4c</size>
         <input_file_ref idref="fl-da"/>
      </object_component>
      <object_component id="oc-108">
         <name>.text</name>
         <load_address>0x3044</load_address>
         <run_address>0x3044</run_address>
         <size>0x44</size>
         <input_file_ref idref="fl-9"/>
      </object_component>
      <object_component id="oc-140">
         <name>.text:__TI_auto_init_nobinit_nopinit:__TI_auto_init_nobinit_nopinit</name>
         <load_address>0x3088</load_address>
         <run_address>0x3088</run_address>
         <size>0x44</size>
         <input_file_ref idref="fl-d3"/>
      </object_component>
      <object_component id="oc-1d7">
         <name>.text</name>
         <load_address>0x30cc</load_address>
         <run_address>0x30cc</run_address>
         <size>0x40</size>
         <input_file_ref idref="fl-ca"/>
      </object_component>
      <object_component id="oc-2d8">
         <name>.text:SSIConfigSetExpClk</name>
         <load_address>0x310c</load_address>
         <run_address>0x310c</run_address>
         <size>0x3c</size>
         <input_file_ref idref="fl-dc"/>
      </object_component>
      <object_component id="oc-1aa">
         <name>.text:calloc</name>
         <load_address>0x3148</load_address>
         <run_address>0x3148</run_address>
         <size>0x38</size>
         <input_file_ref idref="fl-cf"/>
      </object_component>
      <object_component id="oc-1c0">
         <name>.text:IntRegister</name>
         <load_address>0x3180</load_address>
         <run_address>0x3180</run_address>
         <size>0x34</size>
         <input_file_ref idref="fl-db"/>
      </object_component>
      <object_component id="oc-179">
         <name>.text:SysCtlPeripheralEnable</name>
         <load_address>0x31b4</load_address>
         <run_address>0x31b4</run_address>
         <size>0x34</size>
         <input_file_ref idref="fl-dd"/>
      </object_component>
      <object_component id="oc-59">
         <name>.text:_c_int00_noargs:_c_int00_noargs</name>
         <load_address>0x31e8</load_address>
         <run_address>0x31e8</run_address>
         <size>0x34</size>
         <input_file_ref idref="fl-d0"/>
      </object_component>
      <object_component id="oc-24b">
         <name>.text:GPIODirModeSet</name>
         <load_address>0x321c</load_address>
         <run_address>0x321c</run_address>
         <size>0x2c</size>
         <input_file_ref idref="fl-d9"/>
      </object_component>
      <object_component id="oc-294">
         <name>.text:free_list_insert</name>
         <load_address>0x3248</load_address>
         <run_address>0x3248</run_address>
         <size>0x28</size>
         <input_file_ref idref="fl-cf"/>
      </object_component>
      <object_component id="oc-f6">
         <name>.text:SysTickIntRegister</name>
         <load_address>0x3270</load_address>
         <run_address>0x3270</run_address>
         <size>0x1c</size>
         <input_file_ref idref="fl-de"/>
      </object_component>
      <object_component id="oc-28e">
         <name>.text:free_list_remove</name>
         <load_address>0x328c</load_address>
         <run_address>0x328c</run_address>
         <size>0x1c</size>
         <input_file_ref idref="fl-cf"/>
      </object_component>
      <object_component id="oc-2ea">
         <name>.text:GPIOPinTypeGPIOOutput</name>
         <load_address>0x32a8</load_address>
         <run_address>0x32a8</run_address>
         <size>0x18</size>
         <input_file_ref idref="fl-d9"/>
      </object_component>
      <object_component id="oc-19d">
         <name>.text:GPIOPinTypeGPIOInput</name>
         <load_address>0x32c0</load_address>
         <run_address>0x32c0</run_address>
         <size>0x16</size>
         <input_file_ref idref="fl-d9"/>
      </object_component>
      <object_component id="oc-185">
         <name>.text:GPIOPinTypeI2C</name>
         <load_address>0x32d6</load_address>
         <run_address>0x32d6</run_address>
         <size>0x16</size>
         <input_file_ref idref="fl-d9"/>
      </object_component>
      <object_component id="oc-18b">
         <name>.text:GPIOPinTypeI2CSCL</name>
         <load_address>0x32ec</load_address>
         <run_address>0x32ec</run_address>
         <size>0x16</size>
         <input_file_ref idref="fl-d9"/>
      </object_component>
      <object_component id="oc-2cc">
         <name>.text:GPIOPinTypeSSI</name>
         <load_address>0x3302</load_address>
         <run_address>0x3302</run_address>
         <size>0x16</size>
         <input_file_ref idref="fl-d9"/>
      </object_component>
      <object_component id="oc-102">
         <name>.text:SysTickEnable</name>
         <load_address>0x3318</load_address>
         <run_address>0x3318</run_address>
         <size>0x14</size>
         <input_file_ref idref="fl-de"/>
      </object_component>
      <object_component id="oc-fc">
         <name>.text:SysTickIntEnable</name>
         <load_address>0x332c</load_address>
         <run_address>0x332c</run_address>
         <size>0x14</size>
         <input_file_ref idref="fl-de"/>
      </object_component>
      <object_component id="oc-11a">
         <name>.text:IntMasterEnable</name>
         <load_address>0x3340</load_address>
         <run_address>0x3340</run_address>
         <size>0x10</size>
         <input_file_ref idref="fl-db"/>
      </object_component>
      <object_component id="oc-f0">
         <name>.text:SysTickPeriodSet</name>
         <load_address>0x3350</load_address>
         <run_address>0x3350</run_address>
         <size>0x10</size>
         <input_file_ref idref="fl-de"/>
      </object_component>
      <object_component id="oc-380">
         <name>.text:TimerEnable</name>
         <load_address>0x3360</load_address>
         <run_address>0x3360</run_address>
         <size>0xe</size>
         <input_file_ref idref="fl-df"/>
      </object_component>
      <object_component id="oc-18">
         <name>.text:decompress:none:__TI_decompress_none</name>
         <load_address>0x336e</load_address>
         <run_address>0x336e</run_address>
         <size>0xe</size>
         <input_file_ref idref="fl-cd"/>
      </object_component>
      <object_component id="oc-20e">
         <name>.text:CPUcpsie</name>
         <load_address>0x337c</load_address>
         <run_address>0x337c</run_address>
         <size>0xc</size>
         <input_file_ref idref="fl-e0"/>
      </object_component>
      <object_component id="oc-2fc">
         <name>.text:SSIDataGet</name>
         <load_address>0x3388</load_address>
         <run_address>0x3388</run_address>
         <size>0xc</size>
         <input_file_ref idref="fl-dc"/>
      </object_component>
      <object_component id="oc-4d">
         <name>.text:decompress:ZI:__TI_zero_init</name>
         <load_address>0x3394</load_address>
         <run_address>0x3394</run_address>
         <size>0xc</size>
         <input_file_ref idref="fl-cc"/>
      </object_component>
      <object_component id="oc-27">
         <name>.text</name>
         <load_address>0x33a0</load_address>
         <run_address>0x33a0</run_address>
         <size>0xc</size>
         <input_file_ref idref="fl-7"/>
      </object_component>
      <object_component id="oc-258">
         <name>.text:I2CMasterEnable</name>
         <load_address>0x33ac</load_address>
         <run_address>0x33ac</run_address>
         <size>0xa</size>
         <input_file_ref idref="fl-da"/>
      </object_component>
      <object_component id="oc-2f6">
         <name>.text:SSIDataPut</name>
         <load_address>0x33b6</load_address>
         <run_address>0x33b6</run_address>
         <size>0xa</size>
         <input_file_ref idref="fl-dc"/>
      </object_component>
      <object_component id="oc-2de">
         <name>.text:SSIEnable</name>
         <load_address>0x33c0</load_address>
         <run_address>0x33c0</run_address>
         <size>0xa</size>
         <input_file_ref idref="fl-dc"/>
      </object_component>
      <object_component id="oc-386">
         <name>.text:TimerValueGet</name>
         <load_address>0x33ca</load_address>
         <run_address>0x33ca</run_address>
         <size>0xa</size>
         <input_file_ref idref="fl-df"/>
      </object_component>
      <object_component id="oc-27f">
         <name>.text:I2CMasterBusBusy</name>
         <load_address>0x33d4</load_address>
         <run_address>0x33d4</run_address>
         <size>0x8</size>
         <input_file_ref idref="fl-da"/>
      </object_component>
      <object_component id="oc-273">
         <name>.text:I2CMasterBusy</name>
         <load_address>0x33dc</load_address>
         <run_address>0x33dc</run_address>
         <size>0x8</size>
         <input_file_ref idref="fl-da"/>
      </object_component>
      <object_component id="oc-261">
         <name>.text:I2CMasterSlaveAddrSet</name>
         <load_address>0x33e4</load_address>
         <run_address>0x33e4</run_address>
         <size>0x8</size>
         <input_file_ref idref="fl-da"/>
      </object_component>
      <object_component id="oc-2f0">
         <name>.text:SSIBusy</name>
         <load_address>0x33ec</load_address>
         <run_address>0x33ec</run_address>
         <size>0x8</size>
         <input_file_ref idref="fl-dc"/>
      </object_component>
      <object_component id="oc-287">
         <name>.text:malloc</name>
         <load_address>0x33f4</load_address>
         <run_address>0x33f4</run_address>
         <size>0x8</size>
         <input_file_ref idref="fl-cf"/>
      </object_component>
      <object_component id="oc-1fa">
         <name>.text:GPIOPinRead</name>
         <load_address>0x33fc</load_address>
         <run_address>0x33fc</run_address>
         <size>0x6</size>
         <input_file_ref idref="fl-d9"/>
      </object_component>
      <object_component id="oc-2e4">
         <name>.text:GPIOPinWrite</name>
         <load_address>0x3402</load_address>
         <run_address>0x3402</run_address>
         <size>0x6</size>
         <input_file_ref idref="fl-d9"/>
      </object_component>
      <object_component id="oc-2d2">
         <name>.text:SSIClockSourceSet</name>
         <load_address>0x3408</load_address>
         <run_address>0x3408</run_address>
         <size>0x6</size>
         <input_file_ref idref="fl-dc"/>
      </object_component>
      <object_component id="oc-120">
         <name>.text:SysCtlDelay</name>
         <load_address>0x340e</load_address>
         <run_address>0x340e</run_address>
         <size>0x6</size>
         <input_file_ref idref="fl-dd"/>
      </object_component>
      <object_component id="oc-26d">
         <name>.text:I2CMasterControl</name>
         <load_address>0x3414</load_address>
         <run_address>0x3414</run_address>
         <size>0x4</size>
         <input_file_ref idref="fl-da"/>
      </object_component>
      <object_component id="oc-279">
         <name>.text:I2CMasterDataGet</name>
         <load_address>0x3418</load_address>
         <run_address>0x3418</run_address>
         <size>0x4</size>
         <input_file_ref idref="fl-da"/>
      </object_component>
      <object_component id="oc-267">
         <name>.text:I2CMasterDataPut</name>
         <load_address>0x341c</load_address>
         <run_address>0x341c</run_address>
         <size>0x4</size>
         <input_file_ref idref="fl-da"/>
      </object_component>
      <object_component id="oc-99">
         <name>.text:_system_pre_init</name>
         <load_address>0x3420</load_address>
         <run_address>0x3420</run_address>
         <size>0x4</size>
         <input_file_ref idref="fl-d4"/>
      </object_component>
      <object_component id="oc-134">
         <name>.text:abort:abort</name>
         <load_address>0x3424</load_address>
         <run_address>0x3424</run_address>
         <size>0x4</size>
         <input_file_ref idref="fl-d6"/>
      </object_component>
      <object_component id="oc-302">
         <name>.const:.string:rgbOledFont0</name>
         <load_address>0x3428</load_address>
         <run_address>0x3428</run_address>
         <size>0x300</size>
         <input_file_ref idref="fl-a"/>
      </object_component>
      <object_component id="oc-254">
         <name>.const:g_pui32GPIOBaseAddrs</name>
         <load_address>0x3728</load_address>
         <run_address>0x3728</run_address>
         <size>0x90</size>
         <input_file_ref idref="fl-d9"/>
      </object_component>
      <object_component id="oc-1ba">
         <name>.const:g_pui32Xtals</name>
         <load_address>0x37b8</load_address>
         <run_address>0x37b8</run_address>
         <size>0x6c</size>
         <input_file_ref idref="fl-dd"/>
      </object_component>
      <object_component id="oc-308">
         <name>.const:.string:rgbFillPat</name>
         <load_address>0x3824</load_address>
         <run_address>0x3824</run_address>
         <size>0x40</size>
         <input_file_ref idref="fl-b"/>
      </object_component>
      <object_component id="oc-1df">
         <name>.const:g_psDaysToMonth</name>
         <load_address>0x3864</load_address>
         <run_address>0x3864</run_address>
         <size>0x30</size>
         <input_file_ref idref="fl-8"/>
      </object_component>
      <object_component id="oc-1e2">
         <name>.const:g_pfExponents</name>
         <load_address>0x3894</load_address>
         <run_address>0x3894</run_address>
         <size>0x18</size>
         <input_file_ref idref="fl-8"/>
      </object_component>
      <object_component id="oc-315">
         <name>.const:.string</name>
         <load_address>0x38ac</load_address>
         <run_address>0x38ac</run_address>
         <size>0x12</size>
         <input_file_ref idref="fl-8"/>
      </object_component>
      <object_component id="oc-1dc">
         <name>.const</name>
         <load_address>0x38c0</load_address>
         <run_address>0x38c0</run_address>
         <size>0x4</size>
         <input_file_ref idref="fl-8"/>
      </object_component>
      <object_component id="oc-3ef">
         <name>.cinit..data.load</name>
         <load_address>0x38c8</load_address>
         <run_address>0x38c8</run_address>
         <size>0x10</size>
      </object_component>
      <object_component id="oc-3ec">
         <name>__TI_handler_table</name>
         <load_address>0x38d8</load_address>
         <run_address>0x38d8</run_address>
         <size>0xc</size>
      </object_component>
      <object_component id="oc-3f0">
         <name>.cinit..bss.load</name>
         <load_address>0x38e8</load_address>
         <run_address>0x38e8</run_address>
         <size>0x8</size>
      </object_component>
      <object_component id="oc-3ee">
         <name>.cinit..vtable.load</name>
         <load_address>0x38f0</load_address>
         <run_address>0x38f0</run_address>
         <size>0x8</size>
      </object_component>
      <object_component id="oc-3ed">
         <name>__TI_cinit_table</name>
         <load_address>0x38f8</load_address>
         <run_address>0x38f8</run_address>
         <size>0x18</size>
      </object_component>
      <object_component id="oc-2ac">
         <name>.vtable</name>
         <uninitialized>true</uninitialized>
         <run_address>0x20000000</run_address>
         <size>0x26c</size>
         <input_file_ref idref="fl-db"/>
      </object_component>
      <object_component id="oc-1e5">
         <name>.data</name>
         <load_address>0x20000908</load_address>
         <run_address>0x20000908</run_address>
         <size>0x4</size>
         <input_file_ref idref="fl-8"/>
      </object_component>
      <object_component id="oc-365">
         <name>.data:$O1$$</name>
         <load_address>0x20000900</load_address>
         <run_address>0x20000900</run_address>
         <size>0x8</size>
         <input_file_ref idref="fl-cf"/>
      </object_component>
      <object_component id="oc-22d">
         <name>.data:$O1$$</name>
         <load_address>0x200008f8</load_address>
         <run_address>0x200008f8</run_address>
         <size>0x8</size>
         <input_file_ref idref="fl-d7"/>
      </object_component>
      <object_component id="oc-203">
         <name>.bss:but_state</name>
         <uninitialized>true</uninitialized>
         <run_address>0x200005ad</run_address>
         <size>0x4</size>
         <input_file_ref idref="fl-3"/>
      </object_component>
      <object_component id="oc-206">
         <name>.bss:but_count</name>
         <uninitialized>true</uninitialized>
         <run_address>0x200005a1</run_address>
         <size>0x4</size>
         <input_file_ref idref="fl-3"/>
      </object_component>
      <object_component id="oc-209">
         <name>.bss:but_flag</name>
         <uninitialized>true</uninitialized>
         <run_address>0x200005a5</run_address>
         <size>0x4</size>
         <input_file_ref idref="fl-3"/>
      </object_component>
      <object_component id="oc-200">
         <name>.bss:but_normal</name>
         <uninitialized>true</uninitialized>
         <run_address>0x200005a9</run_address>
         <size>0x4</size>
         <input_file_ref idref="fl-3"/>
      </object_component>
      <object_component id="oc-121">
         <name>.bss:circbuf_x</name>
         <uninitialized>true</uninitialized>
         <run_address>0x2000056c</run_address>
         <size>0x10</size>
         <input_file_ref idref="fl-5"/>
      </object_component>
      <object_component id="oc-124">
         <name>.bss:circbuf_y</name>
         <uninitialized>true</uninitialized>
         <run_address>0x2000057c</run_address>
         <size>0x10</size>
         <input_file_ref idref="fl-5"/>
      </object_component>
      <object_component id="oc-127">
         <name>.bss:circbuf_z</name>
         <uninitialized>true</uninitialized>
         <run_address>0x2000058c</run_address>
         <size>0x10</size>
         <input_file_ref idref="fl-5"/>
      </object_component>
      <object_component id="oc-12a">
         <name>.bss</name>
         <uninitialized>true</uninitialized>
         <run_address>0x2000059c</run_address>
         <size>0x5</size>
         <input_file_ref idref="fl-5"/>
      </object_component>
      <object_component id="oc-36e">
         <name>.common:xcoOledCur</name>
         <uninitialized>true</uninitialized>
         <run_address>0x200005e4</run_address>
         <size>0x4</size>
      </object_component>
      <object_component id="oc-36f">
         <name>.common:ycoOledCur</name>
         <uninitialized>true</uninitialized>
         <run_address>0x200005f0</run_address>
         <size>0x4</size>
      </object_component>
      <object_component id="oc-2c4">
         <name>.common:pbOledCur</name>
         <uninitialized>true</uninitialized>
         <run_address>0x200005c8</run_address>
         <size>0x4</size>
      </object_component>
      <object_component id="oc-370">
         <name>.common:bnOledCur</name>
         <uninitialized>true</uninitialized>
         <run_address>0x200005b4</run_address>
         <size>0x4</size>
      </object_component>
      <object_component id="oc-306">
         <name>.common:clrOledCur</name>
         <uninitialized>true</uninitialized>
         <run_address>0x200005b1</run_address>
         <size>0x1</size>
      </object_component>
      <object_component id="oc-307">
         <name>.common:pbOledPatCur</name>
         <uninitialized>true</uninitialized>
         <run_address>0x200005d4</run_address>
         <size>0x4</size>
      </object_component>
      <object_component id="oc-2c2">
         <name>.common:fOledCharUpdate</name>
         <uninitialized>true</uninitialized>
         <run_address>0x200005c0</run_address>
         <size>0x4</size>
      </object_component>
      <object_component id="oc-2bd">
         <name>.common:dxcoOledFontCur</name>
         <uninitialized>true</uninitialized>
         <run_address>0x200005b8</run_address>
         <size>0x4</size>
      </object_component>
      <object_component id="oc-2c0">
         <name>.common:dycoOledFontCur</name>
         <uninitialized>true</uninitialized>
         <run_address>0x200005bc</run_address>
         <size>0x4</size>
      </object_component>
      <object_component id="oc-2c3">
         <name>.common:pbOledFontCur</name>
         <uninitialized>true</uninitialized>
         <run_address>0x200005cc</run_address>
         <size>0x4</size>
      </object_component>
      <object_component id="oc-2c1">
         <name>.common:pbOledFontUser</name>
         <uninitialized>true</uninitialized>
         <run_address>0x200005d0</run_address>
         <size>0x4</size>
      </object_component>
      <object_component id="oc-30b">
         <name>.common:rgbOledBmp</name>
         <uninitialized>true</uninitialized>
         <run_address>0x2000026c</run_address>
         <size>0x200</size>
      </object_component>
      <object_component id="oc-2bb">
         <name>.common:xchOledCur</name>
         <uninitialized>true</uninitialized>
         <run_address>0x200005dc</run_address>
         <size>0x4</size>
      </object_component>
      <object_component id="oc-2bc">
         <name>.common:ychOledCur</name>
         <uninitialized>true</uninitialized>
         <run_address>0x200005e8</run_address>
         <size>0x4</size>
      </object_component>
      <object_component id="oc-2b7">
         <name>.common:xchOledMax</name>
         <uninitialized>true</uninitialized>
         <run_address>0x200005e0</run_address>
         <size>0x4</size>
      </object_component>
      <object_component id="oc-2ba">
         <name>.common:ychOledMax</name>
         <uninitialized>true</uninitialized>
         <run_address>0x200005ec</run_address>
         <size>0x4</size>
      </object_component>
      <object_component id="oc-305">
         <name>.common:rgbOledFontUser</name>
         <uninitialized>true</uninitialized>
         <run_address>0x2000046c</run_address>
         <size>0x100</size>
      </object_component>
      <object_component id="oc-374">
         <name>.common:pfnDoRop</name>
         <uninitialized>true</uninitialized>
         <run_address>0x200005d8</run_address>
         <size>0x4</size>
      </object_component>
      <object_component id="oc-371">
         <name>.common:modOledCur</name>
         <uninitialized>true</uninitialized>
         <run_address>0x200005c4</run_address>
         <size>0x4</size>
      </object_component>
      <object_component id="oc-21">
         <name>.sysmem</name>
         <uninitialized>true</uninitialized>
         <run_address>0x200007f8</run_address>
         <size>0x10</size>
         <input_file_ref idref="fl-cf"/>
      </object_component>
      <object_component id="oc-3f2">
         <name>.sysmem</name>
         <uninitialized>true</uninitialized>
         <run_address>0x200007f8</run_address>
         <size>0x0</size>
      </object_component>
      <object_component id="oc-24">
         <name>.stack</name>
         <uninitialized>true</uninitialized>
         <run_address>0x200005f8</run_address>
         <size>0x4</size>
         <input_file_ref idref="fl-d0"/>
      </object_component>
      <object_component id="oc-3f1">
         <name>.stack</name>
         <uninitialized>true</uninitialized>
         <run_address>0x200005f8</run_address>
         <size>0x0</size>
      </object_component>
      <object_component id="oc-c7">
         <name>.debug_info</name>
         <load_address>0x0</load_address>
         <run_address>0x0</run_address>
         <size>0x4dd</size>
         <input_file_ref idref="fl-2"/>
      </object_component>
      <object_component id="oc-dc">
         <name>.debug_info</name>
         <load_address>0x4dd</load_address>
         <run_address>0x4dd</run_address>
         <size>0x475</size>
         <input_file_ref idref="fl-2"/>
      </object_component>
      <object_component id="oc-12e">
         <name>.debug_info</name>
         <load_address>0x952</load_address>
         <run_address>0x952</run_address>
         <size>0x72</size>
         <input_file_ref idref="fl-2"/>
      </object_component>
      <object_component id="oc-74">
         <name>.debug_info</name>
         <load_address>0x9c4</load_address>
         <run_address>0x9c4</run_address>
         <size>0x26b</size>
         <input_file_ref idref="fl-2"/>
      </object_component>
      <object_component id="oc-224">
         <name>.debug_info</name>
         <load_address>0xc2f</load_address>
         <run_address>0xc2f</run_address>
         <size>0x110</size>
         <input_file_ref idref="fl-2"/>
      </object_component>
      <object_component id="oc-c2">
         <name>.debug_info</name>
         <load_address>0xd3f</load_address>
         <run_address>0xd3f</run_address>
         <size>0x8b</size>
         <input_file_ref idref="fl-2"/>
      </object_component>
      <object_component id="oc-bd">
         <name>.debug_info</name>
         <load_address>0xdca</load_address>
         <run_address>0xdca</run_address>
         <size>0x297</size>
         <input_file_ref idref="fl-2"/>
      </object_component>
      <object_component id="oc-2a3">
         <name>.debug_info</name>
         <load_address>0x1061</load_address>
         <run_address>0x1061</run_address>
         <size>0xef</size>
         <input_file_ref idref="fl-2"/>
      </object_component>
      <object_component id="oc-79">
         <name>.debug_info</name>
         <load_address>0x1150</load_address>
         <run_address>0x1150</run_address>
         <size>0xbb</size>
         <input_file_ref idref="fl-2"/>
      </object_component>
      <object_component id="oc-1ef">
         <name>.debug_info</name>
         <load_address>0x120b</load_address>
         <run_address>0x120b</run_address>
         <size>0x2c</size>
         <input_file_ref idref="fl-2"/>
      </object_component>
      <object_component id="oc-174">
         <name>.debug_info</name>
         <load_address>0x1237</load_address>
         <run_address>0x1237</run_address>
         <size>0x35</size>
         <input_file_ref idref="fl-2"/>
      </object_component>
      <object_component id="oc-20d">
         <name>.debug_info</name>
         <load_address>0x126c</load_address>
         <run_address>0x126c</run_address>
         <size>0x368</size>
         <input_file_ref idref="fl-3"/>
      </object_component>
      <object_component id="oc-204">
         <name>.debug_info</name>
         <load_address>0x15d4</load_address>
         <run_address>0x15d4</run_address>
         <size>0xd2</size>
         <input_file_ref idref="fl-3"/>
      </object_component>
      <object_component id="oc-207">
         <name>.debug_info</name>
         <load_address>0x16a6</load_address>
         <run_address>0x16a6</run_address>
         <size>0xd2</size>
         <input_file_ref idref="fl-3"/>
      </object_component>
      <object_component id="oc-20a">
         <name>.debug_info</name>
         <load_address>0x1778</load_address>
         <run_address>0x1778</run_address>
         <size>0xd0</size>
         <input_file_ref idref="fl-3"/>
      </object_component>
      <object_component id="oc-201">
         <name>.debug_info</name>
         <load_address>0x1848</load_address>
         <run_address>0x1848</run_address>
         <size>0xd4</size>
         <input_file_ref idref="fl-3"/>
      </object_component>
      <object_component id="oc-115">
         <name>.debug_info</name>
         <load_address>0x191c</load_address>
         <run_address>0x191c</run_address>
         <size>0x39a</size>
         <input_file_ref idref="fl-3"/>
      </object_component>
      <object_component id="oc-1b7">
         <name>.debug_info</name>
         <load_address>0x1cb6</load_address>
         <run_address>0x1cb6</run_address>
         <size>0x2d7</size>
         <input_file_ref idref="fl-4"/>
      </object_component>
      <object_component id="oc-df">
         <name>.debug_info</name>
         <load_address>0x1f8d</load_address>
         <run_address>0x1f8d</run_address>
         <size>0x328</size>
         <input_file_ref idref="fl-4"/>
      </object_component>
      <object_component id="oc-217">
         <name>.debug_info</name>
         <load_address>0x22b5</load_address>
         <run_address>0x22b5</run_address>
         <size>0x86</size>
         <input_file_ref idref="fl-4"/>
      </object_component>
      <object_component id="oc-36">
         <name>.debug_info</name>
         <load_address>0x233b</load_address>
         <run_address>0x233b</run_address>
         <size>0x84</size>
         <input_file_ref idref="fl-4"/>
      </object_component>
      <object_component id="oc-133">
         <name>.debug_info</name>
         <load_address>0x23bf</load_address>
         <run_address>0x23bf</run_address>
         <size>0x5f8</size>
         <input_file_ref idref="fl-5"/>
      </object_component>
      <object_component id="oc-122">
         <name>.debug_info</name>
         <load_address>0x29b7</load_address>
         <run_address>0x29b7</run_address>
         <size>0xd9</size>
         <input_file_ref idref="fl-5"/>
      </object_component>
      <object_component id="oc-125">
         <name>.debug_info</name>
         <load_address>0x2a90</load_address>
         <run_address>0x2a90</run_address>
         <size>0xd9</size>
         <input_file_ref idref="fl-5"/>
      </object_component>
      <object_component id="oc-128">
         <name>.debug_info</name>
         <load_address>0x2b69</load_address>
         <run_address>0x2b69</run_address>
         <size>0xd9</size>
         <input_file_ref idref="fl-5"/>
      </object_component>
      <object_component id="oc-12b">
         <name>.debug_info</name>
         <load_address>0x2c42</load_address>
         <run_address>0x2c42</run_address>
         <size>0x113</size>
         <input_file_ref idref="fl-5"/>
      </object_component>
      <object_component id="oc-a0">
         <name>.debug_info</name>
         <load_address>0x2d55</load_address>
         <run_address>0x2d55</run_address>
         <size>0x90b</size>
         <input_file_ref idref="fl-5"/>
      </object_component>
      <object_component id="oc-286">
         <name>.debug_info</name>
         <load_address>0x3660</load_address>
         <run_address>0x3660</run_address>
         <size>0x3ba</size>
         <input_file_ref idref="fl-6"/>
      </object_component>
      <object_component id="oc-1a7">
         <name>.debug_info</name>
         <load_address>0x3a1a</load_address>
         <run_address>0x3a1a</run_address>
         <size>0x539</size>
         <input_file_ref idref="fl-6"/>
      </object_component>
      <object_component id="oc-2f">
         <name>.debug_info</name>
         <load_address>0x3f53</load_address>
         <run_address>0x3f53</run_address>
         <size>0x2aa</size>
         <input_file_ref idref="fl-7"/>
      </object_component>
      <object_component id="oc-10">
         <name>.debug_info</name>
         <load_address>0x41fd</load_address>
         <run_address>0x41fd</run_address>
         <size>0xe9</size>
         <input_file_ref idref="fl-7"/>
      </object_component>
      <object_component id="oc-29">
         <name>.debug_info</name>
         <load_address>0x42e6</load_address>
         <run_address>0x42e6</run_address>
         <size>0x265</size>
         <input_file_ref idref="fl-7"/>
      </object_component>
      <object_component id="oc-1e9">
         <name>.debug_info</name>
         <load_address>0x454b</load_address>
         <run_address>0x454b</run_address>
         <size>0x2eb</size>
         <input_file_ref idref="fl-8"/>
      </object_component>
      <object_component id="oc-1dd">
         <name>.debug_info</name>
         <load_address>0x4836</load_address>
         <run_address>0x4836</run_address>
         <size>0xf2</size>
         <input_file_ref idref="fl-8"/>
      </object_component>
      <object_component id="oc-1e0">
         <name>.debug_info</name>
         <load_address>0x4928</load_address>
         <run_address>0x4928</run_address>
         <size>0x103</size>
         <input_file_ref idref="fl-8"/>
      </object_component>
      <object_component id="oc-1e3">
         <name>.debug_info</name>
         <load_address>0x4a2b</load_address>
         <run_address>0x4a2b</run_address>
         <size>0xff</size>
         <input_file_ref idref="fl-8"/>
      </object_component>
      <object_component id="oc-1e6">
         <name>.debug_info</name>
         <load_address>0x4b2a</load_address>
         <run_address>0x4b2a</run_address>
         <size>0xff</size>
         <input_file_ref idref="fl-8"/>
      </object_component>
      <object_component id="oc-110">
         <name>.debug_info</name>
         <load_address>0x4c29</load_address>
         <run_address>0x4c29</run_address>
         <size>0x135b</size>
         <input_file_ref idref="fl-8"/>
      </object_component>
      <object_component id="oc-1ea">
         <name>.debug_info</name>
         <load_address>0x5f84</load_address>
         <run_address>0x5f84</run_address>
         <size>0x196</size>
         <input_file_ref idref="fl-8"/>
      </object_component>
      <object_component id="oc-1d6">
         <name>.debug_info</name>
         <load_address>0x611a</load_address>
         <run_address>0x611a</run_address>
         <size>0x35d</size>
         <input_file_ref idref="fl-9"/>
      </object_component>
      <object_component id="oc-109">
         <name>.debug_info</name>
         <load_address>0x6477</load_address>
         <run_address>0x6477</run_address>
         <size>0x35c</size>
         <input_file_ref idref="fl-9"/>
      </object_component>
      <object_component id="oc-399">
         <name>.debug_info</name>
         <load_address>0x67d3</load_address>
         <run_address>0x67d3</run_address>
         <size>0xf2</size>
         <input_file_ref idref="fl-a"/>
      </object_component>
      <object_component id="oc-303">
         <name>.debug_info</name>
         <load_address>0x68c5</load_address>
         <run_address>0x68c5</run_address>
         <size>0x106</size>
         <input_file_ref idref="fl-a"/>
      </object_component>
      <object_component id="oc-39c">
         <name>.debug_info</name>
         <load_address>0x69cb</load_address>
         <run_address>0x69cb</run_address>
         <size>0xef</size>
         <input_file_ref idref="fl-b"/>
      </object_component>
      <object_component id="oc-309">
         <name>.debug_info</name>
         <load_address>0x6aba</load_address>
         <run_address>0x6aba</run_address>
         <size>0x101</size>
         <input_file_ref idref="fl-b"/>
      </object_component>
      <object_component id="oc-2be">
         <name>.debug_info</name>
         <load_address>0x6bbb</load_address>
         <run_address>0x6bbb</run_address>
         <size>0x85f</size>
         <input_file_ref idref="fl-c"/>
      </object_component>
      <object_component id="oc-1d0">
         <name>.debug_info</name>
         <load_address>0x741a</load_address>
         <run_address>0x741a</run_address>
         <size>0xd67</size>
         <input_file_ref idref="fl-c"/>
      </object_component>
      <object_component id="oc-2b8">
         <name>.debug_info</name>
         <load_address>0x8181</load_address>
         <run_address>0x8181</run_address>
         <size>0x4dc</size>
         <input_file_ref idref="fl-d"/>
      </object_component>
      <object_component id="oc-1cd">
         <name>.debug_info</name>
         <load_address>0x865d</load_address>
         <run_address>0x865d</run_address>
         <size>0xa3a</size>
         <input_file_ref idref="fl-d"/>
      </object_component>
      <object_component id="oc-372">
         <name>.debug_info</name>
         <load_address>0x9097</load_address>
         <run_address>0x9097</run_address>
         <size>0x4b6</size>
         <input_file_ref idref="fl-e"/>
      </object_component>
      <object_component id="oc-2b4">
         <name>.debug_info</name>
         <load_address>0x954d</load_address>
         <run_address>0x954d</run_address>
         <size>0x1f9c</size>
         <input_file_ref idref="fl-e"/>
      </object_component>
      <object_component id="oc-2c9">
         <name>.debug_info</name>
         <load_address>0xb4e9</load_address>
         <run_address>0xb4e9</run_address>
         <size>0x2a7</size>
         <input_file_ref idref="fl-f"/>
      </object_component>
      <object_component id="oc-1d9">
         <name>.debug_info</name>
         <load_address>0xb790</load_address>
         <run_address>0xb790</run_address>
         <size>0x141</size>
         <input_file_ref idref="fl-ca"/>
      </object_component>
      <object_component id="oc-94">
         <name>.debug_info</name>
         <load_address>0xb8d1</load_address>
         <run_address>0xb8d1</run_address>
         <size>0x146</size>
         <input_file_ref idref="fl-cb"/>
      </object_component>
      <object_component id="oc-92">
         <name>.debug_info</name>
         <load_address>0xba17</load_address>
         <run_address>0xba17</run_address>
         <size>0x2d3</size>
         <input_file_ref idref="fl-cc"/>
      </object_component>
      <object_component id="oc-4f">
         <name>.debug_info</name>
         <load_address>0xbcea</load_address>
         <run_address>0xbcea</run_address>
         <size>0x1b4</size>
         <input_file_ref idref="fl-cc"/>
      </object_component>
      <object_component id="oc-8d">
         <name>.debug_info</name>
         <load_address>0xbe9e</load_address>
         <run_address>0xbe9e</run_address>
         <size>0x46</size>
         <input_file_ref idref="fl-cc"/>
      </object_component>
      <object_component id="oc-cf">
         <name>.debug_info</name>
         <load_address>0xbee4</load_address>
         <run_address>0xbee4</run_address>
         <size>0x2c</size>
         <input_file_ref idref="fl-cc"/>
      </object_component>
      <object_component id="oc-46">
         <name>.debug_info</name>
         <load_address>0xbf10</load_address>
         <run_address>0xbf10</run_address>
         <size>0x2a7</size>
         <input_file_ref idref="fl-cd"/>
      </object_component>
      <object_component id="oc-1c">
         <name>.debug_info</name>
         <load_address>0xc1b7</load_address>
         <run_address>0xc1b7</run_address>
         <size>0x1e9</size>
         <input_file_ref idref="fl-cd"/>
      </object_component>
      <object_component id="oc-41">
         <name>.debug_info</name>
         <load_address>0xc3a0</load_address>
         <run_address>0xc3a0</run_address>
         <size>0x46</size>
         <input_file_ref idref="fl-cd"/>
      </object_component>
      <object_component id="oc-85">
         <name>.debug_info</name>
         <load_address>0xc3e6</load_address>
         <run_address>0xc3e6</run_address>
         <size>0x2c</size>
         <input_file_ref idref="fl-cd"/>
      </object_component>
      <object_component id="oc-83">
         <name>.debug_info</name>
         <load_address>0xc412</load_address>
         <run_address>0xc412</run_address>
         <size>0x29d</size>
         <input_file_ref idref="fl-ce"/>
      </object_component>
      <object_component id="oc-15">
         <name>.debug_info</name>
         <load_address>0xc6af</load_address>
         <run_address>0xc6af</run_address>
         <size>0x24f</size>
         <input_file_ref idref="fl-ce"/>
      </object_component>
      <object_component id="oc-31">
         <name>.debug_info</name>
         <load_address>0xc8fe</load_address>
         <run_address>0xc8fe</run_address>
         <size>0x60</size>
         <input_file_ref idref="fl-ce"/>
      </object_component>
      <object_component id="oc-c8">
         <name>.debug_info</name>
         <load_address>0xc95e</load_address>
         <run_address>0xc95e</run_address>
         <size>0x46</size>
         <input_file_ref idref="fl-ce"/>
      </object_component>
      <object_component id="oc-7e">
         <name>.debug_info</name>
         <load_address>0xc9a4</load_address>
         <run_address>0xc9a4</run_address>
         <size>0x39</size>
         <input_file_ref idref="fl-ce"/>
      </object_component>
      <object_component id="oc-6d">
         <name>.debug_info</name>
         <load_address>0xc9dd</load_address>
         <run_address>0xc9dd</run_address>
         <size>0x3b1</size>
         <input_file_ref idref="fl-cf"/>
      </object_component>
      <object_component id="oc-22">
         <name>.debug_info</name>
         <load_address>0xcd8e</load_address>
         <run_address>0xcd8e</run_address>
         <size>0x10b</size>
         <input_file_ref idref="fl-cf"/>
      </object_component>
      <object_component id="oc-366">
         <name>.debug_info</name>
         <load_address>0xce99</load_address>
         <run_address>0xce99</run_address>
         <size>0x13e</size>
         <input_file_ref idref="fl-cf"/>
      </object_component>
      <object_component id="oc-28b">
         <name>.debug_info</name>
         <load_address>0xcfd7</load_address>
         <run_address>0xcfd7</run_address>
         <size>0x167</size>
         <input_file_ref idref="fl-cf"/>
      </object_component>
      <object_component id="oc-292">
         <name>.debug_info</name>
         <load_address>0xd13e</load_address>
         <run_address>0xd13e</run_address>
         <size>0x18d</size>
         <input_file_ref idref="fl-cf"/>
      </object_component>
      <object_component id="oc-298">
         <name>.debug_info</name>
         <load_address>0xd2cb</load_address>
         <run_address>0xd2cb</run_address>
         <size>0x19e</size>
         <input_file_ref idref="fl-cf"/>
      </object_component>
      <object_component id="oc-1b4">
         <name>.debug_info</name>
         <load_address>0xd469</load_address>
         <run_address>0xd469</run_address>
         <size>0x202</size>
         <input_file_ref idref="fl-cf"/>
      </object_component>
      <object_component id="oc-3b1">
         <name>.debug_info</name>
         <load_address>0xd66b</load_address>
         <run_address>0xd66b</run_address>
         <size>0x1da</size>
         <input_file_ref idref="fl-cf"/>
      </object_component>
      <object_component id="oc-1ae">
         <name>.debug_info</name>
         <load_address>0xd845</load_address>
         <run_address>0xd845</run_address>
         <size>0x1a4</size>
         <input_file_ref idref="fl-cf"/>
      </object_component>
      <object_component id="oc-362">
         <name>.debug_info</name>
         <load_address>0xd9e9</load_address>
         <run_address>0xd9e9</run_address>
         <size>0x298</size>
         <input_file_ref idref="fl-cf"/>
      </object_component>
      <object_component id="oc-b8">
         <name>.debug_info</name>
         <load_address>0xdc81</load_address>
         <run_address>0xdc81</run_address>
         <size>0xb2</size>
         <input_file_ref idref="fl-cf"/>
      </object_component>
      <object_component id="oc-b3">
         <name>.debug_info</name>
         <load_address>0xdd33</load_address>
         <run_address>0xdd33</run_address>
         <size>0x2c</size>
         <input_file_ref idref="fl-cf"/>
      </object_component>
      <object_component id="oc-25">
         <name>.debug_info</name>
         <load_address>0xdd5f</load_address>
         <run_address>0xdd5f</run_address>
         <size>0x10a</size>
         <input_file_ref idref="fl-d0"/>
      </object_component>
      <object_component id="oc-5a">
         <name>.debug_info</name>
         <load_address>0xde69</load_address>
         <run_address>0xde69</run_address>
         <size>0x1a8</size>
         <input_file_ref idref="fl-d0"/>
      </object_component>
      <object_component id="oc-310">
         <name>.debug_info</name>
         <load_address>0xe011</load_address>
         <run_address>0xe011</run_address>
         <size>0x114</size>
         <input_file_ref idref="fl-d1"/>
      </object_component>
      <object_component id="oc-3c">
         <name>.debug_info</name>
         <load_address>0xe125</load_address>
         <run_address>0xe125</run_address>
         <size>0x118</size>
         <input_file_ref idref="fl-d2"/>
      </object_component>
      <object_component id="oc-234">
         <name>.debug_info</name>
         <load_address>0xe23d</load_address>
         <run_address>0xe23d</run_address>
         <size>0x4b2</size>
         <input_file_ref idref="fl-d3"/>
      </object_component>
      <object_component id="oc-144">
         <name>.debug_info</name>
         <load_address>0xe6ef</load_address>
         <run_address>0xe6ef</run_address>
         <size>0x1a5</size>
         <input_file_ref idref="fl-d3"/>
      </object_component>
      <object_component id="oc-33d">
         <name>.debug_info</name>
         <load_address>0xe894</load_address>
         <run_address>0xe894</run_address>
         <size>0x39</size>
         <input_file_ref idref="fl-d3"/>
      </object_component>
      <object_component id="oc-3a1">
         <name>.debug_info</name>
         <load_address>0xe8cd</load_address>
         <run_address>0xe8cd</run_address>
         <size>0x39</size>
         <input_file_ref idref="fl-d3"/>
      </object_component>
      <object_component id="oc-342">
         <name>.debug_info</name>
         <load_address>0xe906</load_address>
         <run_address>0xe906</run_address>
         <size>0x39</size>
         <input_file_ref idref="fl-d3"/>
      </object_component>
      <object_component id="oc-347">
         <name>.debug_info</name>
         <load_address>0xe93f</load_address>
         <run_address>0xe93f</run_address>
         <size>0xcd</size>
         <input_file_ref idref="fl-d3"/>
      </object_component>
      <object_component id="oc-9d">
         <name>.debug_info</name>
         <load_address>0xea0c</load_address>
         <run_address>0xea0c</run_address>
         <size>0x152</size>
         <input_file_ref idref="fl-d4"/>
      </object_component>
      <object_component id="oc-138">
         <name>.debug_info</name>
         <load_address>0xeb5e</load_address>
         <run_address>0xeb5e</run_address>
         <size>0x121</size>
         <input_file_ref idref="fl-d6"/>
      </object_component>
      <object_component id="oc-337">
         <name>.debug_info</name>
         <load_address>0xec7f</load_address>
         <run_address>0xec7f</run_address>
         <size>0x2c8</size>
         <input_file_ref idref="fl-d7"/>
      </object_component>
      <object_component id="oc-22e">
         <name>.debug_info</name>
         <load_address>0xef47</load_address>
         <run_address>0xef47</run_address>
         <size>0x11d</size>
         <input_file_ref idref="fl-d7"/>
      </object_component>
      <object_component id="oc-330">
         <name>.debug_info</name>
         <load_address>0xf064</load_address>
         <run_address>0xf064</run_address>
         <size>0x12d</size>
         <input_file_ref idref="fl-d7"/>
      </object_component>
      <object_component id="oc-252">
         <name>.debug_info</name>
         <load_address>0xf191</load_address>
         <run_address>0xf191</run_address>
         <size>0x396</size>
         <input_file_ref idref="fl-d9"/>
      </object_component>
      <object_component id="oc-255">
         <name>.debug_info</name>
         <load_address>0xf527</load_address>
         <run_address>0xf527</run_address>
         <size>0x116</size>
         <input_file_ref idref="fl-d9"/>
      </object_component>
      <object_component id="oc-2e5">
         <name>.debug_info</name>
         <load_address>0xf63d</load_address>
         <run_address>0xf63d</run_address>
         <size>0x210</size>
         <input_file_ref idref="fl-d9"/>
      </object_component>
      <object_component id="oc-24c">
         <name>.debug_info</name>
         <load_address>0xf84d</load_address>
         <run_address>0xf84d</run_address>
         <size>0x220</size>
         <input_file_ref idref="fl-d9"/>
      </object_component>
      <object_component id="oc-1f5">
         <name>.debug_info</name>
         <load_address>0xfa6d</load_address>
         <run_address>0xfa6d</run_address>
         <size>0x283</size>
         <input_file_ref idref="fl-d9"/>
      </object_component>
      <object_component id="oc-2cd">
         <name>.debug_info</name>
         <load_address>0xfcf0</load_address>
         <run_address>0xfcf0</run_address>
         <size>0x1fd</size>
         <input_file_ref idref="fl-d9"/>
      </object_component>
      <object_component id="oc-18c">
         <name>.debug_info</name>
         <load_address>0xfeed</load_address>
         <run_address>0xfeed</run_address>
         <size>0x203</size>
         <input_file_ref idref="fl-d9"/>
      </object_component>
      <object_component id="oc-186">
         <name>.debug_info</name>
         <load_address>0x100f0</load_address>
         <run_address>0x100f0</run_address>
         <size>0x1fd</size>
         <input_file_ref idref="fl-d9"/>
      </object_component>
      <object_component id="oc-2eb">
         <name>.debug_info</name>
         <load_address>0x102ed</load_address>
         <run_address>0x102ed</run_address>
         <size>0x224</size>
         <input_file_ref idref="fl-d9"/>
      </object_component>
      <object_component id="oc-19e">
         <name>.debug_info</name>
         <load_address>0x10511</load_address>
         <run_address>0x10511</run_address>
         <size>0x209</size>
         <input_file_ref idref="fl-d9"/>
      </object_component>
      <object_component id="oc-1fb">
         <name>.debug_info</name>
         <load_address>0x1071a</load_address>
         <run_address>0x1071a</run_address>
         <size>0x1e8</size>
         <input_file_ref idref="fl-d9"/>
      </object_component>
      <object_component id="oc-192">
         <name>.debug_info</name>
         <load_address>0x10902</load_address>
         <run_address>0x10902</run_address>
         <size>0x1ed</size>
         <input_file_ref idref="fl-d9"/>
      </object_component>
      <object_component id="oc-25f">
         <name>.debug_info</name>
         <load_address>0x10aef</load_address>
         <run_address>0x10aef</run_address>
         <size>0x387</size>
         <input_file_ref idref="fl-da"/>
      </object_component>
      <object_component id="oc-262">
         <name>.debug_info</name>
         <load_address>0x10e76</load_address>
         <run_address>0x10e76</run_address>
         <size>0x23b</size>
         <input_file_ref idref="fl-da"/>
      </object_component>
      <object_component id="oc-259">
         <name>.debug_info</name>
         <load_address>0x110b1</load_address>
         <run_address>0x110b1</run_address>
         <size>0x1bb</size>
         <input_file_ref idref="fl-da"/>
      </object_component>
      <object_component id="oc-198">
         <name>.debug_info</name>
         <load_address>0x1126c</load_address>
         <run_address>0x1126c</run_address>
         <size>0x255</size>
         <input_file_ref idref="fl-da"/>
      </object_component>
      <object_component id="oc-268">
         <name>.debug_info</name>
         <load_address>0x114c1</load_address>
         <run_address>0x114c1</run_address>
         <size>0x1eb</size>
         <input_file_ref idref="fl-da"/>
      </object_component>
      <object_component id="oc-27a">
         <name>.debug_info</name>
         <load_address>0x116ac</load_address>
         <run_address>0x116ac</run_address>
         <size>0x1c1</size>
         <input_file_ref idref="fl-da"/>
      </object_component>
      <object_component id="oc-26e">
         <name>.debug_info</name>
         <load_address>0x1186d</load_address>
         <run_address>0x1186d</run_address>
         <size>0x1eb</size>
         <input_file_ref idref="fl-da"/>
      </object_component>
      <object_component id="oc-274">
         <name>.debug_info</name>
         <load_address>0x11a58</load_address>
         <run_address>0x11a58</run_address>
         <size>0x1bb</size>
         <input_file_ref idref="fl-da"/>
      </object_component>
      <object_component id="oc-280">
         <name>.debug_info</name>
         <load_address>0x11c13</load_address>
         <run_address>0x11c13</run_address>
         <size>0x1c1</size>
         <input_file_ref idref="fl-da"/>
      </object_component>
      <object_component id="oc-2b0">
         <name>.debug_info</name>
         <load_address>0x11dd4</load_address>
         <run_address>0x11dd4</run_address>
         <size>0x369</size>
         <input_file_ref idref="fl-db"/>
      </object_component>
      <object_component id="oc-2ad">
         <name>.debug_info</name>
         <load_address>0x1213d</load_address>
         <run_address>0x1213d</run_address>
         <size>0x112</size>
         <input_file_ref idref="fl-db"/>
      </object_component>
      <object_component id="oc-1c1">
         <name>.debug_info</name>
         <load_address>0x1224f</load_address>
         <run_address>0x1224f</run_address>
         <size>0x22e</size>
         <input_file_ref idref="fl-db"/>
      </object_component>
      <object_component id="oc-11b">
         <name>.debug_info</name>
         <load_address>0x1247d</load_address>
         <run_address>0x1247d</run_address>
         <size>0x1ab</size>
         <input_file_ref idref="fl-db"/>
      </object_component>
      <object_component id="oc-38f">
         <name>.debug_info</name>
         <load_address>0x12628</load_address>
         <run_address>0x12628</run_address>
         <size>0x372</size>
         <input_file_ref idref="fl-dc"/>
      </object_component>
      <object_component id="oc-2e0">
         <name>.debug_info</name>
         <load_address>0x1299a</load_address>
         <run_address>0x1299a</run_address>
         <size>0x1af</size>
         <input_file_ref idref="fl-dc"/>
      </object_component>
      <object_component id="oc-2f7">
         <name>.debug_info</name>
         <load_address>0x12b49</load_address>
         <run_address>0x12b49</run_address>
         <size>0x1e3</size>
         <input_file_ref idref="fl-dc"/>
      </object_component>
      <object_component id="oc-2fe">
         <name>.debug_info</name>
         <load_address>0x12d2c</load_address>
         <run_address>0x12d2c</run_address>
         <size>0x1e7</size>
         <input_file_ref idref="fl-dc"/>
      </object_component>
      <object_component id="oc-2d9">
         <name>.debug_info</name>
         <load_address>0x12f13</load_address>
         <run_address>0x12f13</run_address>
         <size>0x346</size>
         <input_file_ref idref="fl-dc"/>
      </object_component>
      <object_component id="oc-2d4">
         <name>.debug_info</name>
         <load_address>0x13259</load_address>
         <run_address>0x13259</run_address>
         <size>0x1f9</size>
         <input_file_ref idref="fl-dc"/>
      </object_component>
      <object_component id="oc-2f2">
         <name>.debug_info</name>
         <load_address>0x13452</load_address>
         <run_address>0x13452</run_address>
         <size>0x1af</size>
         <input_file_ref idref="fl-dc"/>
      </object_component>
      <object_component id="oc-1b9">
         <name>.debug_info</name>
         <load_address>0x13601</load_address>
         <run_address>0x13601</run_address>
         <size>0x3f3</size>
         <input_file_ref idref="fl-dd"/>
      </object_component>
      <object_component id="oc-1bb">
         <name>.debug_info</name>
         <load_address>0x139f4</load_address>
         <run_address>0x139f4</run_address>
         <size>0x108</size>
         <input_file_ref idref="fl-dd"/>
      </object_component>
      <object_component id="oc-181">
         <name>.debug_info</name>
         <load_address>0x13afc</load_address>
         <run_address>0x13afc</run_address>
         <size>0x202</size>
         <input_file_ref idref="fl-dd"/>
      </object_component>
      <object_component id="oc-17b">
         <name>.debug_info</name>
         <load_address>0x13cfe</load_address>
         <run_address>0x13cfe</run_address>
         <size>0x1ea</size>
         <input_file_ref idref="fl-dd"/>
      </object_component>
      <object_component id="oc-e6">
         <name>.debug_info</name>
         <load_address>0x13ee8</load_address>
         <run_address>0x13ee8</run_address>
         <size>0x248</size>
         <input_file_ref idref="fl-dd"/>
      </object_component>
      <object_component id="oc-ec">
         <name>.debug_info</name>
         <load_address>0x14130</load_address>
         <run_address>0x14130</run_address>
         <size>0x222</size>
         <input_file_ref idref="fl-dd"/>
      </object_component>
      <object_component id="oc-29f">
         <name>.debug_info</name>
         <load_address>0x14352</load_address>
         <run_address>0x14352</run_address>
         <size>0x51</size>
         <input_file_ref idref="fl-dd"/>
      </object_component>
      <object_component id="oc-1bf">
         <name>.debug_info</name>
         <load_address>0x143a3</load_address>
         <run_address>0x143a3</run_address>
         <size>0x2f8</size>
         <input_file_ref idref="fl-de"/>
      </object_component>
      <object_component id="oc-f1">
         <name>.debug_info</name>
         <load_address>0x1469b</load_address>
         <run_address>0x1469b</run_address>
         <size>0x1ce</size>
         <input_file_ref idref="fl-de"/>
      </object_component>
      <object_component id="oc-f9">
         <name>.debug_info</name>
         <load_address>0x14869</load_address>
         <run_address>0x14869</run_address>
         <size>0x1e4</size>
         <input_file_ref idref="fl-de"/>
      </object_component>
      <object_component id="oc-ff">
         <name>.debug_info</name>
         <load_address>0x14a4d</load_address>
         <run_address>0x14a4d</run_address>
         <size>0x194</size>
         <input_file_ref idref="fl-de"/>
      </object_component>
      <object_component id="oc-105">
         <name>.debug_info</name>
         <load_address>0x14be1</load_address>
         <run_address>0x14be1</run_address>
         <size>0x18e</size>
         <input_file_ref idref="fl-de"/>
      </object_component>
      <object_component id="oc-3b9">
         <name>.debug_info</name>
         <load_address>0x14d6f</load_address>
         <run_address>0x14d6f</run_address>
         <size>0x379</size>
         <input_file_ref idref="fl-df"/>
      </object_component>
      <object_component id="oc-387">
         <name>.debug_info</name>
         <load_address>0x150e8</load_address>
         <run_address>0x150e8</run_address>
         <size>0x1f7</size>
         <input_file_ref idref="fl-df"/>
      </object_component>
      <object_component id="oc-381">
         <name>.debug_info</name>
         <load_address>0x152df</load_address>
         <run_address>0x152df</run_address>
         <size>0x1ec</size>
         <input_file_ref idref="fl-df"/>
      </object_component>
      <object_component id="oc-37b">
         <name>.debug_info</name>
         <load_address>0x154cb</load_address>
         <run_address>0x154cb</run_address>
         <size>0x1f9</size>
         <input_file_ref idref="fl-df"/>
      </object_component>
      <object_component id="oc-20f">
         <name>.debug_info</name>
         <load_address>0x156c4</load_address>
         <run_address>0x156c4</run_address>
         <size>0x17f</size>
         <input_file_ref idref="fl-e0"/>
      </object_component>
      <object_component id="oc-3f3">
         <name>.debug_info</name>
         <load_address>0x15843</load_address>
         <run_address>0x15843</run_address>
         <size>0x9c</size>
      </object_component>
      <object_component id="oc-173">
         <name>.debug_line</name>
         <load_address>0x0</load_address>
         <run_address>0x0</run_address>
         <size>0xd6</size>
         <input_file_ref idref="fl-2"/>
      </object_component>
      <object_component id="oc-d9">
         <name>.debug_line</name>
         <load_address>0xd6</load_address>
         <run_address>0xd6</run_address>
         <size>0xb0</size>
         <input_file_ref idref="fl-2"/>
      </object_component>
      <object_component id="oc-131">
         <name>.debug_line</name>
         <load_address>0x186</load_address>
         <run_address>0x186</run_address>
         <size>0x33</size>
         <input_file_ref idref="fl-2"/>
      </object_component>
      <object_component id="oc-77">
         <name>.debug_line</name>
         <load_address>0x1b9</load_address>
         <run_address>0x1b9</run_address>
         <size>0x6f</size>
         <input_file_ref idref="fl-2"/>
      </object_component>
      <object_component id="oc-227">
         <name>.debug_line</name>
         <load_address>0x228</load_address>
         <run_address>0x228</run_address>
         <size>0x6b</size>
         <input_file_ref idref="fl-2"/>
      </object_component>
      <object_component id="oc-c5">
         <name>.debug_line</name>
         <load_address>0x293</load_address>
         <run_address>0x293</run_address>
         <size>0x20</size>
         <input_file_ref idref="fl-2"/>
      </object_component>
      <object_component id="oc-c0">
         <name>.debug_line</name>
         <load_address>0x2b3</load_address>
         <run_address>0x2b3</run_address>
         <size>0x73</size>
         <input_file_ref idref="fl-2"/>
      </object_component>
      <object_component id="oc-2a6">
         <name>.debug_line</name>
         <load_address>0x326</load_address>
         <run_address>0x326</run_address>
         <size>0x6f</size>
         <input_file_ref idref="fl-2"/>
      </object_component>
      <object_component id="oc-7c">
         <name>.debug_line</name>
         <load_address>0x395</load_address>
         <run_address>0x395</run_address>
         <size>0x70</size>
         <input_file_ref idref="fl-2"/>
      </object_component>
      <object_component id="oc-1f2">
         <name>.debug_line</name>
         <load_address>0x405</load_address>
         <run_address>0x405</run_address>
         <size>0x6b</size>
         <input_file_ref idref="fl-2"/>
      </object_component>
      <object_component id="oc-177">
         <name>.debug_line</name>
         <load_address>0x470</load_address>
         <run_address>0x470</run_address>
         <size>0x72</size>
         <input_file_ref idref="fl-2"/>
      </object_component>
      <object_component id="oc-32b">
         <name>.debug_line</name>
         <load_address>0x4e2</load_address>
         <run_address>0x4e2</run_address>
         <size>0x8e</size>
         <input_file_ref idref="fl-3"/>
      </object_component>
      <object_component id="oc-325">
         <name>.debug_line</name>
         <load_address>0x570</load_address>
         <run_address>0x570</run_address>
         <size>0x31</size>
         <input_file_ref idref="fl-3"/>
      </object_component>
      <object_component id="oc-327">
         <name>.debug_line</name>
         <load_address>0x5a1</load_address>
         <run_address>0x5a1</run_address>
         <size>0x31</size>
         <input_file_ref idref="fl-3"/>
      </object_component>
      <object_component id="oc-329">
         <name>.debug_line</name>
         <load_address>0x5d2</load_address>
         <run_address>0x5d2</run_address>
         <size>0x31</size>
         <input_file_ref idref="fl-3"/>
      </object_component>
      <object_component id="oc-323">
         <name>.debug_line</name>
         <load_address>0x603</load_address>
         <run_address>0x603</run_address>
         <size>0x31</size>
         <input_file_ref idref="fl-3"/>
      </object_component>
      <object_component id="oc-118">
         <name>.debug_line</name>
         <load_address>0x634</load_address>
         <run_address>0x634</run_address>
         <size>0xdb</size>
         <input_file_ref idref="fl-3"/>
      </object_component>
      <object_component id="oc-29c">
         <name>.debug_line</name>
         <load_address>0x70f</load_address>
         <run_address>0x70f</run_address>
         <size>0x6b</size>
         <input_file_ref idref="fl-4"/>
      </object_component>
      <object_component id="oc-e2">
         <name>.debug_line</name>
         <load_address>0x77a</load_address>
         <run_address>0x77a</run_address>
         <size>0xa8</size>
         <input_file_ref idref="fl-4"/>
      </object_component>
      <object_component id="oc-21a">
[...]
         <name>OrbitOledUpdate</name>
         <value>0x1a59</value>
         <object_component_ref idref="oc-1cf"/>
      </symbol>
      <symbol id="sm-2d1">
         <name>OrbitOledClear</name>
         <value>0x1a1d</value>
         <object_component_ref idref="oc-1cf"/>
      </symbol>
      <symbol id="sm-2d2">
         <name>OrbitOledPutBuffer</name>
         <value>0x1ab3</value>
         <object_component_ref idref="oc-1cf"/>
      </symbol>
      <symbol id="sm-2d3">
         <name>OrbitOledDevInit</name>
         <value>0x1999</value>
         <object_component_ref idref="oc-1cf"/>
      </symbol>
      <symbol id="sm-2d4">
         <name>OrbitOledClearBuffer</name>
         <value>0x1a29</value>
         <object_component_ref idref="oc-1cf"/>
      </symbol>
      <symbol id="sm-2d5">
         <name>OrbitOledHostInit</name>
         <value>0x1855</value>
         <object_component_ref idref="oc-1cf"/>
      </symbol>
      <symbol id="sm-2d6">
         <name>OrbitOledInit</name>
         <value>0x1841</value>
         <object_component_ref idref="oc-1cf"/>
      </symbol>
      <symbol id="sm-2d7">
         <name>Ssi3PutByte</name>
         <value>0x1b19</value>
         <object_component_ref idref="oc-1cf"/>
      </symbol>
      <symbol id="sm-30a">
         <name>xchOledCur</name>
         <value>0x200005dc</value>
      </symbol>
      <symbol id="sm-30b">
         <name>ychOledCur</name>
         <value>0x200005e8</value>
      </symbol>
      <symbol id="sm-30c">
         <name>xchOledMax</name>
         <value>0x200005e0</value>
      </symbol>
      <symbol id="sm-30d">
         <name>ychOledMax</name>
         <value>0x200005ec</value>
      </symbol>
      <symbol id="sm-30e">
         <name>rgbOledFontUser</name>
         <value>0x2000046c</value>
      </symbol>
      <symbol id="sm-30f">
         <name>OrbitOledPutString</name>
         <value>0x21b9</value>
         <object_component_ref idref="oc-1c9"/>
      </symbol>
      <symbol id="sm-310">
         <name>OrbitOledGetCharUpdate</name>
         <value>0x2195</value>
         <object_component_ref idref="oc-1c9"/>
      </symbol>
      <symbol id="sm-311">
         <name>OrbitOledSetCharUpdate</name>
         <value>0x217d</value>
         <object_component_ref idref="oc-1c9"/>
      </symbol>
      <symbol id="sm-312">
         <name>OrbitOledDrawGlyph</name>
         <value>0x21e5</value>
         <object_component_ref idref="oc-1c9"/>
      </symbol>
      <symbol id="sm-313">
         <name>OrbitOledDefUserChar</name>
         <value>0x212d</value>
         <object_component_ref idref="oc-1c9"/>
      </symbol>
      <symbol id="sm-314">
         <name>OrbitOledGetCursor</name>
         <value>0x2111</value>
         <object_component_ref idref="oc-1c9"/>
      </symbol>
      <symbol id="sm-315">
         <name>OrbitOledSetCursor</name>
         <value>0x20c5</value>
         <object_component_ref idref="oc-1c9"/>
      </symbol>
      <symbol id="sm-316">
         <name>OrbitOledPutChar</name>
         <value>0x219b</value>
         <object_component_ref idref="oc-1c9"/>
      </symbol>
      <symbol id="sm-317">
         <name>OrbitOledAdvanceCursor</name>
         <value>0x225d</value>
         <object_component_ref idref="oc-1c9"/>
      </symbol>
      <symbol id="sm-3b4">
         <name>pfnDoRop</name>
         <value>0x200005d8</value>
      </symbol>
      <symbol id="sm-3b5">
         <name>modOledCur</name>
         <value>0x200005c4</value>
      </symbol>
      <symbol id="sm-3b6">
         <name>OrbitOledGetPixel</name>
         <value>0x1013</value>
         <object_component_ref idref="oc-2b1"/>
      </symbol>
      <symbol id="sm-3b7">
         <name>OrbitOledMoveUp</name>
         <value>0x1741</value>
         <object_component_ref idref="oc-2b1"/>
      </symbol>
      <symbol id="sm-3b8">
         <name>OrbitOledMoveTo</name>
         <value>0xef1</value>
         <object_component_ref idref="oc-2b1"/>
      </symbol>
      <symbol id="sm-3b9">
         <name>OrbitOledGetDrawMode</name>
         <value>0xfe1</value>
         <object_component_ref idref="oc-2b1"/>
      </symbol>
      <symbol id="sm-3ba">
         <name>OrbitOledDrawPixel</name>
         <value>0xfe7</value>
         <object_component_ref idref="oc-2b1"/>
      </symbol>
      <symbol id="sm-3bb">
         <name>OrbitOledDrawString</name>
         <value>0x1683</value>
         <object_component_ref idref="oc-2b1"/>
      </symbol>
      <symbol id="sm-3bc">
         <name>OrbitOledDrawChar</name>
         <value>0x1623</value>
         <object_component_ref idref="oc-2b1"/>
      </symbol>
      <symbol id="sm-3bd">
         <name>OrbitOledMoveDown</name>
         <value>0x1779</value>
         <object_component_ref idref="oc-2b1"/>
      </symbol>
      <symbol id="sm-3be">
         <name>OrbitOledMoveRight</name>
         <value>0x17c7</value>
         <object_component_ref idref="oc-2b1"/>
      </symbol>
      <symbol id="sm-3bf">
         <name>OrbitOledFillRect</name>
         <value>0x11b1</value>
         <object_component_ref idref="oc-2b1"/>
      </symbol>
      <symbol id="sm-3c0">
         <name>OrbitOledLineTo</name>
         <value>0x102d</value>
         <object_component_ref idref="oc-2b1"/>
      </symbol>
      <symbol id="sm-3c1">
         <name>OrbitOledGetStdPattern</name>
         <value>0xf6b</value>
         <object_component_ref idref="oc-2b1"/>
      </symbol>
      <symbol id="sm-3c2">
         <name>OrbitOledSetDrawColor</name>
         <value>0xf53</value>
         <object_component_ref idref="oc-2b1"/>
      </symbol>
      <symbol id="sm-3c3">
         <name>OrbitOledDrawRect</name>
         <value>0x112d</value>
         <object_component_ref idref="oc-2b1"/>
      </symbol>
      <symbol id="sm-3c4">
         <name>OrbitOledClampYco</name>
         <value>0x1801</value>
         <object_component_ref idref="oc-2b1"/>
      </symbol>
      <symbol id="sm-3c5">
         <name>OrbitOledGetPos</name>
         <value>0xf37</value>
         <object_component_ref idref="oc-2b1"/>
      </symbol>
      <symbol id="sm-3c6">
         <name>OrbitOledRopSet</name>
         <value>0x16a1</value>
         <object_component_ref idref="oc-2b1"/>
      </symbol>
      <symbol id="sm-3c7">
         <name>OrbitOledRopXor</name>
         <value>0x1713</value>
         <object_component_ref idref="oc-2b1"/>
      </symbol>
      <symbol id="sm-3c8">
         <name>OrbitOledGetBmp</name>
         <value>0x12f5</value>
         <object_component_ref idref="oc-2b1"/>
      </symbol>
      <symbol id="sm-3c9">
         <name>OrbitOledMoveLeft</name>
         <value>0x17af</value>
         <object_component_ref idref="oc-2b1"/>
      </symbol>
      <symbol id="sm-3ca">
         <name>OrbitOledRopAnd</name>
         <value>0x16ef</value>
         <object_component_ref idref="oc-2b1"/>
      </symbol>
      <symbol id="sm-3cb">
         <name>OrbitOledPutBmp</name>
         <value>0x1455</value>
         <object_component_ref idref="oc-2b1"/>
      </symbol>
      <symbol id="sm-3cc">
         <name>OrbitOledSetDrawMode</name>
         <value>0xf8d</value>
         <object_component_ref idref="oc-2b1"/>
      </symbol>
      <symbol id="sm-3cd">
         <name>OrbitOledClampXco</name>
         <value>0x17e1</value>
         <object_component_ref idref="oc-2b1"/>
      </symbol>
      <symbol id="sm-3ce">
         <name>OrbitOledSetFillPattern</name>
         <value>0xf7d</value>
         <object_component_ref idref="oc-2b1"/>
      </symbol>
      <symbol id="sm-3cf">
         <name>OrbitOledRopOr</name>
         <value>0x16cb</value>
         <object_component_ref idref="oc-2b1"/>
      </symbol>
      <symbol id="sm-3e1">
         <name>DelayMs</name>
         <value>0x2f1b</value>
         <object_component_ref idref="oc-2c6"/>
      </symbol>
      <symbol id="sm-3e2">
         <name>DelayInit</name>
         <value>0x2f01</value>
         <object_component_ref idref="oc-2c6"/>
      </symbol>
      <symbol id="sm-3f1">
         <name>__aeabi_uidivmod</name>
         <value>0x30cd</value>
         <object_component_ref idref="oc-1d7"/>
      </symbol>
      <symbol id="sm-3f2">
         <name>__aeabi_uidiv</name>
         <value>0x30cd</value>
         <object_component_ref idref="oc-1d7"/>
      </symbol>
      <symbol id="sm-401">
         <name>__aeabi_memset</name>
         <value>0x2d4f</value>
         <object_component_ref idref="oc-93"/>
      </symbol>
      <symbol id="sm-402">
         <name>memset</name>
         <value>0x2d55</value>
         <object_component_ref idref="oc-93"/>
      </symbol>
      <symbol id="sm-403">
         <name>__aeabi_memset8</name>
         <value>0x2d4f</value>
         <object_component_ref idref="oc-93"/>
      </symbol>
      <symbol id="sm-404">
         <name>__aeabi_memset4</name>
         <value>0x2d4f</value>
         <object_component_ref idref="oc-93"/>
      </symbol>
      <symbol id="sm-405">
         <name>__aeabi_memclr8</name>
         <value>0x2d4d</value>
         <object_component_ref idref="oc-93"/>
      </symbol>
      <symbol id="sm-406">
         <name>__aeabi_memclr4</name>
         <value>0x2d4d</value>
         <object_component_ref idref="oc-93"/>
      </symbol>
      <symbol id="sm-407">
         <name>__aeabi_memclr</name>
         <value>0x2d4d</value>
         <object_component_ref idref="oc-93"/>
      </symbol>
      <symbol id="sm-41e">
         <name>__TI_zero_init</name>
         <value>0x3395</value>
         <object_component_ref idref="oc-4d"/>
      </symbol>
      <symbol id="sm-435">
         <name>__TI_decompress_none</name>
         <value>0x336f</value>
         <object_component_ref idref="oc-18"/>
      </symbol>
      <symbol id="sm-458">
         <name>__TI_decompress_lzss</name>
         <value>0x2e39</value>
         <object_component_ref idref="oc-12"/>
      </symbol>
      <symbol id="sm-4ed">
         <name>_sys_memory</name>
         <value>0x200007f8</value>
         <object_component_ref idref="oc-21"/>
      </symbol>
      <symbol id="sm-4ee">
         <name>free</name>
         <value>0x2b15</value>
         <object_component_ref idref="oc-1b0"/>
      </symbol>
      <symbol id="sm-4ef">
         <name>memalign</name>
         <value>0x2909</value>
         <object_component_ref idref="oc-35e"/>
      </symbol>
      <symbol id="sm-4f0">
         <name>calloc</name>
         <value>0x3149</value>
         <object_component_ref idref="oc-1aa"/>
      </symbol>
      <symbol id="sm-4f1">
         <name>malloc</name>
         <value>0x33f5</value>
         <object_component_ref idref="oc-287"/>
      </symbol>
      <symbol id="sm-4f2">
         <name>aligned_alloc</name>
         <value>0x2909</value>
         <object_component_ref idref="oc-35e"/>
      </symbol>
      <symbol id="sm-505">
         <name>__stack</name>
         <value>0x200005f8</value>
         <object_component_ref idref="oc-24"/>
      </symbol>
      <symbol id="sm-506">
         <name>_c_int00_noargs</name>
         <value>0x31e9</value>
         <object_component_ref idref="oc-59"/>
      </symbol>
      <symbol id="sm-510">
         <name>__aeabi_idiv0</name>
         <value>0x2dc7</value>
         <object_component_ref idref="oc-30f"/>
      </symbol>
      <symbol id="sm-511">
         <name>__aeabi_ldiv0</name>
         <value>0x2dc7</value>
         <object_component_ref idref="oc-30f"/>
      </symbol>
      <symbol id="sm-52c">
         <name>memcpy</name>
         <value>0x2cb1</value>
         <object_component_ref idref="oc-3b"/>
      </symbol>
      <symbol id="sm-52d">
         <name>__aeabi_memcpy</name>
         <value>0x2cb1</value>
         <object_component_ref idref="oc-3b"/>
      </symbol>
      <symbol id="sm-52e">
         <name>__aeabi_memcpy8</name>
         <value>0x2cb1</value>
         <object_component_ref idref="oc-3b"/>
      </symbol>
      <symbol id="sm-52f">
         <name>__aeabi_memcpy4</name>
         <value>0x2cb1</value>
         <object_component_ref idref="oc-3b"/>
      </symbol>
      <symbol id="sm-557">
         <name>__TI_auto_init_nobinit_nopinit</name>
         <value>0x3089</value>
         <object_component_ref idref="oc-140"/>
      </symbol>
      <symbol id="sm-561">
         <name>_system_pre_init</name>
         <value>0x3421</value>
         <object_component_ref idref="oc-99"/>
      </symbol>
      <symbol id="sm-56d">
         <name>C$$EXIT</name>
         <value>0x3425</value>
         <object_component_ref idref="oc-134"/>
      </symbol>
      <symbol id="sm-56e">
         <name>abort</name>
         <value>0x3425</value>
         <object_component_ref idref="oc-134"/>
      </symbol>
      <symbol id="sm-583">
         <name>_nop</name>
         <value>0x27ef</value>
         <object_component_ref idref="oc-32f"/>
      </symbol>
      <symbol id="sm-584">
         <name>_lock</name>
         <value>0x200008f8</value>
         <object_component_ref idref="oc-22d"/>
      </symbol>
      <symbol id="sm-585">
         <name>_unlock</name>
         <value>0x200008fc</value>
         <object_component_ref idref="oc-22d"/>
      </symbol>
      <symbol id="sm-5e9">
         <name>GPIOPinConfigure</name>
         <value>0x2fad</value>
         <object_component_ref idref="oc-191"/>
      </symbol>
      <symbol id="sm-5ea">
         <name>GPIOPinTypeI2CSCL</name>
         <value>0x32ed</value>
         <object_component_ref idref="oc-18b"/>
      </symbol>
      <symbol id="sm-5eb">
         <name>GPIOPinTypeI2C</name>
         <value>0x32d7</value>
         <object_component_ref idref="oc-185"/>
      </symbol>
      <symbol id="sm-5ec">
         <name>GPIOPinTypeGPIOInput</name>
         <value>0x32c1</value>
         <object_component_ref idref="oc-19d"/>
      </symbol>
      <symbol id="sm-5ed">
         <name>GPIOPinTypeGPIOOutput</name>
         <value>0x32a9</value>
         <object_component_ref idref="oc-2ea"/>
      </symbol>
      <symbol id="sm-5ee">
         <name>GPIOPinRead</name>
         <value>0x33fd</value>
         <object_component_ref idref="oc-1fa"/>
      </symbol>
      <symbol id="sm-5ef">
         <name>GPIODirModeSet</name>
         <value>0x321d</value>
         <object_component_ref idref="oc-24b"/>
      </symbol>
      <symbol id="sm-5f0">
         <name>GPIOPinWrite</name>
         <value>0x3403</value>
         <object_component_ref idref="oc-2e4"/>
      </symbol>
      <symbol id="sm-5f1">
         <name>GPIOPadConfigSet</name>
         <value>0x26bd</value>
         <object_component_ref idref="oc-1f4"/>
      </symbol>
      <symbol id="sm-5f2">
         <name>GPIOPinTypeSSI</name>
         <value>0x3303</value>
         <object_component_ref idref="oc-2cc"/>
      </symbol>
      <symbol id="sm-63c">
         <name>I2CMasterBusBusy</name>
         <value>0x33d5</value>
         <object_component_ref idref="oc-27f"/>
      </symbol>
      <symbol id="sm-63d">
         <name>I2CMasterDataPut</name>
         <value>0x341d</value>
         <object_component_ref idref="oc-267"/>
      </symbol>
      <symbol id="sm-63e">
         <name>I2CMasterInitExpClk</name>
         <value>0x2ff9</value>
         <object_component_ref idref="oc-197"/>
      </symbol>
      <symbol id="sm-63f">
         <name>I2CMasterSlaveAddrSet</name>
         <value>0x33e5</value>
         <object_component_ref idref="oc-261"/>
      </symbol>
      <symbol id="sm-640">
         <name>I2CMasterDataGet</name>
         <value>0x3419</value>
         <object_component_ref idref="oc-279"/>
      </symbol>
      <symbol id="sm-641">
         <name>I2CMasterControl</name>
         <value>0x3415</value>
         <object_component_ref idref="oc-26d"/>
      </symbol>
      <symbol id="sm-642">
         <name>I2CMasterBusy</name>
         <value>0x33dd</value>
         <object_component_ref idref="oc-273"/>
      </symbol>
      <symbol id="sm-643">
         <name>I2CMasterEnable</name>
         <value>0x33ad</value>
         <object_component_ref idref="oc-258"/>
      </symbol>
      <symbol id="sm-663">
         <name>IntRegister</name>
         <value>0x3181</value>
         <object_component_ref idref="oc-1c0"/>
      </symbol>
      <symbol id="sm-664">
         <name>g_pfnRAMVectors</name>
         <value>0x20000000</value>
         <object_component_ref idref="oc-2ac"/>
      </symbol>
      <symbol id="sm-665">
         <name>IntMasterEnable</name>
         <value>0x3341</value>
         <object_component_ref idref="oc-11a"/>
      </symbol>
      <symbol id="sm-69d">
         <name>SSIDataPut</name>
         <value>0x33b7</value>
         <object_component_ref idref="oc-2f6"/>
      </symbol>
      <symbol id="sm-69e">
         <name>SSIDataGet</name>
         <value>0x3389</value>
         <object_component_ref idref="oc-2fc"/>
      </symbol>
      <symbol id="sm-69f">
         <name>SSIConfigSetExpClk</name>
         <value>0x310d</value>
         <object_component_ref idref="oc-2d8"/>
      </symbol>
      <symbol id="sm-6a0">
         <name>SSIEnable</name>
         <value>0x33c1</value>
         <object_component_ref idref="oc-2de"/>
      </symbol>
      <symbol id="sm-6a1">
         <name>SSIClockSourceSet</name>
         <value>0x3409</value>
         <object_component_ref idref="oc-2d2"/>
      </symbol>
      <symbol id="sm-6a2">
         <name>SSIBusy</name>
         <value>0x33ed</value>
         <object_component_ref idref="oc-2f0"/>
      </symbol>
      <symbol id="sm-701">
         <name>SysCtlClockSet</name>
         <value>0x2a21</value>
         <object_component_ref idref="oc-e4"/>
      </symbol>
      <symbol id="sm-702">
         <name>SysCtlDelay</name>
         <value>0x340f</value>
         <object_component_ref idref="oc-120"/>
      </symbol>
      <symbol id="sm-703">
         <name>SysCtlPeripheralEnable</name>
         <value>0x31b5</value>
         <object_component_ref idref="oc-179"/>
      </symbol>
      <symbol id="sm-704">
         <name>SysCtlClockGet</name>
         <value>0x27f1</value>
         <object_component_ref idref="oc-ea"/>
      </symbol>
      <symbol id="sm-705">
         <name>SysCtlPeripheralReset</name>
         <value>0x2f5d</value>
         <object_component_ref idref="oc-17f"/>
      </symbol>
      <symbol id="sm-732">
         <name>SysTickEnable</name>
         <value>0x3319</value>
         <object_component_ref idref="oc-102"/>
      </symbol>
      <symbol id="sm-733">
         <name>SysTickIntRegister</name>
         <value>0x3271</value>
         <object_component_ref idref="oc-f6"/>
      </symbol>
      <symbol id="sm-734">
         <name>SysTickIntEnable</name>
         <value>0x332d</value>
         <object_component_ref idref="oc-fc"/>
      </symbol>
      <symbol id="sm-735">
         <name>SysTickPeriodSet</name>
         <value>0x3351</value>
         <object_component_ref idref="oc-f0"/>
      </symbol>
      <symbol id="sm-759">
         <name>TimerEnable</name>
         <value>0x3361</value>
         <object_component_ref idref="oc-380"/>
      </symbol>
      <symbol id="sm-75a">
         <name>TimerValueGet</name>
         <value>0x33cb</value>
         <object_component_ref idref="oc-386"/>
      </symbol>
      <symbol id="sm-75b">
         <name>TimerConfigure</name>
         <value>0x2ea1</value>
         <object_component_ref idref="oc-37a"/>
      </symbol>
      <symbol id="sm-765">
         <name>CPUcpsie</name>
         <value>0x337d</value>
         <object_component_ref idref="oc-20e"/>
      </symbol>
      <symbol id="sm-766">
         <name>__TI_static_base__</name>
         <value>0x0</value>
      </symbol>
      <symbol id="sm-769">
         <name>__mpu_init</name>
         <value>0x0</value>
      </symbol>
      <symbol id="sm-76a">
         <name>_system_post_cinit</name>
         <value>0x0</value>
      </symbol>
   </symbol_table>
   <title>Link successful</title>
</link_info>
