******************************************************************************
                  TI ARM Linker PC v18.12.4                    
******************************************************************************
>> Linked Sat Mar 14 17:03:55 2020

OUTPUT FILE NAME:   <FitnessTracker.out>
ENTRY POINT SYMBOL: "_c_int00_noargs"  address: 0000326d


MEMORY CONFIGURATION

         name            origin    length      used     unused   attr    fill
----------------------  --------  ---------  --------  --------  ----  --------
  FLASH                 00000000   00040000  00003992  0003c66e  R  X
  SRAM                  20000000   00008000  0000090d  000076f3  RW X


SEGMENT ALLOCATION MAP

run origin  load origin   length   init length attrs members
----------  ----------- ---------- ----------- ----- -------
00000000    00000000    00003998   00003998    r-x
  00000000    00000000    0000026c   0000026c    r-- .intvecs
  0000026c    0000026c    00003242   00003242    r-x .text
  000034b0    000034b0    0000049c   0000049c    r-- .const
  00003950    00003950    00000048   00000048    r-- .cinit
20000000    20000000    00000914   00000000    rw-
  20000000    20000000    0000026c   00000000    rw- .vtable
  2000026c    2000026c    0000038d   00000000    rw- .bss
  20000600    20000600    00000200   00000000    rw- .stack
  20000800    20000800    00000100   00000000    rw- .sysmem
  20000900    20000900    00000014   00000000    rw- .data


SECTION ALLOCATION MAP

 output                                  attributes/
section   page    origin      length       input sections
--------  ----  ----------  ----------   ----------------
.intvecs   0    00000000    0000026c     
                  00000000    0000026c     tm4c123gh6pm_startup_ccs.obj (.intvecs)

.text      0    0000026c    00003242     
                  0000026c    00000c84     ustdlib.obj (.text)
                  00000ef0    00000950     OrbitOledGrph.obj (.text)
                  00001840    0000037c     OrbitOled.obj (.text)
                  00001bbc    000002c8     fitness_tracker.obj (.text)
                  00001e84    00000220     buttons4.obj (.text)
                  000020a4    00000204     OrbitOledChar.obj (.text)
                  000022a8    00000204     i2c_driver.obj (.text)
                  000024ac    000001f0     acc_reader.obj (.text)
                  0000269c    00000132     driverlib.lib : gpio.obj (.text:GPIOPadConfigSet)
                  000027ce    00000002     rtsv7M4_T_le_v4SPD16_eabi.lib : _lock.c.obj (.text:_nop)
                  000027d0    00000118     driverlib.lib : sysctl.obj (.text:SysCtlClockGet)
                  000028e8    00000118     rtsv7M4_T_le_v4SPD16_eabi.lib : memory.c.obj (.text:aligned_alloc)
                  00002a00    000000f4     driverlib.lib : sysctl.obj (.text:SysCtlClockSet)
                  00002af4    000000e4     rtsv7M4_T_le_v4SPD16_eabi.lib : memory.c.obj (.text:free)
                  00002bd8    000000b8     circBufT.obj (.text)
                  00002c90    000000a6     oled.obj (.text)
                  00002d36    0000009c     rtsv7M4_T_le_v4SPD16_eabi.lib : memcpy_t2.asm.obj (.text)
                  00002dd2    0000007a                                   : memset_t2.asm.obj (.text)
                  00002e4c    00000070                                   : memory.c.obj (.text:split)
                  00002ebc    00000068                                   : copy_decompress_lzss.c.obj (.text:decompress:lzss:__TI_decompress_lzss)
                  00002f24    00000060     driverlib.lib : timer.obj (.text:TimerConfigure)
                  00002f84    0000005c     delay.obj (.text)
                  00002fe0    00000050     driverlib.lib : sysctl.obj (.text:SysCtlPeripheralReset)
                  00003030    0000004c                   : gpio.obj (.text:GPIOPinConfigure)
                  0000307c    0000004c                   : i2c.obj (.text:I2CMasterInitExpClk)
                  000030c8    00000044     OrbitOLEDInterface.obj (.text)
                  0000310c    00000044     rtsv7M4_T_le_v4SPD16_eabi.lib : autoinit.c.obj (.text:__TI_auto_init_nobinit_nopinit:__TI_auto_init_nobinit_nopinit)
                  00003150    00000040                                   : u_divt2.asm.obj (.text)
                  00003190    0000003c     driverlib.lib : ssi.obj (.text:SSIConfigSetExpClk)
                  000031cc    00000038     rtsv7M4_T_le_v4SPD16_eabi.lib : memory.c.obj (.text:calloc)
                  00003204    00000034     driverlib.lib : interrupt.obj (.text:IntRegister)
                  00003238    00000034                   : sysctl.obj (.text:SysCtlPeripheralEnable)
                  0000326c    00000034     rtsv7M4_T_le_v4SPD16_eabi.lib : boot_cortex_m.c.obj (.text:_c_int00_noargs:_c_int00_noargs)
                  000032a0    0000002c     driverlib.lib : gpio.obj (.text:GPIODirModeSet)
                  000032cc    00000028     rtsv7M4_T_le_v4SPD16_eabi.lib : memory.c.obj (.text:free_list_insert)
                  000032f4    0000001c     driverlib.lib : systick.obj (.text:SysTickIntRegister)
                  00003310    0000001c     rtsv7M4_T_le_v4SPD16_eabi.lib : memory.c.obj (.text:free_list_remove)
                  0000332c    00000018     driverlib.lib : gpio.obj (.text:GPIOPinTypeGPIOOutput)
                  00003344    00000016                   : gpio.obj (.text:GPIOPinTypeGPIOInput)
                  0000335a    00000016                   : gpio.obj (.text:GPIOPinTypeI2C)
                  00003370    00000016                   : gpio.obj (.text:GPIOPinTypeI2CSCL)
                  00003386    00000016                   : gpio.obj (.text:GPIOPinTypeSSI)
                  0000339c    00000014                   : systick.obj (.text:SysTickEnable)
                  000033b0    00000014                   : systick.obj (.text:SysTickIntEnable)
                  000033c4    00000010                   : interrupt.obj (.text:IntMasterEnable)
                  000033d4    00000010                   : systick.obj (.text:SysTickPeriodSet)
                  000033e4    0000000e                   : timer.obj (.text:TimerEnable)
                  000033f2    0000000e     rtsv7M4_T_le_v4SPD16_eabi.lib : copy_decompress_none.c.obj (.text:decompress:none:__TI_decompress_none)
                  00003400    0000000c     driverlib.lib : cpu.obj (.text:CPUcpsie)
                  0000340c    0000000c                   : ssi.obj (.text:SSIDataGet)
                  00003418    0000000c     rtsv7M4_T_le_v4SPD16_eabi.lib : copy_zero_init.c.obj (.text:decompress:ZI:__TI_zero_init)
                  00003424    0000000c     tm4c123gh6pm_startup_ccs.obj (.text)
                  00003430    0000000a     driverlib.lib : i2c.obj (.text:I2CMasterEnable)
                  0000343a    0000000a                   : ssi.obj (.text:SSIDataPut)
                  00003444    0000000a                   : ssi.obj (.text:SSIEnable)
                  0000344e    0000000a                   : timer.obj (.text:TimerValueGet)
                  00003458    00000008                   : i2c.obj (.text:I2CMasterBusBusy)
                  00003460    00000008                   : i2c.obj (.text:I2CMasterBusy)
                  00003468    00000008                   : i2c.obj (.text:I2CMasterSlaveAddrSet)
                  00003470    00000008                   : ssi.obj (.text:SSIBusy)
                  00003478    00000008     rtsv7M4_T_le_v4SPD16_eabi.lib : memory.c.obj (.text:malloc)
                  00003480    00000006     driverlib.lib : gpio.obj (.text:GPIOPinRead)
                  00003486    00000006                   : gpio.obj (.text:GPIOPinWrite)
                  0000348c    00000006                   : ssi.obj (.text:SSIClockSourceSet)
                  00003492    00000006                   : sysctl.obj (.text:SysCtlDelay)
                  00003498    00000004                   : i2c.obj (.text:I2CMasterControl)
                  0000349c    00000004                   : i2c.obj (.text:I2CMasterDataGet)
                  000034a0    00000004                   : i2c.obj (.text:I2CMasterDataPut)
                  000034a4    00000004     rtsv7M4_T_le_v4SPD16_eabi.lib : pre_init.c.obj (.text:_system_pre_init)
                  000034a8    00000004                                   : exit.c.obj (.text:abort:abort)
                  000034ac    00000002                                   : div0.asm.obj (.text)

.const     0    000034b0    0000049c     
                  000034b0    00000300     ChrFont0.obj (.const:.string:rgbOledFont0)
                  000037b0    00000090     driverlib.lib : gpio.obj (.const:g_pui32GPIOBaseAddrs)
                  00003840    0000006c                   : sysctl.obj (.const:g_pui32Xtals)
                  000038ac    00000040     FillPat.obj (.const:.string:rgbFillPat)
                  000038ec    00000030     ustdlib.obj (.const:g_psDaysToMonth)
                  0000391c    00000018     ustdlib.obj (.const:g_pfExponents)
                  00003934    00000012     ustdlib.obj (.const:.string)
                  00003946    00000002     --HOLE-- [fill = 0]
                  00003948    00000004     ustdlib.obj (.const)

.cinit     0    00003950    00000048     
                  00003950    00000010     (.cinit..data.load) [load image, compression = lzss]
                  00003960    0000000c     (__TI_handler_table)
                  0000396c    00000004     --HOLE-- [fill = 0]
                  00003970    00000008     (.cinit..bss.load) [load image, compression = zero_init]
                  00003978    00000008     (.cinit..vtable.load) [load image, compression = zero_init]
                  00003980    00000018     (__TI_cinit_table)

.init_array 
*          0    00000000    00000000     UNINITIALIZED

.vtable    0    20000000    0000026c     UNINITIALIZED
                  20000000    0000026c     driverlib.lib : interrupt.obj (.vtable)

.bss       0    2000026c    0000038d     UNINITIALIZED
                  2000026c    00000200     (.common:rgbOledBmp)
                  2000046c    00000100     (.common:rgbOledFontUser)
                  2000056c    00000010     fitness_tracker.obj (.bss:circbuf_x)
                  2000057c    00000010     fitness_tracker.obj (.bss:circbuf_y)
                  2000058c    00000010     fitness_tracker.obj (.bss:circbuf_z)
                  2000059c    00000004     buttons4.obj (.bss:but_count)
                  200005a0    00000004     buttons4.obj (.bss:but_flag)
                  200005a4    00000004     buttons4.obj (.bss:but_normal)
                  200005a8    00000004     buttons4.obj (.bss:but_state)
                  200005ac    00000004     (.common:bnOledCur)
                  200005b0    00000004     (.common:dxcoOledFontCur)
                  200005b4    00000004     (.common:dycoOledFontCur)
                  200005b8    00000004     (.common:fOledCharUpdate)
                  200005bc    00000004     (.common:modOledCur)
                  200005c0    00000004     (.common:pbOledCur)
                  200005c4    00000004     (.common:pbOledFontCur)
                  200005c8    00000004     (.common:pbOledFontUser)
                  200005cc    00000004     (.common:pbOledPatCur)
                  200005d0    00000004     (.common:pfnDoRop)
                  200005d4    00000004     (.common:run_acc)
                  200005d8    00000004     (.common:run_btn)
                  200005dc    00000004     (.common:run_oled)
                  200005e0    00000004     (.common:xchOledCur)
                  200005e4    00000004     (.common:xchOledMax)
                  200005e8    00000004     (.common:xcoOledCur)
                  200005ec    00000004     (.common:ychOledCur)
                  200005f0    00000004     (.common:ychOledMax)
                  200005f4    00000004     (.common:ycoOledCur)
                  200005f8    00000001     (.common:clrOledCur)

.stack     0    20000600    00000200     UNINITIALIZED
                  20000600    00000004     rtsv7M4_T_le_v4SPD16_eabi.lib : boot_cortex_m.c.obj (.stack)
                  20000604    000001fc     --HOLE--

.sysmem    0    20000800    00000100     UNINITIALIZED
                  20000800    00000010     rtsv7M4_T_le_v4SPD16_eabi.lib : memory.c.obj (.sysmem)
                  20000810    000000f0     --HOLE--

.data      0    20000900    00000014     UNINITIALIZED
                  20000900    00000008     rtsv7M4_T_le_v4SPD16_eabi.lib : _lock.c.obj (.data:$O1$$)
                  20000908    00000008                                   : memory.c.obj (.data:$O1$$)
                  20000910    00000004     ustdlib.obj (.data)

MODULE SUMMARY

       Module                         code    ro data   rw data
       ------                         ----    -------   -------
    .\
       ustdlib.obj                    3204    94        4      
       fitness_tracker.obj            712     0         60     
       tm4c123gh6pm_startup_ccs.obj   12      620       0      
       buttons4.obj                   544     0         16     
       i2c_driver.obj                 516     0         0      
       acc_reader.obj                 496     0         0      
       circBufT.obj                   184     0         0      
       oled.obj                       166     0         0      
    +--+------------------------------+-------+---------+---------+
       Total:                         5834    714       80     
                                                               
    .\OrbitOLED\
       OrbitOLEDInterface.obj         68      0         0      
    +--+------------------------------+-------+---------+---------+
       Total:                         68      0         0      
                                                               
    .\OrbitOLED\lib_OrbitOled\
       OrbitOledGrph.obj              2384    0         8      
       OrbitOled.obj                  892     0         553    
       OrbitOledChar.obj              516     0         272    
       ChrFont0.obj                   0       768       0      
       delay.obj                      92      0         0      
       FillPat.obj                    0       64        0      
    +--+------------------------------+-------+---------+---------+
       Total:                         3884    832       833    
                                                               
    C:/ti/TivaWare_C_Series-2.1.4.178/driverlib/ccs/Debug/driverlib.lib
       sysctl.obj                     662     108       0      
       gpio.obj                       550     144       0      
       interrupt.obj                  68      0         620    
       i2c.obj                        122     0         0      
       timer.obj                      120     0         0      
       ssi.obj                        106     0         0      
       systick.obj                    84      0         0      
       cpu.obj                        12      0         0      
    +--+------------------------------+-------+---------+---------+
       Total:                         1724    252       620    
                                                               
    C:\ti\ccs920\ccs\tools\compiler\ti-cgt-arm_18.12.4.LTS\lib\rtsv7M4_T_le_v4SPD16_eabi.lib
       memory.c.obj                   752     0         8      
       memcpy_t2.asm.obj              156     0         0      
       memset_t2.asm.obj              122     0         0      
       copy_decompress_lzss.c.obj     104     0         0      
       autoinit.c.obj                 68      0         0      
       u_divt2.asm.obj                64      0         0      
       boot_cortex_m.c.obj            52      0         0      
       copy_decompress_none.c.obj     14      0         0      
       copy_zero_init.c.obj           12      0         0      
       _lock.c.obj                    2       0         8      
       exit.c.obj                     4       0         0      
       pre_init.c.obj                 4       0         0      
       div0.asm.obj                   2       0         0      
    +--+------------------------------+-------+---------+---------+
       Total:                         1356    0         16     
                                                               
       Heap:                          0       0         256    
       Stack:                         0       0         512    
       Linker Generated:              0       68        0      
    +--+------------------------------+-------+---------+---------+
       Grand Total:                   12866   1866      2317   


LINKER GENERATED COPY TABLES

__TI_cinit_table @ 00003980 records: 3, size/record: 8, table size: 24
	.data: load addr=00003950, load size=00000010 bytes, run addr=20000900, run size=00000014 bytes, compression=lzss
	.bss: load addr=00003970, load size=00000008 bytes, run addr=2000026c, run size=0000038d bytes, compression=zero_init
	.vtable: load addr=00003978, load size=00000008 bytes, run addr=20000000, run size=0000026c bytes, compression=zero_init


LINKER GENERATED HANDLER TABLE

__TI_handler_table @ 00003960 records: 3, size/record: 4, table size: 12
	index: 0, handler: __TI_zero_init
	index: 1, handler: __TI_decompress_lzss
	index: 2, handler: __TI_decompress_none


GLOBAL SYMBOLS: SORTED ALPHABETICALLY BY Name 

address   name                          
-------   ----                          
000034a9  C$$EXIT                       
00003401  CPUcpsie                      
00002f85  DelayInit                     
00002f9f  DelayMs                       
000022a9  Delay_us                      
000032a1  GPIODirModeSet                
0000269d  GPIOPadConfigSet              
00003031  GPIOPinConfigure              
00003481  GPIOPinRead                   
00003345  GPIOPinTypeGPIOInput          
0000332d  GPIOPinTypeGPIOOutput         
0000335b  GPIOPinTypeI2C                
00003371  GPIOPinTypeI2CSCL             
00003387  GPIOPinTypeSSI                
00003487  GPIOPinWrite                  
0000248b  I2CGenIsNotIdle               
000022db  I2CGenTransmit                
00003459  I2CMasterBusBusy              
00003461  I2CMasterBusy                 
00003499  I2CMasterControl              
0000349d  I2CMasterDataGet              
000034a1  I2CMasterDataPut              
00003431  I2CMasterEnable               
0000307d  I2CMasterInitExpClk           
00003469  I2CMasterSlaveAddrSet         
000033c5  IntMasterEnable               
00003205  IntRegister                   
000030ef  OLEDInitialise                
000030c9  OLEDStringDraw                
0000223d  OrbitOledAdvanceCursor        
000017e1  OrbitOledClampXco             
00001801  OrbitOledClampYco             
00001a1d  OrbitOledClear                
00001a29  OrbitOledClearBuffer          
0000210d  OrbitOledDefUserChar          
00001999  OrbitOledDevInit              
00001623  OrbitOledDrawChar             
000021c5  OrbitOledDrawGlyph            
00000fe7  OrbitOledDrawPixel            
0000112d  OrbitOledDrawRect             
00001683  OrbitOledDrawString           
0000191f  OrbitOledDvrInit              
000011b1  OrbitOledFillRect             
000012f5  OrbitOledGetBmp               
00002175  OrbitOledGetCharUpdate        
000020f1  OrbitOledGetCursor            
00000fe1  OrbitOledGetDrawMode          
00001013  OrbitOledGetPixel             
00000f37  OrbitOledGetPos               
00000f6b  OrbitOledGetStdPattern        
00001855  OrbitOledHostInit             
00001841  OrbitOledInit                 
0000102d  OrbitOledLineTo               
00001779  OrbitOledMoveDown             
000017af  OrbitOledMoveLeft             
000017c7  OrbitOledMoveRight            
00000ef1  OrbitOledMoveTo               
00001741  OrbitOledMoveUp               
00001455  OrbitOledPutBmp               
00001ab3  OrbitOledPutBuffer            
0000217b  OrbitOledPutChar              
00002199  OrbitOledPutString            
000016ef  OrbitOledRopAnd               
000016cb  OrbitOledRopOr                
000016a1  OrbitOledRopSet               
00001713  OrbitOledRopXor               
0000215d  OrbitOledSetCharUpdate        
000020a5  OrbitOledSetCursor            
00000f53  OrbitOledSetDrawColor         
00000f8d  OrbitOledSetDrawMode          
00000f7d  OrbitOledSetFillPattern       
00001a59  OrbitOledUpdate               
00003425  ResetISR                      
00003471  SSIBusy                       
0000348d  SSIClockSourceSet             
00003191  SSIConfigSetExpClk            
0000340d  SSIDataGet                    
0000343b  SSIDataPut                    
00003445  SSIEnable                     
00001b19  Ssi3PutByte                   
000027d1  SysCtlClockGet                
00002a01  SysCtlClockSet                
00003493  SysCtlDelay                   
00003239  SysCtlPeripheralEnable        
00002fe1  SysCtlPeripheralReset         
0000339d  SysTickEnable                 
000033b1  SysTickIntEnable              
00001be5  SysTickIntHandler             
000032f5  SysTickIntRegister            
000033d5  SysTickPeriodSet              
00002f25  TimerConfigure                
000033e5  TimerEnable                   
0000344f  TimerValueGet                 
20000800  __STACK_END                   
00000200  __STACK_SIZE                  
20000800  __STACK_TOP                   
00000100  __SYSMEM_SIZE                 
00003980  __TI_CINIT_Base               
00003998  __TI_CINIT_Limit              
00003960  __TI_Handler_Table_Base       
0000396c  __TI_Handler_Table_Limit      
0000310d  __TI_auto_init_nobinit_nopinit
00002ebd  __TI_decompress_lzss          
000033f3  __TI_decompress_none          
ffffffff  __TI_pprof_out_hndl           
ffffffff  __TI_prof_data_size           
ffffffff  __TI_prof_data_start          
00000000  __TI_static_base__            
00003419  __TI_zero_init                
000034ad  __aeabi_idiv0                 
000034ad  __aeabi_ldiv0                 
00002dd3  __aeabi_memclr                
00002dd3  __aeabi_memclr4               
00002dd3  __aeabi_memclr8               
00002d37  __aeabi_memcpy                
00002d37  __aeabi_memcpy4               
00002d37  __aeabi_memcpy8               
00002dd5  __aeabi_memset                
00002dd5  __aeabi_memset4               
00002dd5  __aeabi_memset8               
00003151  __aeabi_uidiv                 
00003151  __aeabi_uidivmod              
ffffffff  __binit__                     
ffffffff  __c_args__                    
UNDEFED   __mpu_init                    
20000600  __stack                       
0000326d  _c_int00_noargs               
20000900  _lock                         
000027cf  _nop                          
20000800  _sys_memory                   
UNDEFED   _system_post_cinit            
000034a5  _system_pre_init              
20000904  _unlock                       
000034a9  abort                         
00001bbd  acc_buff_write                
000028e9  aligned_alloc                 
ffffffff  binit                         
200005ac  bnOledCur                     
000031cd  calloc                        
00002027  checkButton                   
200005f8  clrOledCur                    
00002c99  displayUpdate                 
200005b0  dxcoOledFontCur               
200005b4  dycoOledFontCur               
200005b8  fOledCharUpdate               
00002af5  free                          
00002c6b  freeCircBuf                   
20000000  g_pfnRAMVectors               
00000000  g_pfnVectors                  
000025ad  getAcclData                   
00002619  getAcclDataCmS2               
000024ad  initAccl                      
00001e85  initButtons                   
00002bd9  initCircBuf                   
00001bff  initClock                     
00002c91  initDisplay                   
00001cfd  main                          
00003479  malloc                        
00001c25  mean_calc                     
000028e9  memalign                      
00002d37  memcpy                        
00002ddb  memset                        
200005bc  modOledCur                    
00002ce1  oled_update                   
200005c0  pbOledCur                     
200005c4  pbOledFontCur                 
200005c8  pbOledFontUser                
200005cc  pbOledPatCur                  
200005d0  pfnDoRop                      
00002c37  readCircBuf                   
00001c3d  ref_ori_get                   
000038ac  rgbFillPat                    
2000026c  rgbOledBmp                    
000034b0  rgbOledFont0                  
2000046c  rgbOledFontUser               
200005d4  run_acc                       
200005d8  run_btn                       
200005dc  run_oled                      
00000751  ulocaltime                    
0000094f  umktime                       
00001f53  updateButtons                 
00000ec9  urand                         
00000721  usnprintf                     
000006ef  usprintf                      
00000eb9  usrand                        
00000e31  ustrcasecmp                   
00000ea5  ustrcmp                       
00000d35  ustrlen                       
00000d8d  ustrncasecmp                  
00000e45  ustrncmp                      
0000026d  ustrncpy                      
00000d57  ustrstr                       
00000afd  ustrtof                       
000009c5  ustrtoul                      
000002c5  uvsnprintf                    
00002c03  writeCircBuf                  
200005e0  xchOledCur                    
200005e4  xchOledMax                    
200005e8  xcoOledCur                    
200005ec  ychOledCur                    
200005f0  ychOledMax                    
200005f4  ycoOledCur                    


GLOBAL SYMBOLS: SORTED BY Symbol Address 

address   name                          
-------   ----                          
00000000  __TI_static_base__            
00000000  g_pfnVectors                  
00000100  __SYSMEM_SIZE                 
00000200  __STACK_SIZE                  
0000026d  ustrncpy                      
000002c5  uvsnprintf                    
000006ef  usprintf                      
00000721  usnprintf                     
00000751  ulocaltime                    
0000094f  umktime                       
000009c5  ustrtoul                      
00000afd  ustrtof                       
00000d35  ustrlen                       
00000d57  ustrstr                       
00000d8d  ustrncasecmp                  
00000e31  ustrcasecmp                   
00000e45  ustrncmp                      
00000ea5  ustrcmp                       
00000eb9  usrand                        
00000ec9  urand                         
00000ef1  OrbitOledMoveTo               
00000f37  OrbitOledGetPos               
00000f53  OrbitOledSetDrawColor         
00000f6b  OrbitOledGetStdPattern        
00000f7d  OrbitOledSetFillPattern       
00000f8d  OrbitOledSetDrawMode          
00000fe1  OrbitOledGetDrawMode          
00000fe7  OrbitOledDrawPixel            
00001013  OrbitOledGetPixel             
0000102d  OrbitOledLineTo               
0000112d  OrbitOledDrawRect             
000011b1  OrbitOledFillRect             
000012f5  OrbitOledGetBmp               
00001455  OrbitOledPutBmp               
00001623  OrbitOledDrawChar             
00001683  OrbitOledDrawString           
000016a1  OrbitOledRopSet               
000016cb  OrbitOledRopOr                
000016ef  OrbitOledRopAnd               
00001713  OrbitOledRopXor               
00001741  OrbitOledMoveUp               
00001779  OrbitOledMoveDown             
000017af  OrbitOledMoveLeft             
000017c7  OrbitOledMoveRight            
000017e1  OrbitOledClampXco             
00001801  OrbitOledClampYco             
00001841  OrbitOledInit                 
00001855  OrbitOledHostInit             
0000191f  OrbitOledDvrInit              
00001999  OrbitOledDevInit              
00001a1d  OrbitOledClear                
00001a29  OrbitOledClearBuffer          
00001a59  OrbitOledUpdate               
00001ab3  OrbitOledPutBuffer            
00001b19  Ssi3PutByte                   
00001bbd  acc_buff_write                
00001be5  SysTickIntHandler             
00001bff  initClock                     
00001c25  mean_calc                     
00001c3d  ref_ori_get                   
00001cfd  main                          
00001e85  initButtons                   
00001f53  updateButtons                 
00002027  checkButton                   
000020a5  OrbitOledSetCursor            
000020f1  OrbitOledGetCursor            
0000210d  OrbitOledDefUserChar          
0000215d  OrbitOledSetCharUpdate        
00002175  OrbitOledGetCharUpdate        
0000217b  OrbitOledPutChar              
00002199  OrbitOledPutString            
000021c5  OrbitOledDrawGlyph            
0000223d  OrbitOledAdvanceCursor        
000022a9  Delay_us                      
000022db  I2CGenTransmit                
0000248b  I2CGenIsNotIdle               
000024ad  initAccl                      
000025ad  getAcclData                   
00002619  getAcclDataCmS2               
0000269d  GPIOPadConfigSet              
000027cf  _nop                          
000027d1  SysCtlClockGet                
000028e9  aligned_alloc                 
000028e9  memalign                      
00002a01  SysCtlClockSet                
00002af5  free                          
00002bd9  initCircBuf                   
00002c03  writeCircBuf                  
00002c37  readCircBuf                   
00002c6b  freeCircBuf                   
00002c91  initDisplay                   
00002c99  displayUpdate                 
00002ce1  oled_update                   
00002d37  __aeabi_memcpy                
00002d37  __aeabi_memcpy4               
00002d37  __aeabi_memcpy8               
00002d37  memcpy                        
00002dd3  __aeabi_memclr                
00002dd3  __aeabi_memclr4               
00002dd3  __aeabi_memclr8               
00002dd5  __aeabi_memset                
00002dd5  __aeabi_memset4               
00002dd5  __aeabi_memset8               
00002ddb  memset                        
00002ebd  __TI_decompress_lzss          
00002f25  TimerConfigure                
00002f85  DelayInit                     
00002f9f  DelayMs                       
00002fe1  SysCtlPeripheralReset         
00003031  GPIOPinConfigure              
0000307d  I2CMasterInitExpClk           
000030c9  OLEDStringDraw                
000030ef  OLEDInitialise                
0000310d  __TI_auto_init_nobinit_nopinit
00003151  __aeabi_uidiv                 
00003151  __aeabi_uidivmod              
00003191  SSIConfigSetExpClk            
000031cd  calloc                        
00003205  IntRegister                   
00003239  SysCtlPeripheralEnable        
0000326d  _c_int00_noargs               
000032a1  GPIODirModeSet                
000032f5  SysTickIntRegister            
0000332d  GPIOPinTypeGPIOOutput         
00003345  GPIOPinTypeGPIOInput          
0000335b  GPIOPinTypeI2C                
00003371  GPIOPinTypeI2CSCL             
00003387  GPIOPinTypeSSI                
0000339d  SysTickEnable                 
000033b1  SysTickIntEnable              
000033c5  IntMasterEnable               
000033d5  SysTickPeriodSet              
000033e5  TimerEnable                   
000033f3  __TI_decompress_none          
00003401  CPUcpsie                      
0000340d  SSIDataGet                    
00003419  __TI_zero_init                
00003425  ResetISR                      
00003431  I2CMasterEnable               
0000343b  SSIDataPut                    
00003445  SSIEnable                     
0000344f  TimerValueGet                 
00003459  I2CMasterBusBusy              
00003461  I2CMasterBusy                 
00003469  I2CMasterSlaveAddrSet         
00003471  SSIBusy                       
00003479  malloc                        
00003481  GPIOPinRead                   
00003487  GPIOPinWrite                  
0000348d  SSIClockSourceSet             
00003493  SysCtlDelay                   
00003499  I2CMasterControl              
0000349d  I2CMasterDataGet              
000034a1  I2CMasterDataPut              
000034a5  _system_pre_init              
000034a9  C$$EXIT                       
000034a9  abort                         
000034ad  __aeabi_idiv0                 
000034ad  __aeabi_ldiv0                 
000034b0  rgbOledFont0                  
000038ac  rgbFillPat                    
00003960  __TI_Handler_Table_Base       
0000396c  __TI_Handler_Table_Limit      
00003980  __TI_CINIT_Base               
00003998  __TI_CINIT_Limit              
20000000  g_pfnRAMVectors               
2000026c  rgbOledBmp                    
2000046c  rgbOledFontUser               
200005ac  bnOledCur                     
200005b0  dxcoOledFontCur               
200005b4  dycoOledFontCur               
200005b8  fOledCharUpdate               
200005bc  modOledCur                    
200005c0  pbOledCur                     
200005c4  pbOledFontCur                 
200005c8  pbOledFontUser                
200005cc  pbOledPatCur                  
200005d0  pfnDoRop                      
200005d4  run_acc                       
200005d8  run_btn                       
200005dc  run_oled                      
200005e0  xchOledCur                    
200005e4  xchOledMax                    
200005e8  xcoOledCur                    
200005ec  ychOledCur                    
200005f0  ychOledMax                    
200005f4  ycoOledCur                    
200005f8  clrOledCur                    
20000600  __stack                       
20000800  __STACK_END                   
20000800  __STACK_TOP                   
20000800  _sys_memory                   
20000900  _lock                         
20000904  _unlock                       
ffffffff  __TI_pprof_out_hndl           
ffffffff  __TI_prof_data_size           
ffffffff  __TI_prof_data_start          
ffffffff  __binit__                     
ffffffff  __c_args__                    
ffffffff  binit                         
UNDEFED   __mpu_init                    
UNDEFED   _system_post_cinit            

[202 symbols]
