******************************************************************************
                  TI ARM Linker PC v18.12.4                    
******************************************************************************
>> Linked Mon Mar 16 18:32:42 2020

OUTPUT FILE NAME:   <FitnessTracker.out>
ENTRY POINT SYMBOL: "_c_int00_noargs"  address: 000035c9


MEMORY CONFIGURATION

         name            origin    length      used     unused   attr    fill
----------------------  --------  ---------  --------  --------  ----  --------
  FLASH                 00000000   00040000  00003cee  0003c312  R  X
  SRAM                  20000000   00008000  00000911  000076ef  RW X


SEGMENT ALLOCATION MAP

run origin  load origin   length   init length attrs members
----------  ----------- ---------- ----------- ----- -------
00000000    00000000    00003cf0   00003cf0    r-x
  00000000    00000000    0000026c   0000026c    r-- .intvecs
  0000026c    0000026c    0000359e   0000359e    r-x .text
  0000380c    0000380c    0000049c   0000049c    r-- .const
  00003ca8    00003ca8    00000048   00000048    r-- .cinit
20000000    20000000    00000914   00000000    rw-
  20000000    20000000    0000026c   00000000    rw- .vtable
  2000026c    2000026c    00000391   00000000    rw- .bss
  20000600    20000600    00000200   00000000    rw- .stack
  20000800    20000800    00000100   00000000    rw- .sysmem
  20000900    20000900    00000014   00000000    rw- .data


SECTION ALLOCATION MAP

 output                                  attributes/
section   page    origin      length       input sections
--------  ----  ----------  ----------   ----------------
.intvecs   0    00000000    0000026c     
                  00000000    0000026c     tm4c123gh6pm_startup_ccs.obj (.intvecs)

.text      0    0000026c    0000359e     
                  0000026c    00000c84     ustdlib.obj (.text)
                  00000ef0    00000950     OrbitOledGrph.obj (.text)
                  00001840    0000037c     OrbitOled.obj (.text)
                  00001bbc    00000300     fitness_tracker.obj (.text)
                  00001ebc    000002f8     fsm.obj (.text)
                  000021b4    00000220     buttons4.obj (.text)
                  000023d4    00000204     OrbitOledChar.obj (.text)
                  000025d8    00000204     i2c_driver.obj (.text)
                  000027dc    000001f0     acc_reader.obj (.text)
                  000029cc    00000132     driverlib.lib : gpio.obj (.text:GPIOPadConfigSet)
                  00002afe    00000002     rtsv7M4_T_le_v4SPD16_eabi.lib : _lock.c.obj (.text:_nop)
                  00002b00    00000118     driverlib.lib : sysctl.obj (.text:SysCtlClockGet)
                  00002c18    00000118     rtsv7M4_T_le_v4SPD16_eabi.lib : memory.c.obj (.text:aligned_alloc)
                  00002d30    000000f4     driverlib.lib : sysctl.obj (.text:SysCtlClockSet)
                  00002e24    000000e4     rtsv7M4_T_le_v4SPD16_eabi.lib : memory.c.obj (.text:free)
                  00002f08    000000d2     oled.obj (.text)
                  00002fda    000000b8     circBufT.obj (.text)
                  00003092    0000009c     rtsv7M4_T_le_v4SPD16_eabi.lib : memcpy_t2.asm.obj (.text)
                  0000312e    0000007a                                   : memset_t2.asm.obj (.text)
                  000031a8    00000070                                   : memory.c.obj (.text:split)
                  00003218    00000068                                   : copy_decompress_lzss.c.obj (.text:decompress:lzss:__TI_decompress_lzss)
                  00003280    00000060     driverlib.lib : timer.obj (.text:TimerConfigure)
                  000032e0    0000005c     delay.obj (.text)
                  0000333c    00000050     driverlib.lib : sysctl.obj (.text:SysCtlPeripheralReset)
                  0000338c    0000004c                   : gpio.obj (.text:GPIOPinConfigure)
                  000033d8    0000004c                   : i2c.obj (.text:I2CMasterInitExpClk)
                  00003424    00000044     OrbitOLEDInterface.obj (.text)
                  00003468    00000044     rtsv7M4_T_le_v4SPD16_eabi.lib : autoinit.c.obj (.text:__TI_auto_init_nobinit_nopinit:__TI_auto_init_nobinit_nopinit)
                  000034ac    00000040                                   : u_divt2.asm.obj (.text)
                  000034ec    0000003c     driverlib.lib : ssi.obj (.text:SSIConfigSetExpClk)
                  00003528    00000038     rtsv7M4_T_le_v4SPD16_eabi.lib : memory.c.obj (.text:calloc)
                  00003560    00000034     driverlib.lib : interrupt.obj (.text:IntRegister)
                  00003594    00000034                   : sysctl.obj (.text:SysCtlPeripheralEnable)
                  000035c8    00000034     rtsv7M4_T_le_v4SPD16_eabi.lib : boot_cortex_m.c.obj (.text:_c_int00_noargs:_c_int00_noargs)
                  000035fc    0000002c     driverlib.lib : gpio.obj (.text:GPIODirModeSet)
                  00003628    00000028     rtsv7M4_T_le_v4SPD16_eabi.lib : memory.c.obj (.text:free_list_insert)
                  00003650    0000001c     driverlib.lib : systick.obj (.text:SysTickIntRegister)
                  0000366c    0000001c     rtsv7M4_T_le_v4SPD16_eabi.lib : memory.c.obj (.text:free_list_remove)
                  00003688    00000018     driverlib.lib : gpio.obj (.text:GPIOPinTypeGPIOOutput)
                  000036a0    00000016                   : gpio.obj (.text:GPIOPinTypeGPIOInput)
                  000036b6    00000016                   : gpio.obj (.text:GPIOPinTypeI2C)
                  000036cc    00000016                   : gpio.obj (.text:GPIOPinTypeI2CSCL)
                  000036e2    00000016                   : gpio.obj (.text:GPIOPinTypeSSI)
                  000036f8    00000014                   : systick.obj (.text:SysTickEnable)
                  0000370c    00000014                   : systick.obj (.text:SysTickIntEnable)
                  00003720    00000010                   : interrupt.obj (.text:IntMasterEnable)
                  00003730    00000010                   : systick.obj (.text:SysTickPeriodSet)
                  00003740    0000000e                   : timer.obj (.text:TimerEnable)
                  0000374e    0000000e     rtsv7M4_T_le_v4SPD16_eabi.lib : copy_decompress_none.c.obj (.text:decompress:none:__TI_decompress_none)
                  0000375c    0000000c     driverlib.lib : cpu.obj (.text:CPUcpsie)
                  00003768    0000000c                   : ssi.obj (.text:SSIDataGet)
                  00003774    0000000c     rtsv7M4_T_le_v4SPD16_eabi.lib : copy_zero_init.c.obj (.text:decompress:ZI:__TI_zero_init)
                  00003780    0000000c     tm4c123gh6pm_startup_ccs.obj (.text)
                  0000378c    0000000a     driverlib.lib : i2c.obj (.text:I2CMasterEnable)
                  00003796    0000000a                   : ssi.obj (.text:SSIDataPut)
                  000037a0    0000000a                   : ssi.obj (.text:SSIEnable)
                  000037aa    0000000a                   : timer.obj (.text:TimerValueGet)
                  000037b4    00000008                   : i2c.obj (.text:I2CMasterBusBusy)
                  000037bc    00000008                   : i2c.obj (.text:I2CMasterBusy)
                  000037c4    00000008                   : i2c.obj (.text:I2CMasterSlaveAddrSet)
                  000037cc    00000008                   : ssi.obj (.text:SSIBusy)
                  000037d4    00000008     rtsv7M4_T_le_v4SPD16_eabi.lib : memory.c.obj (.text:malloc)
                  000037dc    00000006     driverlib.lib : gpio.obj (.text:GPIOPinRead)
                  000037e2    00000006                   : gpio.obj (.text:GPIOPinWrite)
                  000037e8    00000006                   : ssi.obj (.text:SSIClockSourceSet)
                  000037ee    00000006                   : sysctl.obj (.text:SysCtlDelay)
                  000037f4    00000004                   : i2c.obj (.text:I2CMasterControl)
                  000037f8    00000004                   : i2c.obj (.text:I2CMasterDataGet)
                  000037fc    00000004                   : i2c.obj (.text:I2CMasterDataPut)
                  00003800    00000004     rtsv7M4_T_le_v4SPD16_eabi.lib : pre_init.c.obj (.text:_system_pre_init)
                  00003804    00000004                                   : exit.c.obj (.text:abort:abort)
                  00003808    00000002                                   : div0.asm.obj (.text)

.const     0    0000380c    0000049c     
                  0000380c    00000300     ChrFont0.obj (.const:.string:rgbOledFont0)
                  00003b0c    00000090     driverlib.lib : gpio.obj (.const:g_pui32GPIOBaseAddrs)
                  00003b9c    0000006c                   : sysctl.obj (.const:g_pui32Xtals)
                  00003c08    00000040     FillPat.obj (.const:.string:rgbFillPat)
                  00003c48    00000030     ustdlib.obj (.const:g_psDaysToMonth)
                  00003c78    00000018     ustdlib.obj (.const:g_pfExponents)
                  00003c90    00000012     ustdlib.obj (.const:.string)
                  00003ca2    00000002     --HOLE-- [fill = 0]
                  00003ca4    00000004     ustdlib.obj (.const)

.cinit     0    00003ca8    00000048     
                  00003ca8    00000010     (.cinit..data.load) [load image, compression = lzss]
                  00003cb8    0000000c     (__TI_handler_table)
                  00003cc4    00000004     --HOLE-- [fill = 0]
                  00003cc8    00000008     (.cinit..bss.load) [load image, compression = zero_init]
                  00003cd0    00000008     (.cinit..vtable.load) [load image, compression = zero_init]
                  00003cd8    00000018     (__TI_cinit_table)

.init_array 
*          0    00000000    00000000     UNINITIALIZED

.vtable    0    20000000    0000026c     UNINITIALIZED
                  20000000    0000026c     driverlib.lib : interrupt.obj (.vtable)

.bss       0    2000026c    00000391     UNINITIALIZED
                  2000026c    00000200     (.common:rgbOledBmp)
                  2000046c    00000100     (.common:rgbOledFontUser)
                  2000056c    00000010     fitness_tracker.obj (.bss:circbuf_x)
                  2000057c    00000010     fitness_tracker.obj (.bss:circbuf_y)
                  2000058c    00000010     fitness_tracker.obj (.bss:circbuf_z)
                  2000059c    00000004     buttons4.obj (.bss:but_count)
                  200005a0    00000004     buttons4.obj (.bss:but_flag)
                  200005a4    00000004     buttons4.obj (.bss:but_normal)
                  200005a8    00000004     buttons4.obj (.bss:but_state)
                  200005ac    00000004     (.common:bnOledCur)
                  200005b0    00000004     (.common:dxcoOledFontCur)
                  200005b4    00000004     (.common:dycoOledFontCur)
                  200005b8    00000004     (.common:fOledCharUpdate)
                  200005bc    00000004     (.common:modOledCur)
                  200005c0    00000004     (.common:pbOledCur)
                  200005c4    00000004     (.common:pbOledFontCur)
                  200005c8    00000004     (.common:pbOledFontUser)
                  200005cc    00000004     (.common:pbOledPatCur)
                  200005d0    00000004     (.common:pfnDoRop)
                  200005d4    00000004     (.common:run_acc)
                  200005d8    00000004     (.common:run_btn)
                  200005dc    00000004     (.common:run_fsm)
                  200005e0    00000004     (.common:run_oled)
                  200005e4    00000004     (.common:xchOledCur)
                  200005e8    00000004     (.common:xchOledMax)
                  200005ec    00000004     (.common:xcoOledCur)
                  200005f0    00000004     (.common:ychOledCur)
                  200005f4    00000004     (.common:ychOledMax)
                  200005f8    00000004     (.common:ycoOledCur)
                  200005fc    00000001     (.common:clrOledCur)

.stack     0    20000600    00000200     UNINITIALIZED
                  20000600    00000004     rtsv7M4_T_le_v4SPD16_eabi.lib : boot_cortex_m.c.obj (.stack)
                  20000604    000001fc     --HOLE--

.sysmem    0    20000800    00000100     UNINITIALIZED
                  20000800    00000010     rtsv7M4_T_le_v4SPD16_eabi.lib : memory.c.obj (.sysmem)
                  20000810    000000f0     --HOLE--

.data      0    20000900    00000014     UNINITIALIZED
                  20000900    00000008     rtsv7M4_T_le_v4SPD16_eabi.lib : _lock.c.obj (.data:$O1$$)
                  20000908    00000008                                   : memory.c.obj (.data:$O1$$)
                  20000910    00000004     ustdlib.obj (.data)

MODULE SUMMARY

       Module                         code    ro data   rw data
       ------                         ----    -------   -------
    .\
       ustdlib.obj                    3204    94        4      
       fitness_tracker.obj            768     0         64     
       fsm.obj                        760     0         0      
       tm4c123gh6pm_startup_ccs.obj   12      620       0      
       buttons4.obj                   544     0         16     
       i2c_driver.obj                 516     0         0      
       acc_reader.obj                 496     0         0      
       oled.obj                       210     0         0      
       circBufT.obj                   184     0         0      
    +--+------------------------------+-------+---------+---------+
       Total:                         6694    714       84     
                                                               
    .\OrbitOLED\
       OrbitOLEDInterface.obj         68      0         0      
    +--+------------------------------+-------+---------+---------+
       Total:                         68      0         0      
                                                               
    .\OrbitOLED\lib_OrbitOled\
       OrbitOledGrph.obj              2384    0         8      
       OrbitOled.obj                  892     0         553    
       OrbitOledChar.obj              516     0         272    
       ChrFont0.obj                   0       768       0      
       delay.obj                      92      0         0      
       FillPat.obj                    0       64        0      
    +--+------------------------------+-------+---------+---------+
       Total:                         3884    832       833    
                                                               
    C:/ti/TivaWare_C_Series-2.1.4.178/driverlib/ccs/Debug/driverlib.lib
       sysctl.obj                     662     108       0      
       gpio.obj                       550     144       0      
       interrupt.obj                  68      0         620    
       i2c.obj                        122     0         0      
       timer.obj                      120     0         0      
       ssi.obj                        106     0         0      
       systick.obj                    84      0         0      
       cpu.obj                        12      0         0      
    +--+------------------------------+-------+---------+---------+
       Total:                         1724    252       620    
                                                               
    C:\ti\ccs920\ccs\tools\compiler\ti-cgt-arm_18.12.4.LTS\lib\rtsv7M4_T_le_v4SPD16_eabi.lib
       memory.c.obj                   752     0         8      
       memcpy_t2.asm.obj              156     0         0      
       memset_t2.asm.obj              122     0         0      
       copy_decompress_lzss.c.obj     104     0         0      
       autoinit.c.obj                 68      0         0      
       u_divt2.asm.obj                64      0         0      
       boot_cortex_m.c.obj            52      0         0      
       copy_decompress_none.c.obj     14      0         0      
       copy_zero_init.c.obj           12      0         0      
       _lock.c.obj                    2       0         8      
       exit.c.obj                     4       0         0      
       pre_init.c.obj                 4       0         0      
       div0.asm.obj                   2       0         0      
    +--+------------------------------+-------+---------+---------+
       Total:                         1356    0         16     
                                                               
       Heap:                          0       0         256    
       Stack:                         0       0         512    
       Linker Generated:              0       68        0      
    +--+------------------------------+-------+---------+---------+
       Grand Total:                   13726   1866      2321   


LINKER GENERATED COPY TABLES

__TI_cinit_table @ 00003cd8 records: 3, size/record: 8, table size: 24
	.data: load addr=00003ca8, load size=00000010 bytes, run addr=20000900, run size=00000014 bytes, compression=lzss
	.bss: load addr=00003cc8, load size=00000008 bytes, run addr=2000026c, run size=00000391 bytes, compression=zero_init
	.vtable: load addr=00003cd0, load size=00000008 bytes, run addr=20000000, run size=0000026c bytes, compression=zero_init


LINKER GENERATED HANDLER TABLE

__TI_handler_table @ 00003cb8 records: 3, size/record: 4, table size: 12
	index: 0, handler: __TI_zero_init
	index: 1, handler: __TI_decompress_lzss
	index: 2, handler: __TI_decompress_none


GLOBAL SYMBOLS: SORTED ALPHABETICALLY BY Name 

address   name                          
-------   ----                          
00003805  C$$EXIT                       
0000375d  CPUcpsie                      
000032e1  DelayInit                     
000032fb  DelayMs                       
000025d9  Delay_us                      
000035fd  GPIODirModeSet                
000029cd  GPIOPadConfigSet              
0000338d  GPIOPinConfigure              
000037dd  GPIOPinRead                   
000036a1  GPIOPinTypeGPIOInput          
00003689  GPIOPinTypeGPIOOutput         
000036b7  GPIOPinTypeI2C                
000036cd  GPIOPinTypeI2CSCL             
000036e3  GPIOPinTypeSSI                
000037e3  GPIOPinWrite                  
000027bb  I2CGenIsNotIdle               
0000260b  I2CGenTransmit                
000037b5  I2CMasterBusBusy              
000037bd  I2CMasterBusy                 
000037f5  I2CMasterControl              
000037f9  I2CMasterDataGet              
000037fd  I2CMasterDataPut              
0000378d  I2CMasterEnable               
000033d9  I2CMasterInitExpClk           
000037c5  I2CMasterSlaveAddrSet         
00003721  IntMasterEnable               
00003561  IntRegister                   
0000344b  OLEDInitialise                
00003425  OLEDStringDraw                
0000256d  OrbitOledAdvanceCursor        
000017e1  OrbitOledClampXco             
00001801  OrbitOledClampYco             
00001a1d  OrbitOledClear                
00001a29  OrbitOledClearBuffer          
0000243d  OrbitOledDefUserChar          
00001999  OrbitOledDevInit              
00001623  OrbitOledDrawChar             
000024f5  OrbitOledDrawGlyph            
00000fe7  OrbitOledDrawPixel            
0000112d  OrbitOledDrawRect             
00001683  OrbitOledDrawString           
0000191f  OrbitOledDvrInit              
000011b1  OrbitOledFillRect             
000012f5  OrbitOledGetBmp               
000024a5  OrbitOledGetCharUpdate        
00002421  OrbitOledGetCursor            
00000fe1  OrbitOledGetDrawMode          
00001013  OrbitOledGetPixel             
00000f37  OrbitOledGetPos               
00000f6b  OrbitOledGetStdPattern        
00001855  OrbitOledHostInit             
00001841  OrbitOledInit                 
0000102d  OrbitOledLineTo               
00001779  OrbitOledMoveDown             
000017af  OrbitOledMoveLeft             
000017c7  OrbitOledMoveRight            
00000ef1  OrbitOledMoveTo               
00001741  OrbitOledMoveUp               
00001455  OrbitOledPutBmp               
00001ab3  OrbitOledPutBuffer            
000024ab  OrbitOledPutChar              
000024c9  OrbitOledPutString            
000016ef  OrbitOledRopAnd               
000016cb  OrbitOledRopOr                
000016a1  OrbitOledRopSet               
00001713  OrbitOledRopXor               
0000248d  OrbitOledSetCharUpdate        
000023d5  OrbitOledSetCursor            
00000f53  OrbitOledSetDrawColor         
00000f8d  OrbitOledSetDrawMode          
00000f7d  OrbitOledSetFillPattern       
00001a59  OrbitOledUpdate               
00003781  ResetISR                      
000037cd  SSIBusy                       
000037e9  SSIClockSourceSet             
000034ed  SSIConfigSetExpClk            
00003769  SSIDataGet                    
00003797  SSIDataPut                    
000037a1  SSIEnable                     
00001b19  Ssi3PutByte                   
00002b01  SysCtlClockGet                
00002d31  SysCtlClockSet                
000037ef  SysCtlDelay                   
00003595  SysCtlPeripheralEnable        
0000333d  SysCtlPeripheralReset         
000036f9  SysTickEnable                 
0000370d  SysTickIntEnable              
00001be5  SysTickIntHandler             
00003651  SysTickIntRegister            
00003731  SysTickPeriodSet              
00003281  TimerConfigure                
00003741  TimerEnable                   
000037ab  TimerValueGet                 
20000800  __STACK_END                   
00000200  __STACK_SIZE                  
20000800  __STACK_TOP                   
00000100  __SYSMEM_SIZE                 
00003cd8  __TI_CINIT_Base               
00003cf0  __TI_CINIT_Limit              
00003cb8  __TI_Handler_Table_Base       
00003cc4  __TI_Handler_Table_Limit      
00003469  __TI_auto_init_nobinit_nopinit
00003219  __TI_decompress_lzss          
0000374f  __TI_decompress_none          
ffffffff  __TI_pprof_out_hndl           
ffffffff  __TI_prof_data_size           
ffffffff  __TI_prof_data_start          
00000000  __TI_static_base__            
00003775  __TI_zero_init                
00003809  __aeabi_idiv0                 
00003809  __aeabi_ldiv0                 
0000312f  __aeabi_memclr                
0000312f  __aeabi_memclr4               
0000312f  __aeabi_memclr8               
00003093  __aeabi_memcpy                
00003093  __aeabi_memcpy4               
00003093  __aeabi_memcpy8               
00003131  __aeabi_memset                
00003131  __aeabi_memset4               
00003131  __aeabi_memset8               
000034ad  __aeabi_uidiv                 
000034ad  __aeabi_uidivmod              
ffffffff  __binit__                     
ffffffff  __c_args__                    
UNDEFED   __mpu_init                    
20000600  __stack                       
000035c9  _c_int00_noargs               
20000900  _lock                         
00002aff  _nop                          
20000800  _sys_memory                   
UNDEFED   _system_post_cinit            
00003801  _system_pre_init              
20000904  _unlock                       
00003805  abort                         
00001bbd  acc_buff_write                
00002c19  aligned_alloc                 
ffffffff  binit                         
200005ac  bnOledCur                     
00003529  calloc                        
00002357  checkButton                   
200005fc  clrOledCur                    
00002f11  displayUpdate                 
200005b0  dxcoOledFontCur               
200005b4  dycoOledFontCur               
200005b8  fOledCharUpdate               
00002e25  free                          
0000306d  freeCircBuf                   
20000000  g_pfnRAMVectors               
00000000  g_pfnVectors                  
000028dd  getAcclData                   
00002949  getAcclDataCmS2               
000027dd  initAccl                      
000021b5  initButtons                   
00002fdb  initCircBuf                   
00001c07  initClock                     
00002f09  initDisplay                   
00001d05  main                          
000037d5  malloc                        
00001c2d  mean_calc                     
00002c19  memalign                      
00003093  memcpy                        
00003137  memset                        
200005bc  modOledCur                    
00002f59  oled_update                   
00002f91  oled_update_line              
200005c0  pbOledCur                     
200005c4  pbOledFontCur                 
200005c8  pbOledFontUser                
200005cc  pbOledPatCur                  
200005d0  pfnDoRop                      
00003039  readCircBuf                   
00001c45  ref_ori_get                   
00003c08  rgbFillPat                    
2000026c  rgbOledBmp                    
0000380c  rgbOledFont0                  
2000046c  rgbOledFontUser               
200005d4  run_acc                       
200005d8  run_btn                       
200005dc  run_fsm                       
200005e0  run_oled                      
00001ebd  state_update                  
00000751  ulocaltime                    
0000094f  umktime                       
00002283  updateButtons                 
00000ec9  urand                         
00000721  usnprintf                     
000006ef  usprintf                      
00000eb9  usrand                        
00000e31  ustrcasecmp                   
00000ea5  ustrcmp                       
00000d35  ustrlen                       
00000d8d  ustrncasecmp                  
00000e45  ustrncmp                      
0000026d  ustrncpy                      
00000d57  ustrstr                       
00000afd  ustrtof                       
000009c5  ustrtoul                      
000002c5  uvsnprintf                    
00003005  writeCircBuf                  
200005e4  xchOledCur                    
200005e8  xchOledMax                    
200005ec  xcoOledCur                    
200005f0  ychOledCur                    
200005f4  ychOledMax                    
200005f8  ycoOledCur                    


GLOBAL SYMBOLS: SORTED BY Symbol Address 

address   name                          
-------   ----                          
00000000  __TI_static_base__            
00000000  g_pfnVectors                  
00000100  __SYSMEM_SIZE                 
00000200  __STACK_SIZE                  
0000026d  ustrncpy                      
000002c5  uvsnprintf                    
000006ef  usprintf                      
00000721  usnprintf                     
00000751  ulocaltime                    
0000094f  umktime                       
000009c5  ustrtoul                      
00000afd  ustrtof                       
00000d35  ustrlen                       
00000d57  ustrstr                       
00000d8d  ustrncasecmp                  
00000e31  ustrcasecmp                   
00000e45  ustrncmp                      
00000ea5  ustrcmp                       
00000eb9  usrand                        
00000ec9  urand                         
00000ef1  OrbitOledMoveTo               
00000f37  OrbitOledGetPos               
00000f53  OrbitOledSetDrawColor         
00000f6b  OrbitOledGetStdPattern        
00000f7d  OrbitOledSetFillPattern       
00000f8d  OrbitOledSetDrawMode          
00000fe1  OrbitOledGetDrawMode          
00000fe7  OrbitOledDrawPixel            
00001013  OrbitOledGetPixel             
0000102d  OrbitOledLineTo               
0000112d  OrbitOledDrawRect             
000011b1  OrbitOledFillRect             
000012f5  OrbitOledGetBmp               
00001455  OrbitOledPutBmp               
00001623  OrbitOledDrawChar             
00001683  OrbitOledDrawString           
000016a1  OrbitOledRopSet               
000016cb  OrbitOledRopOr                
000016ef  OrbitOledRopAnd               
00001713  OrbitOledRopXor               
00001741  OrbitOledMoveUp               
00001779  OrbitOledMoveDown             
000017af  OrbitOledMoveLeft             
000017c7  OrbitOledMoveRight            
000017e1  OrbitOledClampXco             
00001801  OrbitOledClampYco             
00001841  OrbitOledInit                 
00001855  OrbitOledHostInit             
0000191f  OrbitOledDvrInit              
00001999  OrbitOledDevInit              
00001a1d  OrbitOledClear                
00001a29  OrbitOledClearBuffer          
00001a59  OrbitOledUpdate               
00001ab3  OrbitOledPutBuffer            
00001b19  Ssi3PutByte                   
00001bbd  acc_buff_write                
00001be5  SysTickIntHandler             
00001c07  initClock                     
00001c2d  mean_calc                     
00001c45  ref_ori_get                   
00001d05  main                          
00001ebd  state_update                  
000021b5  initButtons                   
00002283  updateButtons                 
00002357  checkButton                   
000023d5  OrbitOledSetCursor            
00002421  OrbitOledGetCursor            
0000243d  OrbitOledDefUserChar          
0000248d  OrbitOledSetCharUpdate        
000024a5  OrbitOledGetCharUpdate        
000024ab  OrbitOledPutChar              
000024c9  OrbitOledPutString            
000024f5  OrbitOledDrawGlyph            
0000256d  OrbitOledAdvanceCursor        
000025d9  Delay_us                      
0000260b  I2CGenTransmit                
000027bb  I2CGenIsNotIdle               
000027dd  initAccl                      
000028dd  getAcclData                   
00002949  getAcclDataCmS2               
000029cd  GPIOPadConfigSet              
00002aff  _nop                          
00002b01  SysCtlClockGet                
00002c19  aligned_alloc                 
00002c19  memalign                      
00002d31  SysCtlClockSet                
00002e25  free                          
00002f09  initDisplay                   
00002f11  displayUpdate                 
00002f59  oled_update                   
00002f91  oled_update_line              
00002fdb  initCircBuf                   
00003005  writeCircBuf                  
00003039  readCircBuf                   
0000306d  freeCircBuf                   
00003093  __aeabi_memcpy                
00003093  __aeabi_memcpy4               
00003093  __aeabi_memcpy8               
00003093  memcpy                        
0000312f  __aeabi_memclr                
0000312f  __aeabi_memclr4               
0000312f  __aeabi_memclr8               
00003131  __aeabi_memset                
00003131  __aeabi_memset4               
00003131  __aeabi_memset8               
00003137  memset                        
00003219  __TI_decompress_lzss          
00003281  TimerConfigure                
000032e1  DelayInit                     
000032fb  DelayMs                       
0000333d  SysCtlPeripheralReset         
0000338d  GPIOPinConfigure              
000033d9  I2CMasterInitExpClk           
00003425  OLEDStringDraw                
0000344b  OLEDInitialise                
00003469  __TI_auto_init_nobinit_nopinit
000034ad  __aeabi_uidiv                 
000034ad  __aeabi_uidivmod              
000034ed  SSIConfigSetExpClk            
00003529  calloc                        
00003561  IntRegister                   
00003595  SysCtlPeripheralEnable        
000035c9  _c_int00_noargs               
000035fd  GPIODirModeSet                
00003651  SysTickIntRegister            
00003689  GPIOPinTypeGPIOOutput         
000036a1  GPIOPinTypeGPIOInput          
000036b7  GPIOPinTypeI2C                
000036cd  GPIOPinTypeI2CSCL             
000036e3  GPIOPinTypeSSI                
000036f9  SysTickEnable                 
0000370d  SysTickIntEnable              
00003721  IntMasterEnable               
00003731  SysTickPeriodSet              
00003741  TimerEnable                   
0000374f  __TI_decompress_none          
0000375d  CPUcpsie                      
00003769  SSIDataGet                    
00003775  __TI_zero_init                
00003781  ResetISR                      
0000378d  I2CMasterEnable               
00003797  SSIDataPut                    
000037a1  SSIEnable                     
000037ab  TimerValueGet                 
000037b5  I2CMasterBusBusy              
000037bd  I2CMasterBusy                 
000037c5  I2CMasterSlaveAddrSet         
000037cd  SSIBusy                       
000037d5  malloc                        
000037dd  GPIOPinRead                   
000037e3  GPIOPinWrite                  
000037e9  SSIClockSourceSet             
000037ef  SysCtlDelay                   
000037f5  I2CMasterControl              
000037f9  I2CMasterDataGet              
000037fd  I2CMasterDataPut              
00003801  _system_pre_init              
00003805  C$$EXIT                       
00003805  abort                         
00003809  __aeabi_idiv0                 
00003809  __aeabi_ldiv0                 
0000380c  rgbOledFont0                  
00003c08  rgbFillPat                    
00003cb8  __TI_Handler_Table_Base       
00003cc4  __TI_Handler_Table_Limit      
00003cd8  __TI_CINIT_Base               
00003cf0  __TI_CINIT_Limit              
20000000  g_pfnRAMVectors               
2000026c  rgbOledBmp                    
2000046c  rgbOledFontUser               
200005ac  bnOledCur                     
200005b0  dxcoOledFontCur               
200005b4  dycoOledFontCur               
200005b8  fOledCharUpdate               
200005bc  modOledCur                    
200005c0  pbOledCur                     
200005c4  pbOledFontCur                 
200005c8  pbOledFontUser                
200005cc  pbOledPatCur                  
200005d0  pfnDoRop                      
200005d4  run_acc                       
200005d8  run_btn                       
200005dc  run_fsm                       
200005e0  run_oled                      
200005e4  xchOledCur                    
200005e8  xchOledMax                    
200005ec  xcoOledCur                    
200005f0  ychOledCur                    
200005f4  ychOledMax                    
200005f8  ycoOledCur                    
200005fc  clrOledCur                    
20000600  __stack                       
20000800  __STACK_END                   
20000800  __STACK_TOP                   
20000800  _sys_memory                   
20000900  _lock                         
20000904  _unlock                       
ffffffff  __TI_pprof_out_hndl           
ffffffff  __TI_prof_data_size           
ffffffff  __TI_prof_data_start          
ffffffff  __binit__                     
ffffffff  __c_args__                    
ffffffff  binit                         
UNDEFED   __mpu_init                    
UNDEFED   _system_post_cinit            

[205 symbols]
