******************************************************************************
                  TI ARM Linker PC v18.12.4                    
******************************************************************************
>> Linked Sat Mar 14 14:45:19 2020

OUTPUT FILE NAME:   <FitnessTracker.out>
ENTRY POINT SYMBOL: "_c_int00_noargs"  address: 0000323d


MEMORY CONFIGURATION

         name            origin    length      used     unused   attr    fill
----------------------  --------  ---------  --------  --------  ----  --------
  FLASH                 00000000   00040000  00003960  0003c6a0  R  X
  SRAM                  20000000   00008000  0000090d  000076f3  RW X


SEGMENT ALLOCATION MAP

run origin  load origin   length   init length attrs members
----------  ----------- ---------- ----------- ----- -------
00000000    00000000    00003960   00003960    r-x
  00000000    00000000    0000026c   0000026c    r-- .intvecs
  0000026c    0000026c    00003210   00003210    r-x .text
  0000347c    0000347c    0000049c   0000049c    r-- .const
  00003918    00003918    00000048   00000048    r-- .cinit
20000000    20000000    00000914   00000000    rw-
  20000000    20000000    0000026c   00000000    rw- .vtable
  2000026c    2000026c    0000038d   00000000    rw- .bss
  20000600    20000600    00000200   00000000    rw- .stack
  20000800    20000800    00000100   00000000    rw- .sysmem
  20000900    20000900    00000014   00000000    rw- .data


SECTION ALLOCATION MAP

 output                                  attributes/
section   page    origin      length       input sections
--------  ----  ----------  ----------   ----------------
.intvecs   0    00000000    0000026c     
                  00000000    0000026c     tm4c123gh6pm_startup_ccs.obj (.intvecs)

.text      0    0000026c    00003210     
                  0000026c    00000c84     ustdlib.obj (.text)
                  00000ef0    00000950     OrbitOledGrph.obj (.text)
                  00001840    0000037c     OrbitOled.obj (.text)
                  00001bbc    0000033c     fitness_tracker.obj (.text)
                  00001ef8    00000220     buttons4.obj (.text)
                  00002118    00000204     OrbitOledChar.obj (.text)
                  0000231c    00000204     i2c_driver.obj (.text)
                  00002520    000001f0     acc_reader.obj (.text)
                  00002710    00000132     driverlib.lib : gpio.obj (.text:GPIOPadConfigSet)
                  00002842    00000002     rtsv7M4_T_le_v4SPD16_eabi.lib : _lock.c.obj (.text:_nop)
                  00002844    00000118     driverlib.lib : sysctl.obj (.text:SysCtlClockGet)
                  0000295c    00000118     rtsv7M4_T_le_v4SPD16_eabi.lib : memory.c.obj (.text:aligned_alloc)
                  00002a74    000000f4     driverlib.lib : sysctl.obj (.text:SysCtlClockSet)
                  00002b68    000000e4     rtsv7M4_T_le_v4SPD16_eabi.lib : memory.c.obj (.text:free)
                  00002c4c    000000b8     circBufT.obj (.text)
                  00002d04    0000009c     rtsv7M4_T_le_v4SPD16_eabi.lib : memcpy_t2.asm.obj (.text)
                  00002da0    0000007a                                   : memset_t2.asm.obj (.text)
                  00002e1a    00000002                                   : div0.asm.obj (.text)
                  00002e1c    00000070                                   : memory.c.obj (.text:split)
                  00002e8c    00000068                                   : copy_decompress_lzss.c.obj (.text:decompress:lzss:__TI_decompress_lzss)
                  00002ef4    00000060     driverlib.lib : timer.obj (.text:TimerConfigure)
                  00002f54    0000005c     delay.obj (.text)
                  00002fb0    00000050     driverlib.lib : sysctl.obj (.text:SysCtlPeripheralReset)
                  00003000    0000004c                   : gpio.obj (.text:GPIOPinConfigure)
                  0000304c    0000004c                   : i2c.obj (.text:I2CMasterInitExpClk)
                  00003098    00000044     OrbitOLEDInterface.obj (.text)
                  000030dc    00000044     rtsv7M4_T_le_v4SPD16_eabi.lib : autoinit.c.obj (.text:__TI_auto_init_nobinit_nopinit:__TI_auto_init_nobinit_nopinit)
                  00003120    00000040                                   : u_divt2.asm.obj (.text)
                  00003160    0000003c     driverlib.lib : ssi.obj (.text:SSIConfigSetExpClk)
                  0000319c    00000038     rtsv7M4_T_le_v4SPD16_eabi.lib : memory.c.obj (.text:calloc)
                  000031d4    00000034     driverlib.lib : interrupt.obj (.text:IntRegister)
                  00003208    00000034                   : sysctl.obj (.text:SysCtlPeripheralEnable)
                  0000323c    00000034     rtsv7M4_T_le_v4SPD16_eabi.lib : boot_cortex_m.c.obj (.text:_c_int00_noargs:_c_int00_noargs)
                  00003270    0000002c     driverlib.lib : gpio.obj (.text:GPIODirModeSet)
                  0000329c    00000028     rtsv7M4_T_le_v4SPD16_eabi.lib : memory.c.obj (.text:free_list_insert)
                  000032c4    0000001c     driverlib.lib : systick.obj (.text:SysTickIntRegister)
                  000032e0    0000001c     rtsv7M4_T_le_v4SPD16_eabi.lib : memory.c.obj (.text:free_list_remove)
                  000032fc    00000018     driverlib.lib : gpio.obj (.text:GPIOPinTypeGPIOOutput)
                  00003314    00000016                   : gpio.obj (.text:GPIOPinTypeGPIOInput)
                  0000332a    00000016                   : gpio.obj (.text:GPIOPinTypeI2C)
                  00003340    00000016                   : gpio.obj (.text:GPIOPinTypeI2CSCL)
                  00003356    00000016                   : gpio.obj (.text:GPIOPinTypeSSI)
                  0000336c    00000014                   : systick.obj (.text:SysTickEnable)
                  00003380    00000014                   : systick.obj (.text:SysTickIntEnable)
                  00003394    00000010                   : interrupt.obj (.text:IntMasterEnable)
                  000033a4    00000010                   : systick.obj (.text:SysTickPeriodSet)
                  000033b4    0000000e                   : timer.obj (.text:TimerEnable)
                  000033c2    0000000e     rtsv7M4_T_le_v4SPD16_eabi.lib : copy_decompress_none.c.obj (.text:decompress:none:__TI_decompress_none)
                  000033d0    0000000c     driverlib.lib : cpu.obj (.text:CPUcpsie)
                  000033dc    0000000c                   : ssi.obj (.text:SSIDataGet)
                  000033e8    0000000c     rtsv7M4_T_le_v4SPD16_eabi.lib : copy_zero_init.c.obj (.text:decompress:ZI:__TI_zero_init)
                  000033f4    0000000c     tm4c123gh6pm_startup_ccs.obj (.text)
                  00003400    0000000a     driverlib.lib : i2c.obj (.text:I2CMasterEnable)
                  0000340a    0000000a                   : ssi.obj (.text:SSIDataPut)
                  00003414    0000000a                   : ssi.obj (.text:SSIEnable)
                  0000341e    0000000a                   : timer.obj (.text:TimerValueGet)
                  00003428    00000008                   : i2c.obj (.text:I2CMasterBusBusy)
                  00003430    00000008                   : i2c.obj (.text:I2CMasterBusy)
                  00003438    00000008                   : i2c.obj (.text:I2CMasterSlaveAddrSet)
                  00003440    00000008                   : ssi.obj (.text:SSIBusy)
                  00003448    00000008     rtsv7M4_T_le_v4SPD16_eabi.lib : memory.c.obj (.text:malloc)
                  00003450    00000006     driverlib.lib : gpio.obj (.text:GPIOPinRead)
                  00003456    00000006                   : gpio.obj (.text:GPIOPinWrite)
                  0000345c    00000006                   : ssi.obj (.text:SSIClockSourceSet)
                  00003462    00000006                   : sysctl.obj (.text:SysCtlDelay)
                  00003468    00000004                   : i2c.obj (.text:I2CMasterControl)
                  0000346c    00000004                   : i2c.obj (.text:I2CMasterDataGet)
                  00003470    00000004                   : i2c.obj (.text:I2CMasterDataPut)
                  00003474    00000004     rtsv7M4_T_le_v4SPD16_eabi.lib : pre_init.c.obj (.text:_system_pre_init)
                  00003478    00000004                                   : exit.c.obj (.text:abort:abort)

.const     0    0000347c    0000049c     
                  0000347c    00000300     ChrFont0.obj (.const:.string:rgbOledFont0)
                  0000377c    00000090     driverlib.lib : gpio.obj (.const:g_pui32GPIOBaseAddrs)
                  0000380c    0000006c                   : sysctl.obj (.const:g_pui32Xtals)
                  00003878    00000040     FillPat.obj (.const:.string:rgbFillPat)
                  000038b8    00000030     ustdlib.obj (.const:g_psDaysToMonth)
                  000038e8    00000018     ustdlib.obj (.const:g_pfExponents)
                  00003900    00000012     ustdlib.obj (.const:.string)
                  00003912    00000002     --HOLE-- [fill = 0]
                  00003914    00000004     ustdlib.obj (.const)

.cinit     0    00003918    00000048     
                  00003918    00000010     (.cinit..data.load) [load image, compression = lzss]
                  00003928    0000000c     (__TI_handler_table)
                  00003934    00000004     --HOLE-- [fill = 0]
                  00003938    00000008     (.cinit..bss.load) [load image, compression = zero_init]
                  00003940    00000008     (.cinit..vtable.load) [load image, compression = zero_init]
                  00003948    00000018     (__TI_cinit_table)

.init_array 
*          0    00000000    00000000     UNINITIALIZED

.vtable    0    20000000    0000026c     UNINITIALIZED
                  20000000    0000026c     driverlib.lib : interrupt.obj (.vtable)

.bss       0    2000026c    0000038d     UNINITIALIZED
                  2000026c    00000200     (.common:rgbOledBmp)
                  2000046c    00000100     (.common:rgbOledFontUser)
                  2000056c    00000010     fitness_tracker.obj (.bss:circbuf_x)
                  2000057c    00000010     fitness_tracker.obj (.bss:circbuf_y)
                  2000058c    00000010     fitness_tracker.obj (.bss:circbuf_z)
                  2000059c    00000004     buttons4.obj (.bss:but_count)
                  200005a0    00000004     buttons4.obj (.bss:but_flag)
                  200005a4    00000004     buttons4.obj (.bss:but_normal)
                  200005a8    00000004     buttons4.obj (.bss:but_state)
                  200005ac    00000004     (.common:bnOledCur)
                  200005b0    00000004     (.common:dxcoOledFontCur)
                  200005b4    00000004     (.common:dycoOledFontCur)
                  200005b8    00000004     (.common:fOledCharUpdate)
                  200005bc    00000004     (.common:modOledCur)
                  200005c0    00000004     (.common:pbOledCur)
                  200005c4    00000004     (.common:pbOledFontCur)
                  200005c8    00000004     (.common:pbOledFontUser)
                  200005cc    00000004     (.common:pbOledPatCur)
                  200005d0    00000004     (.common:pfnDoRop)
                  200005d4    00000004     (.common:run_acc)
                  200005d8    00000004     (.common:run_btn)
                  200005dc    00000004     (.common:run_oled)
                  200005e0    00000004     (.common:xchOledCur)
                  200005e4    00000004     (.common:xchOledMax)
                  200005e8    00000004     (.common:xcoOledCur)
                  200005ec    00000004     (.common:ychOledCur)
                  200005f0    00000004     (.common:ychOledMax)
                  200005f4    00000004     (.common:ycoOledCur)
                  200005f8    00000001     (.common:clrOledCur)

.stack     0    20000600    00000200     UNINITIALIZED
                  20000600    00000004     rtsv7M4_T_le_v4SPD16_eabi.lib : boot_cortex_m.c.obj (.stack)
                  20000604    000001fc     --HOLE--

.sysmem    0    20000800    00000100     UNINITIALIZED
                  20000800    00000010     rtsv7M4_T_le_v4SPD16_eabi.lib : memory.c.obj (.sysmem)
                  20000810    000000f0     --HOLE--

.data      0    20000900    00000014     UNINITIALIZED
                  20000900    00000008     rtsv7M4_T_le_v4SPD16_eabi.lib : _lock.c.obj (.data:$O1$$)
                  20000908    00000008                                   : memory.c.obj (.data:$O1$$)
                  20000910    00000004     ustdlib.obj (.data)

MODULE SUMMARY

       Module                         code    ro data   rw data
       ------                         ----    -------   -------
    .\
       ustdlib.obj                    3204    94        4      
       fitness_tracker.obj            828     0         60     
       tm4c123gh6pm_startup_ccs.obj   12      620       0      
       buttons4.obj                   544     0         16     
       i2c_driver.obj                 516     0         0      
       acc_reader.obj                 496     0         0      
       circBufT.obj                   184     0         0      
    +--+------------------------------+-------+---------+---------+
       Total:                         5784    714       80     
                                                               
    .\OrbitOLED\
       OrbitOLEDInterface.obj         68      0         0      
    +--+------------------------------+-------+---------+---------+
       Total:                         68      0         0      
                                                               
    .\OrbitOLED\lib_OrbitOled\
       OrbitOledGrph.obj              2384    0         8      
       OrbitOled.obj                  892     0         553    
       OrbitOledChar.obj              516     0         272    
       ChrFont0.obj                   0       768       0      
       delay.obj                      92      0         0      
       FillPat.obj                    0       64        0      
    +--+------------------------------+-------+---------+---------+
       Total:                         3884    832       833    
                                                               
    C:/ti/TivaWare_C_Series-2.1.4.178/driverlib/ccs/Debug/driverlib.lib
       sysctl.obj                     662     108       0      
       gpio.obj                       550     144       0      
       interrupt.obj                  68      0         620    
       i2c.obj                        122     0         0      
       timer.obj                      120     0         0      
       ssi.obj                        106     0         0      
       systick.obj                    84      0         0      
       cpu.obj                        12      0         0      
    +--+------------------------------+-------+---------+---------+
       Total:                         1724    252       620    
                                                               
    C:\ti\ccs920\ccs\tools\compiler\ti-cgt-arm_18.12.4.LTS\lib\rtsv7M4_T_le_v4SPD16_eabi.lib
       memory.c.obj                   752     0         8      
       memcpy_t2.asm.obj              156     0         0      
       memset_t2.asm.obj              122     0         0      
       copy_decompress_lzss.c.obj     104     0         0      
       autoinit.c.obj                 68      0         0      
       u_divt2.asm.obj                64      0         0      
       boot_cortex_m.c.obj            52      0         0      
       copy_decompress_none.c.obj     14      0         0      
       copy_zero_init.c.obj           12      0         0      
       _lock.c.obj                    2       0         8      
       exit.c.obj                     4       0         0      
       pre_init.c.obj                 4       0         0      
       div0.asm.obj                   2       0         0      
    +--+------------------------------+-------+---------+---------+
       Total:                         1356    0         16     
                                                               
       Heap:                          0       0         256    
       Stack:                         0       0         512    
       Linker Generated:              0       68        0      
    +--+------------------------------+-------+---------+---------+
       Grand Total:                   12816   1866      2317   


LINKER GENERATED COPY TABLES

__TI_cinit_table @ 00003948 records: 3, size/record: 8, table size: 24
	.data: load addr=00003918, load size=00000010 bytes, run addr=20000900, run size=00000014 bytes, compression=lzss
	.bss: load addr=00003938, load size=00000008 bytes, run addr=2000026c, run size=0000038d bytes, compression=zero_init
	.vtable: load addr=00003940, load size=00000008 bytes, run addr=20000000, run size=0000026c bytes, compression=zero_init


LINKER GENERATED HANDLER TABLE

__TI_handler_table @ 00003928 records: 3, size/record: 4, table size: 12
	index: 0, handler: __TI_zero_init
	index: 1, handler: __TI_decompress_lzss
	index: 2, handler: __TI_decompress_none


GLOBAL SYMBOLS: SORTED ALPHABETICALLY BY Name 

address   name                          
-------   ----                          
00003479  C$$EXIT                       
000033d1  CPUcpsie                      
00002f55  DelayInit                     
00002f6f  DelayMs                       
0000231d  Delay_us                      
00003271  GPIODirModeSet                
00002711  GPIOPadConfigSet              
00003001  GPIOPinConfigure              
00003451  GPIOPinRead                   
00003315  GPIOPinTypeGPIOInput          
000032fd  GPIOPinTypeGPIOOutput         
0000332b  GPIOPinTypeI2C                
00003341  GPIOPinTypeI2CSCL             
00003357  GPIOPinTypeSSI                
00003457  GPIOPinWrite                  
000024ff  I2CGenIsNotIdle               
0000234f  I2CGenTransmit                
00003429  I2CMasterBusBusy              
00003431  I2CMasterBusy                 
00003469  I2CMasterControl              
0000346d  I2CMasterDataGet              
00003471  I2CMasterDataPut              
00003401  I2CMasterEnable               
0000304d  I2CMasterInitExpClk           
00003439  I2CMasterSlaveAddrSet         
00003395  IntMasterEnable               
000031d5  IntRegister                   
000030bf  OLEDInitialise                
00003099  OLEDStringDraw                
000022b1  OrbitOledAdvanceCursor        
000017e1  OrbitOledClampXco             
00001801  OrbitOledClampYco             
00001a1d  OrbitOledClear                
00001a29  OrbitOledClearBuffer          
00002181  OrbitOledDefUserChar          
00001999  OrbitOledDevInit              
00001623  OrbitOledDrawChar             
00002239  OrbitOledDrawGlyph            
00000fe7  OrbitOledDrawPixel            
0000112d  OrbitOledDrawRect             
00001683  OrbitOledDrawString           
0000191f  OrbitOledDvrInit              
000011b1  OrbitOledFillRect             
000012f5  OrbitOledGetBmp               
000021e9  OrbitOledGetCharUpdate        
00002165  OrbitOledGetCursor            
00000fe1  OrbitOledGetDrawMode          
00001013  OrbitOledGetPixel             
00000f37  OrbitOledGetPos               
00000f6b  OrbitOledGetStdPattern        
00001855  OrbitOledHostInit             
00001841  OrbitOledInit                 
0000102d  OrbitOledLineTo               
00001779  OrbitOledMoveDown             
000017af  OrbitOledMoveLeft             
000017c7  OrbitOledMoveRight            
00000ef1  OrbitOledMoveTo               
00001741  OrbitOledMoveUp               
00001455  OrbitOledPutBmp               
00001ab3  OrbitOledPutBuffer            
000021ef  OrbitOledPutChar              
0000220d  OrbitOledPutString            
000016ef  OrbitOledRopAnd               
000016cb  OrbitOledRopOr                
000016a1  OrbitOledRopSet               
00001713  OrbitOledRopXor               
000021d1  OrbitOledSetCharUpdate        
00002119  OrbitOledSetCursor            
00000f53  OrbitOledSetDrawColor         
00000f8d  OrbitOledSetDrawMode          
00000f7d  OrbitOledSetFillPattern       
00001a59  OrbitOledUpdate               
000033f5  ResetISR                      
00003441  SSIBusy                       
0000345d  SSIClockSourceSet             
00003161  SSIConfigSetExpClk            
000033dd  SSIDataGet                    
0000340b  SSIDataPut                    
00003415  SSIEnable                     
00001b19  Ssi3PutByte                   
00002845  SysCtlClockGet                
00002a75  SysCtlClockSet                
00003463  SysCtlDelay                   
00003209  SysCtlPeripheralEnable        
00002fb1  SysCtlPeripheralReset         
0000336d  SysTickEnable                 
00003381  SysTickIntEnable              
00001be5  SysTickIntHandler             
000032c5  SysTickIntRegister            
000033a5  SysTickPeriodSet              
00002ef5  TimerConfigure                
000033b5  TimerEnable                   
0000341f  TimerValueGet                 
20000800  __STACK_END                   
00000200  __STACK_SIZE                  
20000800  __STACK_TOP                   
00000100  __SYSMEM_SIZE                 
00003948  __TI_CINIT_Base               
00003960  __TI_CINIT_Limit              
00003928  __TI_Handler_Table_Base       
00003934  __TI_Handler_Table_Limit      
000030dd  __TI_auto_init_nobinit_nopinit
00002e8d  __TI_decompress_lzss          
000033c3  __TI_decompress_none          
ffffffff  __TI_pprof_out_hndl           
ffffffff  __TI_prof_data_size           
ffffffff  __TI_prof_data_start          
00000000  __TI_static_base__            
000033e9  __TI_zero_init                
00002e1b  __aeabi_idiv0                 
00002e1b  __aeabi_ldiv0                 
00002da1  __aeabi_memclr                
00002da1  __aeabi_memclr4               
00002da1  __aeabi_memclr8               
00002d05  __aeabi_memcpy                
00002d05  __aeabi_memcpy4               
00002d05  __aeabi_memcpy8               
00002da3  __aeabi_memset                
00002da3  __aeabi_memset4               
00002da3  __aeabi_memset8               
00003121  __aeabi_uidiv                 
00003121  __aeabi_uidivmod              
ffffffff  __binit__                     
ffffffff  __c_args__                    
UNDEFED   __mpu_init                    
20000600  __stack                       
0000323d  _c_int00_noargs               
20000900  _lock                         
00002843  _nop                          
20000800  _sys_memory                   
UNDEFED   _system_post_cinit            
00003475  _system_pre_init              
20000904  _unlock                       
00003479  abort                         
00001bbd  acc_buff_write                
0000295d  aligned_alloc                 
ffffffff  binit                         
200005ac  bnOledCur                     
0000319d  calloc                        
0000209b  checkButton                   
200005f8  clrOledCur                    
00001c2d  displayUpdate                 
200005b0  dxcoOledFontCur               
200005b4  dycoOledFontCur               
200005b8  fOledCharUpdate               
00002b69  free                          
00002cdf  freeCircBuf                   
20000000  g_pfnRAMVectors               
00000000  g_pfnVectors                  
00002621  getAcclData                   
0000268d  getAcclDataCmS2               
00002521  initAccl                      
00001ef9  initButtons                   
00002c4d  initCircBuf                   
00001bff  initClock                     
00001c25  initDisplay                   
00001d4d  main                          
00003449  malloc                        
00001c75  mean_calc                     
0000295d  memalign                      
00002d05  memcpy                        
00002da9  memset                        
200005bc  modOledCur                    
200005c0  pbOledCur                     
200005c4  pbOledFontCur                 
200005c8  pbOledFontUser                
200005cc  pbOledPatCur                  
200005d0  pfnDoRop                      
00002cab  readCircBuf                   
00001c8d  ref_ori_get                   
00003878  rgbFillPat                    
2000026c  rgbOledBmp                    
0000347c  rgbOledFont0                  
2000046c  rgbOledFontUser               
200005d4  run_acc                       
200005d8  run_btn                       
200005dc  run_oled                      
00000751  ulocaltime                    
0000094f  umktime                       
00001fc7  updateButtons                 
00000ec9  urand                         
00000721  usnprintf                     
000006ef  usprintf                      
00000eb9  usrand                        
00000e31  ustrcasecmp                   
00000ea5  ustrcmp                       
00000d35  ustrlen                       
00000d8d  ustrncasecmp                  
00000e45  ustrncmp                      
0000026d  ustrncpy                      
00000d57  ustrstr                       
00000afd  ustrtof                       
000009c5  ustrtoul                      
000002c5  uvsnprintf                    
00002c77  writeCircBuf                  
200005e0  xchOledCur                    
200005e4  xchOledMax                    
200005e8  xcoOledCur                    
200005ec  ychOledCur                    
200005f0  ychOledMax                    
200005f4  ycoOledCur                    


GLOBAL SYMBOLS: SORTED BY Symbol Address 

address   name                          
-------   ----                          
00000000  __TI_static_base__            
00000000  g_pfnVectors                  
00000100  __SYSMEM_SIZE                 
00000200  __STACK_SIZE                  
0000026d  ustrncpy                      
000002c5  uvsnprintf                    
000006ef  usprintf                      
00000721  usnprintf                     
00000751  ulocaltime                    
0000094f  umktime                       
000009c5  ustrtoul                      
00000afd  ustrtof                       
00000d35  ustrlen                       
00000d57  ustrstr                       
00000d8d  ustrncasecmp                  
00000e31  ustrcasecmp                   
00000e45  ustrncmp                      
00000ea5  ustrcmp                       
00000eb9  usrand                        
00000ec9  urand                         
00000ef1  OrbitOledMoveTo               
00000f37  OrbitOledGetPos               
00000f53  OrbitOledSetDrawColor         
00000f6b  OrbitOledGetStdPattern        
00000f7d  OrbitOledSetFillPattern       
00000f8d  OrbitOledSetDrawMode          
00000fe1  OrbitOledGetDrawMode          
00000fe7  OrbitOledDrawPixel            
00001013  OrbitOledGetPixel             
0000102d  OrbitOledLineTo               
0000112d  OrbitOledDrawRect             
000011b1  OrbitOledFillRect             
000012f5  OrbitOledGetBmp               
00001455  OrbitOledPutBmp               
00001623  OrbitOledDrawChar             
00001683  OrbitOledDrawString           
000016a1  OrbitOledRopSet               
000016cb  OrbitOledRopOr                
000016ef  OrbitOledRopAnd               
00001713  OrbitOledRopXor               
00001741  OrbitOledMoveUp               
00001779  OrbitOledMoveDown             
000017af  OrbitOledMoveLeft             
000017c7  OrbitOledMoveRight            
000017e1  OrbitOledClampXco             
00001801  OrbitOledClampYco             
00001841  OrbitOledInit                 
00001855  OrbitOledHostInit             
0000191f  OrbitOledDvrInit              
00001999  OrbitOledDevInit              
00001a1d  OrbitOledClear                
00001a29  OrbitOledClearBuffer          
00001a59  OrbitOledUpdate               
00001ab3  OrbitOledPutBuffer            
00001b19  Ssi3PutByte                   
00001bbd  acc_buff_write                
00001be5  SysTickIntHandler             
00001bff  initClock                     
00001c25  initDisplay                   
00001c2d  displayUpdate                 
00001c75  mean_calc                     
00001c8d  ref_ori_get                   
00001d4d  main                          
00001ef9  initButtons                   
00001fc7  updateButtons                 
0000209b  checkButton                   
00002119  OrbitOledSetCursor            
00002165  OrbitOledGetCursor            
00002181  OrbitOledDefUserChar          
000021d1  OrbitOledSetCharUpdate        
000021e9  OrbitOledGetCharUpdate        
000021ef  OrbitOledPutChar              
0000220d  OrbitOledPutString            
00002239  OrbitOledDrawGlyph            
000022b1  OrbitOledAdvanceCursor        
0000231d  Delay_us                      
0000234f  I2CGenTransmit                
000024ff  I2CGenIsNotIdle               
00002521  initAccl                      
00002621  getAcclData                   
0000268d  getAcclDataCmS2               
00002711  GPIOPadConfigSet              
00002843  _nop                          
00002845  SysCtlClockGet                
0000295d  aligned_alloc                 
0000295d  memalign                      
00002a75  SysCtlClockSet                
00002b69  free                          
00002c4d  initCircBuf                   
00002c77  writeCircBuf                  
00002cab  readCircBuf                   
00002cdf  freeCircBuf                   
00002d05  __aeabi_memcpy                
00002d05  __aeabi_memcpy4               
00002d05  __aeabi_memcpy8               
00002d05  memcpy                        
00002da1  __aeabi_memclr                
00002da1  __aeabi_memclr4               
00002da1  __aeabi_memclr8               
00002da3  __aeabi_memset                
00002da3  __aeabi_memset4               
00002da3  __aeabi_memset8               
00002da9  memset                        
00002e1b  __aeabi_idiv0                 
00002e1b  __aeabi_ldiv0                 
00002e8d  __TI_decompress_lzss          
00002ef5  TimerConfigure                
00002f55  DelayInit                     
00002f6f  DelayMs                       
00002fb1  SysCtlPeripheralReset         
00003001  GPIOPinConfigure              
0000304d  I2CMasterInitExpClk           
00003099  OLEDStringDraw                
000030bf  OLEDInitialise                
000030dd  __TI_auto_init_nobinit_nopinit
00003121  __aeabi_uidiv                 
00003121  __aeabi_uidivmod              
00003161  SSIConfigSetExpClk            
0000319d  calloc                        
000031d5  IntRegister                   
00003209  SysCtlPeripheralEnable        
0000323d  _c_int00_noargs               
00003271  GPIODirModeSet                
000032c5  SysTickIntRegister            
000032fd  GPIOPinTypeGPIOOutput         
00003315  GPIOPinTypeGPIOInput          
0000332b  GPIOPinTypeI2C                
00003341  GPIOPinTypeI2CSCL             
00003357  GPIOPinTypeSSI                
0000336d  SysTickEnable                 
00003381  SysTickIntEnable              
00003395  IntMasterEnable               
000033a5  SysTickPeriodSet              
000033b5  TimerEnable                   
000033c3  __TI_decompress_none          
000033d1  CPUcpsie                      
000033dd  SSIDataGet                    
000033e9  __TI_zero_init                
000033f5  ResetISR                      
00003401  I2CMasterEnable               
0000340b  SSIDataPut                    
00003415  SSIEnable                     
0000341f  TimerValueGet                 
00003429  I2CMasterBusBusy              
00003431  I2CMasterBusy                 
00003439  I2CMasterSlaveAddrSet         
00003441  SSIBusy                       
00003449  malloc                        
00003451  GPIOPinRead                   
00003457  GPIOPinWrite                  
0000345d  SSIClockSourceSet             
00003463  SysCtlDelay                   
00003469  I2CMasterControl              
0000346d  I2CMasterDataGet              
00003471  I2CMasterDataPut              
00003475  _system_pre_init              
00003479  C$$EXIT                       
00003479  abort                         
0000347c  rgbOledFont0                  
00003878  rgbFillPat                    
00003928  __TI_Handler_Table_Base       
00003934  __TI_Handler_Table_Limit      
00003948  __TI_CINIT_Base               
00003960  __TI_CINIT_Limit              
20000000  g_pfnRAMVectors               
2000026c  rgbOledBmp                    
2000046c  rgbOledFontUser               
200005ac  bnOledCur                     
200005b0  dxcoOledFontCur               
200005b4  dycoOledFontCur               
200005b8  fOledCharUpdate               
200005bc  modOledCur                    
200005c0  pbOledCur                     
200005c4  pbOledFontCur                 
200005c8  pbOledFontUser                
200005cc  pbOledPatCur                  
200005d0  pfnDoRop                      
200005d4  run_acc                       
200005d8  run_btn                       
200005dc  run_oled                      
200005e0  xchOledCur                    
200005e4  xchOledMax                    
200005e8  xcoOledCur                    
200005ec  ychOledCur                    
200005f0  ychOledMax                    
200005f4  ycoOledCur                    
200005f8  clrOledCur                    
20000600  __stack                       
20000800  __STACK_END                   
20000800  __STACK_TOP                   
20000800  _sys_memory                   
20000900  _lock                         
20000904  _unlock                       
ffffffff  __TI_pprof_out_hndl           
ffffffff  __TI_prof_data_size           
ffffffff  __TI_prof_data_start          
ffffffff  __binit__                     
ffffffff  __c_args__                    
ffffffff  binit                         
UNDEFED   __mpu_init                    
UNDEFED   _system_post_cinit            

[201 symbols]
