<?xml version="1.0" encoding="ISO-8859-1" ?>
<link_info>
   <banner>TI ARM Linker PC v18.12.4.LTS</banner>
   <copyright>Copyright (c) 1996-2018 Texas Instruments Incorporated</copyright>
   <link_time>0x5e6c57ab</link_time>
   <link_errors>0x0</link_errors>
   <output_file>FitnessTracker.out</output_file>
   <entry_point>
      <name>_c_int00_noargs</name>
      <address>0x326d</address>
   </entry_point>
   <input_file_list>
      <input_file id="fl-2">
         <path>.\</path>
         <kind>object</kind>
         <file>acc_reader.obj</file>
         <name>acc_reader.obj</name>
      </input_file>
      <input_file id="fl-3">
         <path>.\</path>
         <kind>object</kind>
         <file>buttons4.obj</file>
         <name>buttons4.obj</name>
      </input_file>
      <input_file id="fl-4">
         <path>.\</path>
         <kind>object</kind>
         <file>circBufT.obj</file>
         <name>circBufT.obj</name>
      </input_file>
      <input_file id="fl-5">
         <path>.\</path>
         <kind>object</kind>
         <file>fitness_tracker.obj</file>
         <name>fitness_tracker.obj</name>
      </input_file>
      <input_file id="fl-6">
         <path>.\</path>
         <kind>object</kind>
         <file>i2c_driver.obj</file>
         <name>i2c_driver.obj</name>
      </input_file>
      <input_file id="fl-7">
         <path>.\</path>
         <kind>object</kind>
         <file>oled.obj</file>
         <name>oled.obj</name>
      </input_file>
      <input_file id="fl-8">
         <path>.\</path>
         <kind>object</kind>
         <file>tm4c123gh6pm_startup_ccs.obj</file>
         <name>tm4c123gh6pm_startup_ccs.obj</name>
      </input_file>
      <input_file id="fl-9">
         <path>.\</path>
         <kind>object</kind>
         <file>ustdlib.obj</file>
         <name>ustdlib.obj</name>
      </input_file>
      <input_file id="fl-a">
         <path>.\OrbitOLED\</path>
         <kind>object</kind>
         <file>OrbitOLEDInterface.obj</file>
         <name>OrbitOLEDInterface.obj</name>
      </input_file>
      <input_file id="fl-b">
         <path>.\OrbitOLED\lib_OrbitOled\</path>
         <kind>object</kind>
         <file>ChrFont0.obj</file>
         <name>ChrFont0.obj</name>
      </input_file>
      <input_file id="fl-c">
         <path>.\OrbitOLED\lib_OrbitOled\</path>
         <kind>object</kind>
         <file>FillPat.obj</file>
         <name>FillPat.obj</name>
      </input_file>
      <input_file id="fl-d">
         <path>.\OrbitOLED\lib_OrbitOled\</path>
         <kind>object</kind>
         <file>OrbitOled.obj</file>
         <name>OrbitOled.obj</name>
      </input_file>
      <input_file id="fl-e">
         <path>.\OrbitOLED\lib_OrbitOled\</path>
         <kind>object</kind>
         <file>OrbitOledChar.obj</file>
         <name>OrbitOledChar.obj</name>
      </input_file>
      <input_file id="fl-f">
         <path>.\OrbitOLED\lib_OrbitOled\</path>
         <kind>object</kind>
         <file>OrbitOledGrph.obj</file>
         <name>OrbitOledGrph.obj</name>
      </input_file>
      <input_file id="fl-10">
         <path>.\OrbitOLED\lib_OrbitOled\</path>
         <kind>object</kind>
         <file>delay.obj</file>
         <name>delay.obj</name>
      </input_file>
      <input_file id="fl-15">
         <kind>object</kind>
         <file>&lt;internal&gt;</file>
         <name>&lt;internal&gt;</name>
      </input_file>
      <input_file id="fl-cb">
         <path>C:\ti\ccs920\ccs\tools\compiler\ti-cgt-arm_18.12.4.LTS\lib\</path>
         <kind>archive</kind>
         <file>rtsv7M4_T_le_v4SPD16_eabi.lib</file>
         <name>u_divt2.asm.obj</name>
      </input_file>
      <input_file id="fl-cc">
         <path>C:\ti\ccs920\ccs\tools\compiler\ti-cgt-arm_18.12.4.LTS\lib\</path>
         <kind>archive</kind>
         <file>rtsv7M4_T_le_v4SPD16_eabi.lib</file>
         <name>memset_t2.asm.obj</name>
      </input_file>
      <input_file id="fl-cd">
         <path>C:\ti\ccs920\ccs\tools\compiler\ti-cgt-arm_18.12.4.LTS\lib\</path>
         <kind>archive</kind>
         <file>rtsv7M4_T_le_v4SPD16_eabi.lib</file>
         <name>copy_zero_init.c.obj</name>
      </input_file>
      <input_file id="fl-ce">
         <path>C:\ti\ccs920\ccs\tools\compiler\ti-cgt-arm_18.12.4.LTS\lib\</path>
         <kind>archive</kind>
         <file>rtsv7M4_T_le_v4SPD16_eabi.lib</file>
         <name>copy_decompress_none.c.obj</name>
      </input_file>
      <input_file id="fl-cf">
         <path>C:\ti\ccs920\ccs\tools\compiler\ti-cgt-arm_18.12.4.LTS\lib\</path>
         <kind>archive</kind>
         <file>rtsv7M4_T_le_v4SPD16_eabi.lib</file>
         <name>copy_decompress_lzss.c.obj</name>
      </input_file>
      <input_file id="fl-d0">
         <path>C:\ti\ccs920\ccs\tools\compiler\ti-cgt-arm_18.12.4.LTS\lib\</path>
         <kind>archive</kind>
         <file>rtsv7M4_T_le_v4SPD16_eabi.lib</file>
         <name>memory.c.obj</name>
      </input_file>
      <input_file id="fl-d1">
         <path>C:\ti\ccs920\ccs\tools\compiler\ti-cgt-arm_18.12.4.LTS\lib\</path>
         <kind>archive</kind>
         <file>rtsv7M4_T_le_v4SPD16_eabi.lib</file>
         <name>boot_cortex_m.c.obj</name>
      </input_file>
      <input_file id="fl-d2">
         <path>C:\ti\ccs920\ccs\tools\compiler\ti-cgt-arm_18.12.4.LTS\lib\</path>
         <kind>archive</kind>
         <file>rtsv7M4_T_le_v4SPD16_eabi.lib</file>
         <name>div0.asm.obj</name>
      </input_file>
      <input_file id="fl-d3">
         <path>C:\ti\ccs920\ccs\tools\compiler\ti-cgt-arm_18.12.4.LTS\lib\</path>
         <kind>archive</kind>
         <file>rtsv7M4_T_le_v4SPD16_eabi.lib</file>
         <name>memcpy_t2.asm.obj</name>
      </input_file>
      <input_file id="fl-d4">
         <path>C:\ti\ccs920\ccs\tools\compiler\ti-cgt-arm_18.12.4.LTS\lib\</path>
         <kind>archive</kind>
         <file>rtsv7M4_T_le_v4SPD16_eabi.lib</file>
         <name>autoinit.c.obj</name>
      </input_file>
      <input_file id="fl-d5">
         <path>C:\ti\ccs920\ccs\tools\compiler\ti-cgt-arm_18.12.4.LTS\lib\</path>
         <kind>archive</kind>
         <file>rtsv7M4_T_le_v4SPD16_eabi.lib</file>
         <name>pre_init.c.obj</name>
      </input_file>
      <input_file id="fl-d6">
         <path>C:\ti\ccs920\ccs\tools\compiler\ti-cgt-arm_18.12.4.LTS\lib\</path>
         <kind>archive</kind>
         <file>rtsv7M4_T_le_v4SPD16_eabi.lib</file>
         <name>cpy_tbl.c.obj</name>
      </input_file>
      <input_file id="fl-d7">
         <path>C:\ti\ccs920\ccs\tools\compiler\ti-cgt-arm_18.12.4.LTS\lib\</path>
         <kind>archive</kind>
         <file>rtsv7M4_T_le_v4SPD16_eabi.lib</file>
         <name>exit.c.obj</name>
      </input_file>
      <input_file id="fl-d8">
         <path>C:\ti\ccs920\ccs\tools\compiler\ti-cgt-arm_18.12.4.LTS\lib\</path>
         <kind>archive</kind>
         <file>rtsv7M4_T_le_v4SPD16_eabi.lib</file>
         <name>_lock.c.obj</name>
      </input_file>
      <input_file id="fl-d9">
         <path>C:\ti\ccs920\ccs\tools\compiler\ti-cgt-arm_18.12.4.LTS\lib\</path>
         <kind>archive</kind>
         <file>rtsv7M4_T_le_v4SPD16_eabi.lib</file>
         <name>args_main.c.obj</name>
      </input_file>
      <input_file id="fl-da">
         <path>C:\ti\TivaWare_C_Series-2.1.4.178\driverlib\ccs\Debug\</path>
         <kind>archive</kind>
         <file>driverlib.lib</file>
         <name>gpio.obj</name>
      </input_file>
      <input_file id="fl-db">
         <path>C:\ti\TivaWare_C_Series-2.1.4.178\driverlib\ccs\Debug\</path>
         <kind>archive</kind>
         <file>driverlib.lib</file>
         <name>i2c.obj</name>
      </input_file>
      <input_file id="fl-dc">
         <path>C:\ti\TivaWare_C_Series-2.1.4.178\driverlib\ccs\Debug\</path>
         <kind>archive</kind>
         <file>driverlib.lib</file>
         <name>interrupt.obj</name>
      </input_file>
      <input_file id="fl-dd">
         <path>C:\ti\TivaWare_C_Series-2.1.4.178\driverlib\ccs\Debug\</path>
         <kind>archive</kind>
         <file>driverlib.lib</file>
         <name>ssi.obj</name>
      </input_file>
      <input_file id="fl-de">
         <path>C:\ti\TivaWare_C_Series-2.1.4.178\driverlib\ccs\Debug\</path>
         <kind>archive</kind>
         <file>driverlib.lib</file>
         <name>sysctl.obj</name>
      </input_file>
      <input_file id="fl-df">
         <path>C:\ti\TivaWare_C_Series-2.1.4.178\driverlib\ccs\Debug\</path>
         <kind>archive</kind>
         <file>driverlib.lib</file>
         <name>systick.obj</name>
      </input_file>
      <input_file id="fl-e0">
         <path>C:\ti\TivaWare_C_Series-2.1.4.178\driverlib\ccs\Debug\</path>
         <kind>archive</kind>
         <file>driverlib.lib</file>
         <name>timer.obj</name>
      </input_file>
      <input_file id="fl-e1">
         <path>C:\ti\TivaWare_C_Series-2.1.4.178\driverlib\ccs\Debug\</path>
         <kind>archive</kind>
         <file>driverlib.lib</file>
         <name>cpu.obj</name>
      </input_file>
   </input_file_list>
   <object_component_list>
      <object_component id="oc-f">
         <name>.intvecs</name>
         <load_address>0x0</load_address>
         <run_address>0x0</run_address>
         <size>0x26c</size>
         <input_file_ref idref="fl-8"/>
      </object_component>
      <object_component id="oc-109">
         <name>.text</name>
         <load_address>0x26c</load_address>
         <run_address>0x26c</run_address>
         <size>0xc84</size>
         <input_file_ref idref="fl-9"/>
      </object_component>
      <object_component id="oc-31a">
         <name>.text</name>
         <load_address>0xef0</load_address>
         <run_address>0xef0</run_address>
         <size>0x950</size>
         <input_file_ref idref="fl-f"/>
      </object_component>
      <object_component id="oc-2c1">
         <name>.text</name>
         <load_address>0x1840</load_address>
         <run_address>0x1840</run_address>
         <size>0x37c</size>
         <input_file_ref idref="fl-d"/>
      </object_component>
      <object_component id="oc-9f">
         <name>.text</name>
         <load_address>0x1bbc</load_address>
         <run_address>0x1bbc</run_address>
         <size>0x2c8</size>
         <input_file_ref idref="fl-5"/>
      </object_component>
      <object_component id="oc-115">
         <name>.text</name>
         <load_address>0x1e84</load_address>
         <run_address>0x1e84</run_address>
         <size>0x220</size>
         <input_file_ref idref="fl-3"/>
      </object_component>
      <object_component id="oc-2bb">
         <name>.text</name>
         <load_address>0x20a4</load_address>
         <run_address>0x20a4</run_address>
         <size>0x204</size>
         <input_file_ref idref="fl-e"/>
      </object_component>
      <object_component id="oc-1a4">
         <name>.text</name>
         <load_address>0x22a8</load_address>
         <run_address>0x22a8</run_address>
         <size>0x204</size>
         <input_file_ref idref="fl-6"/>
      </object_component>
      <object_component id="oc-d8">
         <name>.text</name>
         <load_address>0x24ac</load_address>
         <run_address>0x24ac</run_address>
         <size>0x1f0</size>
         <input_file_ref idref="fl-2"/>
      </object_component>
      <object_component id="oc-1ef">
         <name>.text:GPIOPadConfigSet</name>
         <load_address>0x269c</load_address>
         <run_address>0x269c</run_address>
         <size>0x132</size>
         <input_file_ref idref="fl-da"/>
      </object_component>
      <object_component id="oc-2da">
         <name>.text:_nop</name>
         <load_address>0x27ce</load_address>
         <run_address>0x27ce</run_address>
         <size>0x2</size>
         <input_file_ref idref="fl-d8"/>
      </object_component>
      <object_component id="oc-ea">
         <name>.text:SysCtlClockGet</name>
         <load_address>0x27d0</load_address>
         <run_address>0x27d0</run_address>
         <size>0x118</size>
         <input_file_ref idref="fl-de"/>
      </object_component>
      <object_component id="oc-309">
         <name>.text:aligned_alloc</name>
         <load_address>0x28e8</load_address>
         <run_address>0x28e8</run_address>
         <size>0x118</size>
         <input_file_ref idref="fl-d0"/>
      </object_component>
      <object_component id="oc-e4">
         <name>.text:SysCtlClockSet</name>
         <load_address>0x2a00</load_address>
         <run_address>0x2a00</run_address>
         <size>0xf4</size>
         <input_file_ref idref="fl-de"/>
      </object_component>
      <object_component id="oc-1b1">
         <name>.text:free</name>
         <load_address>0x2af4</load_address>
         <run_address>0x2af4</run_address>
         <size>0xe4</size>
         <input_file_ref idref="fl-d0"/>
      </object_component>
      <object_component id="oc-de">
         <name>.text</name>
         <load_address>0x2bd8</load_address>
         <run_address>0x2bd8</run_address>
         <size>0xb8</size>
         <input_file_ref idref="fl-4"/>
      </object_component>
      <object_component id="oc-10f">
         <name>.text</name>
         <load_address>0x2c90</load_address>
         <run_address>0x2c90</run_address>
         <size>0xa6</size>
         <input_file_ref idref="fl-7"/>
      </object_component>
      <object_component id="oc-3b">
         <name>.text</name>
         <load_address>0x2d36</load_address>
         <run_address>0x2d36</run_address>
         <size>0x9c</size>
         <input_file_ref idref="fl-d3"/>
      </object_component>
      <object_component id="oc-93">
         <name>.text</name>
         <load_address>0x2dd2</load_address>
         <run_address>0x2dd2</run_address>
         <size>0x7a</size>
         <input_file_ref idref="fl-cc"/>
      </object_component>
      <object_component id="oc-387">
         <name>.text:split</name>
         <load_address>0x2e4c</load_address>
         <run_address>0x2e4c</run_address>
         <size>0x70</size>
         <input_file_ref idref="fl-d0"/>
      </object_component>
      <object_component id="oc-12">
         <name>.text:decompress:lzss:__TI_decompress_lzss</name>
         <load_address>0x2ebc</load_address>
         <run_address>0x2ebc</run_address>
         <size>0x68</size>
         <input_file_ref idref="fl-cf"/>
      </object_component>
      <object_component id="oc-39c">
         <name>.text:TimerConfigure</name>
         <load_address>0x2f24</load_address>
         <run_address>0x2f24</run_address>
         <size>0x60</size>
         <input_file_ref idref="fl-e0"/>
      </object_component>
      <object_component id="oc-32f">
         <name>.text</name>
         <load_address>0x2f84</load_address>
         <run_address>0x2f84</run_address>
         <size>0x5c</size>
         <input_file_ref idref="fl-10"/>
      </object_component>
      <object_component id="oc-180">
         <name>.text:SysCtlPeripheralReset</name>
         <load_address>0x2fe0</load_address>
         <run_address>0x2fe0</run_address>
         <size>0x50</size>
         <input_file_ref idref="fl-de"/>
      </object_component>
      <object_component id="oc-192">
         <name>.text:GPIOPinConfigure</name>
         <load_address>0x3030</load_address>
         <run_address>0x3030</run_address>
         <size>0x4c</size>
         <input_file_ref idref="fl-da"/>
      </object_component>
      <object_component id="oc-198">
         <name>.text:I2CMasterInitExpClk</name>
         <load_address>0x307c</load_address>
         <run_address>0x307c</run_address>
         <size>0x4c</size>
         <input_file_ref idref="fl-db"/>
      </object_component>
      <object_component id="oc-1e7">
         <name>.text</name>
         <load_address>0x30c8</load_address>
         <run_address>0x30c8</run_address>
         <size>0x44</size>
         <input_file_ref idref="fl-a"/>
      </object_component>
      <object_component id="oc-141">
         <name>.text:__TI_auto_init_nobinit_nopinit:__TI_auto_init_nobinit_nopinit</name>
         <load_address>0x310c</load_address>
         <run_address>0x310c</run_address>
         <size>0x44</size>
         <input_file_ref idref="fl-d4"/>
      </object_component>
      <object_component id="oc-1ca">
         <name>.text</name>
         <load_address>0x3150</load_address>
         <run_address>0x3150</run_address>
         <size>0x40</size>
         <input_file_ref idref="fl-cb"/>
      </object_component>
      <object_component id="oc-341">
         <name>.text:SSIConfigSetExpClk</name>
         <load_address>0x3190</load_address>
         <run_address>0x3190</run_address>
         <size>0x3c</size>
         <input_file_ref idref="fl-dd"/>
      </object_component>
      <object_component id="oc-1ab">
         <name>.text:calloc</name>
         <load_address>0x31cc</load_address>
         <run_address>0x31cc</run_address>
         <size>0x38</size>
         <input_file_ref idref="fl-d0"/>
      </object_component>
      <object_component id="oc-1c1">
         <name>.text:IntRegister</name>
         <load_address>0x3204</load_address>
         <run_address>0x3204</run_address>
         <size>0x34</size>
         <input_file_ref idref="fl-dc"/>
      </object_component>
      <object_component id="oc-17a">
         <name>.text:SysCtlPeripheralEnable</name>
         <load_address>0x3238</load_address>
         <run_address>0x3238</run_address>
         <size>0x34</size>
         <input_file_ref idref="fl-de"/>
      </object_component>
      <object_component id="oc-59">
         <name>.text:_c_int00_noargs:_c_int00_noargs</name>
         <load_address>0x326c</load_address>
         <run_address>0x326c</run_address>
         <size>0x34</size>
         <input_file_ref idref="fl-d1"/>
      </object_component>
      <object_component id="oc-244">
         <name>.text:GPIODirModeSet</name>
         <load_address>0x32a0</load_address>
         <run_address>0x32a0</run_address>
         <size>0x2c</size>
         <input_file_ref idref="fl-da"/>
      </object_component>
      <object_component id="oc-28d">
         <name>.text:free_list_insert</name>
         <load_address>0x32cc</load_address>
         <run_address>0x32cc</run_address>
         <size>0x28</size>
         <input_file_ref idref="fl-d0"/>
      </object_component>
      <object_component id="oc-f6">
         <name>.text:SysTickIntRegister</name>
         <load_address>0x32f4</load_address>
         <run_address>0x32f4</run_address>
         <size>0x1c</size>
         <input_file_ref idref="fl-df"/>
      </object_component>
      <object_component id="oc-287">
         <name>.text:free_list_remove</name>
         <load_address>0x3310</load_address>
         <run_address>0x3310</run_address>
         <size>0x1c</size>
         <input_file_ref idref="fl-d0"/>
      </object_component>
      <object_component id="oc-353">
         <name>.text:GPIOPinTypeGPIOOutput</name>
         <load_address>0x332c</load_address>
         <run_address>0x332c</run_address>
         <size>0x18</size>
         <input_file_ref idref="fl-da"/>
      </object_component>
      <object_component id="oc-19e">
         <name>.text:GPIOPinTypeGPIOInput</name>
         <load_address>0x3344</load_address>
         <run_address>0x3344</run_address>
         <size>0x16</size>
         <input_file_ref idref="fl-da"/>
      </object_component>
      <object_component id="oc-186">
         <name>.text:GPIOPinTypeI2C</name>
         <load_address>0x335a</load_address>
         <run_address>0x335a</run_address>
         <size>0x16</size>
         <input_file_ref idref="fl-da"/>
      </object_component>
      <object_component id="oc-18c">
         <name>.text:GPIOPinTypeI2CSCL</name>
         <load_address>0x3370</load_address>
         <run_address>0x3370</run_address>
         <size>0x16</size>
         <input_file_ref idref="fl-da"/>
      </object_component>
      <object_component id="oc-335">
         <name>.text:GPIOPinTypeSSI</name>
         <load_address>0x3386</load_address>
         <run_address>0x3386</run_address>
         <size>0x16</size>
         <input_file_ref idref="fl-da"/>
      </object_component>
      <object_component id="oc-102">
         <name>.text:SysTickEnable</name>
         <load_address>0x339c</load_address>
         <run_address>0x339c</run_address>
         <size>0x14</size>
         <input_file_ref idref="fl-df"/>
      </object_component>
      <object_component id="oc-fc">
         <name>.text:SysTickIntEnable</name>
         <load_address>0x33b0</load_address>
         <run_address>0x33b0</run_address>
         <size>0x14</size>
         <input_file_ref idref="fl-df"/>
      </object_component>
      <object_component id="oc-11b">
         <name>.text:IntMasterEnable</name>
         <load_address>0x33c4</load_address>
         <run_address>0x33c4</run_address>
         <size>0x10</size>
         <input_file_ref idref="fl-dc"/>
      </object_component>
      <object_component id="oc-f0">
         <name>.text:SysTickPeriodSet</name>
         <load_address>0x33d4</load_address>
         <run_address>0x33d4</run_address>
         <size>0x10</size>
         <input_file_ref idref="fl-df"/>
      </object_component>
      <object_component id="oc-3a2">
         <name>.text:TimerEnable</name>
         <load_address>0x33e4</load_address>
         <run_address>0x33e4</run_address>
         <size>0xe</size>
         <input_file_ref idref="fl-e0"/>
      </object_component>
      <object_component id="oc-18">
         <name>.text:decompress:none:__TI_decompress_none</name>
         <load_address>0x33f2</load_address>
         <run_address>0x33f2</run_address>
         <size>0xe</size>
         <input_file_ref idref="fl-ce"/>
      </object_component>
      <object_component id="oc-209">
         <name>.text:CPUcpsie</name>
         <load_address>0x3400</load_address>
         <run_address>0x3400</run_address>
         <size>0xc</size>
         <input_file_ref idref="fl-e1"/>
      </object_component>
      <object_component id="oc-365">
         <name>.text:SSIDataGet</name>
         <load_address>0x340c</load_address>
         <run_address>0x340c</run_address>
         <size>0xc</size>
         <input_file_ref idref="fl-dd"/>
      </object_component>
      <object_component id="oc-4d">
         <name>.text:decompress:ZI:__TI_zero_init</name>
         <load_address>0x3418</load_address>
         <run_address>0x3418</run_address>
         <size>0xc</size>
         <input_file_ref idref="fl-cd"/>
      </object_component>
      <object_component id="oc-27">
         <name>.text</name>
         <load_address>0x3424</load_address>
         <run_address>0x3424</run_address>
         <size>0xc</size>
         <input_file_ref idref="fl-8"/>
      </object_component>
      <object_component id="oc-251">
         <name>.text:I2CMasterEnable</name>
         <load_address>0x3430</load_address>
         <run_address>0x3430</run_address>
         <size>0xa</size>
         <input_file_ref idref="fl-db"/>
      </object_component>
      <object_component id="oc-35f">
         <name>.text:SSIDataPut</name>
         <load_address>0x343a</load_address>
         <run_address>0x343a</run_address>
         <size>0xa</size>
         <input_file_ref idref="fl-dd"/>
      </object_component>
      <object_component id="oc-347">
         <name>.text:SSIEnable</name>
         <load_address>0x3444</load_address>
         <run_address>0x3444</run_address>
         <size>0xa</size>
         <input_file_ref idref="fl-dd"/>
      </object_component>
      <object_component id="oc-3a8">
         <name>.text:TimerValueGet</name>
         <load_address>0x344e</load_address>
         <run_address>0x344e</run_address>
         <size>0xa</size>
         <input_file_ref idref="fl-e0"/>
      </object_component>
      <object_component id="oc-278">
         <name>.text:I2CMasterBusBusy</name>
         <load_address>0x3458</load_address>
         <run_address>0x3458</run_address>
         <size>0x8</size>
         <input_file_ref idref="fl-db"/>
      </object_component>
      <object_component id="oc-26c">
         <name>.text:I2CMasterBusy</name>
         <load_address>0x3460</load_address>
         <run_address>0x3460</run_address>
         <size>0x8</size>
         <input_file_ref idref="fl-db"/>
      </object_component>
      <object_component id="oc-25a">
         <name>.text:I2CMasterSlaveAddrSet</name>
         <load_address>0x3468</load_address>
         <run_address>0x3468</run_address>
         <size>0x8</size>
         <input_file_ref idref="fl-db"/>
      </object_component>
      <object_component id="oc-359">
         <name>.text:SSIBusy</name>
         <load_address>0x3470</load_address>
         <run_address>0x3470</run_address>
         <size>0x8</size>
         <input_file_ref idref="fl-dd"/>
      </object_component>
      <object_component id="oc-280">
         <name>.text:malloc</name>
         <load_address>0x3478</load_address>
         <run_address>0x3478</run_address>
         <size>0x8</size>
         <input_file_ref idref="fl-d0"/>
      </object_component>
      <object_component id="oc-1f5">
         <name>.text:GPIOPinRead</name>
         <load_address>0x3480</load_address>
         <run_address>0x3480</run_address>
         <size>0x6</size>
         <input_file_ref idref="fl-da"/>
      </object_component>
      <object_component id="oc-34d">
         <name>.text:GPIOPinWrite</name>
         <load_address>0x3486</load_address>
         <run_address>0x3486</run_address>
         <size>0x6</size>
         <input_file_ref idref="fl-da"/>
      </object_component>
      <object_component id="oc-33b">
         <name>.text:SSIClockSourceSet</name>
         <load_address>0x348c</load_address>
         <run_address>0x348c</run_address>
         <size>0x6</size>
         <input_file_ref idref="fl-dd"/>
      </object_component>
      <object_component id="oc-108">
         <name>.text:SysCtlDelay</name>
         <load_address>0x3492</load_address>
         <run_address>0x3492</run_address>
         <size>0x6</size>
         <input_file_ref idref="fl-de"/>
      </object_component>
      <object_component id="oc-266">
         <name>.text:I2CMasterControl</name>
         <load_address>0x3498</load_address>
         <run_address>0x3498</run_address>
         <size>0x4</size>
         <input_file_ref idref="fl-db"/>
      </object_component>
      <object_component id="oc-272">
         <name>.text:I2CMasterDataGet</name>
         <load_address>0x349c</load_address>
         <run_address>0x349c</run_address>
         <size>0x4</size>
         <input_file_ref idref="fl-db"/>
      </object_component>
      <object_component id="oc-260">
         <name>.text:I2CMasterDataPut</name>
         <load_address>0x34a0</load_address>
         <run_address>0x34a0</run_address>
         <size>0x4</size>
         <input_file_ref idref="fl-db"/>
      </object_component>
      <object_component id="oc-99">
         <name>.text:_system_pre_init</name>
         <load_address>0x34a4</load_address>
         <run_address>0x34a4</run_address>
         <size>0x4</size>
         <input_file_ref idref="fl-d5"/>
      </object_component>
      <object_component id="oc-135">
         <name>.text:abort:abort</name>
         <load_address>0x34a8</load_address>
         <run_address>0x34a8</run_address>
         <size>0x4</size>
         <input_file_ref idref="fl-d7"/>
      </object_component>
      <object_component id="oc-2aa">
         <name>.text</name>
         <load_address>0x34ac</load_address>
         <run_address>0x34ac</run_address>
         <size>0x2</size>
         <input_file_ref idref="fl-d2"/>
      </object_component>
      <object_component id="oc-36b">
         <name>.const:.string:rgbOledFont0</name>
         <load_address>0x34b0</load_address>
         <run_address>0x34b0</run_address>
         <size>0x300</size>
         <input_file_ref idref="fl-b"/>
      </object_component>
      <object_component id="oc-24d">
         <name>.const:g_pui32GPIOBaseAddrs</name>
         <load_address>0x37b0</load_address>
         <run_address>0x37b0</run_address>
         <size>0x90</size>
         <input_file_ref idref="fl-da"/>
      </object_component>
      <object_component id="oc-1bb">
         <name>.const:g_pui32Xtals</name>
         <load_address>0x3840</load_address>
         <run_address>0x3840</run_address>
         <size>0x6c</size>
         <input_file_ref idref="fl-de"/>
      </object_component>
      <object_component id="oc-371">
         <name>.const:.string:rgbFillPat</name>
         <load_address>0x38ac</load_address>
         <run_address>0x38ac</run_address>
         <size>0x40</size>
         <input_file_ref idref="fl-c"/>
      </object_component>
      <object_component id="oc-1d2">
         <name>.const:g_psDaysToMonth</name>
         <load_address>0x38ec</load_address>
         <run_address>0x38ec</run_address>
         <size>0x30</size>
         <input_file_ref idref="fl-9"/>
      </object_component>
      <object_component id="oc-1d5">
         <name>.const:g_pfExponents</name>
         <load_address>0x391c</load_address>
         <run_address>0x391c</run_address>
         <size>0x18</size>
         <input_file_ref idref="fl-9"/>
      </object_component>
      <object_component id="oc-2b0">
         <name>.const:.string</name>
         <load_address>0x3934</load_address>
         <run_address>0x3934</run_address>
         <size>0x12</size>
         <input_file_ref idref="fl-9"/>
      </object_component>
      <object_component id="oc-1cf">
         <name>.const</name>
         <load_address>0x3948</load_address>
         <run_address>0x3948</run_address>
         <size>0x4</size>
         <input_file_ref idref="fl-9"/>
      </object_component>
      <object_component id="oc-3f8">
         <name>.cinit..data.load</name>
         <load_address>0x3950</load_address>
         <run_address>0x3950</run_address>
         <size>0x10</size>
      </object_component>
      <object_component id="oc-3f5">
         <name>__TI_handler_table</name>
         <load_address>0x3960</load_address>
         <run_address>0x3960</run_address>
         <size>0xc</size>
      </object_component>
      <object_component id="oc-3f9">
         <name>.cinit..bss.load</name>
         <load_address>0x3970</load_address>
         <run_address>0x3970</run_address>
         <size>0x8</size>
      </object_component>
      <object_component id="oc-3f7">
         <name>.cinit..vtable.load</name>
         <load_address>0x3978</load_address>
         <run_address>0x3978</run_address>
         <size>0x8</size>
      </object_component>
      <object_component id="oc-3f6">
         <name>__TI_cinit_table</name>
         <load_address>0x3980</load_address>
         <run_address>0x3980</run_address>
         <size>0x18</size>
      </object_component>
      <object_component id="oc-2a5">
         <name>.vtable</name>
         <uninitialized>true</uninitialized>
         <run_address>0x20000000</run_address>
         <size>0x26c</size>
         <input_file_ref idref="fl-dc"/>
      </object_component>
      <object_component id="oc-1d8">
         <name>.data</name>
         <load_address>0x20000910</load_address>
         <run_address>0x20000910</run_address>
         <size>0x4</size>
         <input_file_ref idref="fl-9"/>
      </object_component>
      <object_component id="oc-310">
         <name>.data:$O1$$</name>
         <load_address>0x20000908</load_address>
         <run_address>0x20000908</run_address>
         <size>0x8</size>
         <input_file_ref idref="fl-d0"/>
      </object_component>
      <object_component id="oc-226">
         <name>.data:$O1$$</name>
         <load_address>0x20000900</load_address>
         <run_address>0x20000900</run_address>
         <size>0x8</size>
         <input_file_ref idref="fl-d8"/>
      </object_component>
      <object_component id="oc-1fe">
         <name>.bss:but_state</name>
         <uninitialized>true</uninitialized>
         <run_address>0x200005a8</run_address>
         <size>0x4</size>
         <input_file_ref idref="fl-3"/>
      </object_component>
      <object_component id="oc-201">
         <name>.bss:but_count</name>
         <uninitialized>true</uninitialized>
         <run_address>0x2000059c</run_address>
         <size>0x4</size>
         <input_file_ref idref="fl-3"/>
      </object_component>
      <object_component id="oc-204">
         <name>.bss:but_flag</name>
         <uninitialized>true</uninitialized>
         <run_address>0x200005a0</run_address>
         <size>0x4</size>
         <input_file_ref idref="fl-3"/>
      </object_component>
      <object_component id="oc-1fb">
         <name>.bss:but_normal</name>
         <uninitialized>true</uninitialized>
         <run_address>0x200005a4</run_address>
         <size>0x4</size>
         <input_file_ref idref="fl-3"/>
      </object_component>
      <object_component id="oc-121">
         <name>.bss:circbuf_x</name>
         <uninitialized>true</uninitialized>
         <run_address>0x2000056c</run_address>
         <size>0x10</size>
         <input_file_ref idref="fl-5"/>
      </object_component>
      <object_component id="oc-124">
         <name>.bss:circbuf_y</name>
         <uninitialized>true</uninitialized>
         <run_address>0x2000057c</run_address>
         <size>0x10</size>
         <input_file_ref idref="fl-5"/>
      </object_component>
      <object_component id="oc-127">
         <name>.bss:circbuf_z</name>
         <uninitialized>true</uninitialized>
         <run_address>0x2000058c</run_address>
         <size>0x10</size>
         <input_file_ref idref="fl-5"/>
      </object_component>
      <object_component id="oc-12d">
         <name>.common:run_btn</name>
         <uninitialized>true</uninitialized>
         <run_address>0x200005d8</run_address>
         <size>0x4</size>
      </object_component>
      <object_component id="oc-12e">
         <name>.common:run_oled</name>
         <uninitialized>true</uninitialized>
         <run_address>0x200005dc</run_address>
         <size>0x4</size>
      </object_component>
      <object_component id="oc-12a">
         <name>.common:run_acc</name>
         <uninitialized>true</uninitialized>
         <run_address>0x200005d4</run_address>
         <size>0x4</size>
      </object_component>
      <object_component id="oc-390">
         <name>.common:xcoOledCur</name>
         <uninitialized>true</uninitialized>
         <run_address>0x200005e8</run_address>
         <size>0x4</size>
      </object_component>
      <object_component id="oc-391">
         <name>.common:ycoOledCur</name>
         <uninitialized>true</uninitialized>
         <run_address>0x200005f4</run_address>
         <size>0x4</size>
      </object_component>
      <object_component id="oc-32d">
         <name>.common:pbOledCur</name>
         <uninitialized>true</uninitialized>
         <run_address>0x200005c0</run_address>
         <size>0x4</size>
      </object_component>
      <object_component id="oc-392">
         <name>.common:bnOledCur</name>
         <uninitialized>true</uninitialized>
         <run_address>0x200005ac</run_address>
         <size>0x4</size>
      </object_component>
      <object_component id="oc-36f">
         <name>.common:clrOledCur</name>
         <uninitialized>true</uninitialized>
         <run_address>0x200005f8</run_address>
         <size>0x1</size>
      </object_component>
      <object_component id="oc-370">
         <name>.common:pbOledPatCur</name>
         <uninitialized>true</uninitialized>
         <run_address>0x200005cc</run_address>
         <size>0x4</size>
      </object_component>
      <object_component id="oc-32b">
         <name>.common:fOledCharUpdate</name>
         <uninitialized>true</uninitialized>
         <run_address>0x200005b8</run_address>
         <size>0x4</size>
      </object_component>
      <object_component id="oc-326">
         <name>.common:dxcoOledFontCur</name>
         <uninitialized>true</uninitialized>
         <run_address>0x200005b0</run_address>
         <size>0x4</size>
      </object_component>
      <object_component id="oc-329">
         <name>.common:dycoOledFontCur</name>
         <uninitialized>true</uninitialized>
         <run_address>0x200005b4</run_address>
         <size>0x4</size>
      </object_component>
      <object_component id="oc-32c">
         <name>.common:pbOledFontCur</name>
         <uninitialized>true</uninitialized>
         <run_address>0x200005c4</run_address>
         <size>0x4</size>
      </object_component>
      <object_component id="oc-32a">
         <name>.common:pbOledFontUser</name>
         <uninitialized>true</uninitialized>
         <run_address>0x200005c8</run_address>
         <size>0x4</size>
      </object_component>
      <object_component id="oc-374">
         <name>.common:rgbOledBmp</name>
         <uninitialized>true</uninitialized>
         <run_address>0x2000026c</run_address>
         <size>0x200</size>
      </object_component>
      <object_component id="oc-324">
         <name>.common:xchOledCur</name>
         <uninitialized>true</uninitialized>
         <run_address>0x200005e0</run_address>
         <size>0x4</size>
      </object_component>
      <object_component id="oc-325">
         <name>.common:ychOledCur</name>
         <uninitialized>true</uninitialized>
         <run_address>0x200005ec</run_address>
         <size>0x4</size>
      </object_component>
      <object_component id="oc-320">
         <name>.common:xchOledMax</name>
         <uninitialized>true</uninitialized>
         <run_address>0x200005e4</run_address>
         <size>0x4</size>
      </object_component>
      <object_component id="oc-323">
         <name>.common:ychOledMax</name>
         <uninitialized>true</uninitialized>
         <run_address>0x200005f0</run_address>
         <size>0x4</size>
      </object_component>
      <object_component id="oc-36e">
         <name>.common:rgbOledFontUser</name>
         <uninitialized>true</uninitialized>
         <run_address>0x2000046c</run_address>
         <size>0x100</size>
      </object_component>
      <object_component id="oc-396">
         <name>.common:pfnDoRop</name>
         <uninitialized>true</uninitialized>
         <run_address>0x200005d0</run_address>
         <size>0x4</size>
      </object_component>
      <object_component id="oc-393">
         <name>.common:modOledCur</name>
         <uninitialized>true</uninitialized>
         <run_address>0x200005bc</run_address>
         <size>0x4</size>
      </object_component>
      <object_component id="oc-21">
         <name>.sysmem</name>
         <uninitialized>true</uninitialized>
         <run_address>0x20000800</run_address>
         <size>0x10</size>
         <input_file_ref idref="fl-d0"/>
      </object_component>
      <object_component id="oc-3fb">
         <name>.sysmem</name>
         <uninitialized>true</uninitialized>
         <run_address>0x20000800</run_address>
         <size>0x0</size>
      </object_component>
      <object_component id="oc-24">
         <name>.stack</name>
         <uninitialized>true</uninitialized>
         <run_address>0x20000600</run_address>
         <size>0x4</size>
         <input_file_ref idref="fl-d1"/>
      </object_component>
      <object_component id="oc-3fa">
         <name>.stack</name>
         <uninitialized>true</uninitialized>
         <run_address>0x20000600</run_address>
         <size>0x0</size>
      </object_component>
      <object_component id="oc-c7">
         <name>.debug_info</name>
         <load_address>0x0</load_address>
         <run_address>0x0</run_address>
         <size>0x4dd</size>
         <input_file_ref idref="fl-2"/>
      </object_component>
      <object_component id="oc-dc">
         <name>.debug_info</name>
         <load_address>0x4dd</load_address>
         <run_address>0x4dd</run_address>
         <size>0x475</size>
         <input_file_ref idref="fl-2"/>
      </object_component>
      <object_component id="oc-130">
         <name>.debug_info</name>
         <load_address>0x952</load_address>
         <run_address>0x952</run_address>
         <size>0x72</size>
         <input_file_ref idref="fl-2"/>
      </object_component>
      <object_component id="oc-74">
         <name>.debug_info</name>
         <load_address>0x9c4</load_address>
         <run_address>0x9c4</run_address>
         <size>0x26b</size>
         <input_file_ref idref="fl-2"/>
      </object_component>
      <object_component id="oc-21d">
         <name>.debug_info</name>
         <load_address>0xc2f</load_address>
         <run_address>0xc2f</run_address>
         <size>0x110</size>
         <input_file_ref idref="fl-2"/>
      </object_component>
      <object_component id="oc-c2">
         <name>.debug_info</name>
         <load_address>0xd3f</load_address>
         <run_address>0xd3f</run_address>
         <size>0x8b</size>
         <input_file_ref idref="fl-2"/>
      </object_component>
      <object_component id="oc-bd">
         <name>.debug_info</name>
         <load_address>0xdca</load_address>
         <run_address>0xdca</run_address>
         <size>0x297</size>
         <input_file_ref idref="fl-2"/>
      </object_component>
      <object_component id="oc-29c">
         <name>.debug_info</name>
         <load_address>0x1061</load_address>
         <run_address>0x1061</run_address>
         <size>0xef</size>
         <input_file_ref idref="fl-2"/>
      </object_component>
      <object_component id="oc-79">
         <name>.debug_info</name>
         <load_address>0x1150</load_address>
         <run_address>0x1150</run_address>
         <size>0xbb</size>
         <input_file_ref idref="fl-2"/>
      </object_component>
      <object_component id="oc-1e2">
         <name>.debug_info</name>
         <load_address>0x120b</load_address>
         <run_address>0x120b</run_address>
         <size>0x2c</size>
         <input_file_ref idref="fl-2"/>
      </object_component>
      <object_component id="oc-175">
         <name>.debug_info</name>
         <load_address>0x1237</load_address>
         <run_address>0x1237</run_address>
         <size>0x35</size>
         <input_file_ref idref="fl-2"/>
      </object_component>
      <object_component id="oc-208">
         <name>.debug_info</name>
         <load_address>0x126c</load_address>
         <run_address>0x126c</run_address>
         <size>0x368</size>
         <input_file_ref idref="fl-3"/>
      </object_component>
      <object_component id="oc-1ff">
         <name>.debug_info</name>
         <load_address>0x15d4</load_address>
         <run_address>0x15d4</run_address>
         <size>0xd2</size>
         <input_file_ref idref="fl-3"/>
      </object_component>
      <object_component id="oc-202">
         <name>.debug_info</name>
         <load_address>0x16a6</load_address>
         <run_address>0x16a6</run_address>
         <size>0xd2</size>
         <input_file_ref idref="fl-3"/>
      </object_component>
      <object_component id="oc-205">
         <name>.debug_info</name>
         <load_address>0x1778</load_address>
         <run_address>0x1778</run_address>
         <size>0xd0</size>
         <input_file_ref idref="fl-3"/>
      </object_component>
      <object_component id="oc-1fc">
         <name>.debug_info</name>
         <load_address>0x1848</load_address>
         <run_address>0x1848</run_address>
         <size>0xd4</size>
         <input_file_ref idref="fl-3"/>
      </object_component>
      <object_component id="oc-118">
         <name>.debug_info</name>
         <load_address>0x191c</load_address>
         <run_address>0x191c</run_address>
         <size>0x39a</size>
         <input_file_ref idref="fl-3"/>
      </object_component>
      <object_component id="oc-1b8">
         <name>.debug_info</name>
         <load_address>0x1cb6</load_address>
         <run_address>0x1cb6</run_address>
         <size>0x2d7</size>
         <input_file_ref idref="fl-4"/>
      </object_component>
      <object_component id="oc-e0">
         <name>.debug_info</name>
         <load_address>0x1f8d</load_address>
         <run_address>0x1f8d</run_address>
         <size>0x328</size>
         <input_file_ref idref="fl-4"/>
      </object_component>
      <object_component id="oc-212">
         <name>.debug_info</name>
         <load_address>0x22b5</load_address>
         <run_address>0x22b5</run_address>
         <size>0x86</size>
         <input_file_ref idref="fl-4"/>
      </object_component>
      <object_component id="oc-36">
         <name>.debug_info</name>
         <load_address>0x233b</load_address>
         <run_address>0x233b</run_address>
         <size>0x84</size>
         <input_file_ref idref="fl-4"/>
      </object_component>
      <object_component id="oc-12b">
         <name>.debug_info</name>
         <load_address>0x23bf</load_address>
         <run_address>0x23bf</run_address>
         <size>0x654</size>
         <input_file_ref idref="fl-5"/>
      </object_component>
      <object_component id="oc-122">
         <name>.debug_info</name>
         <load_address>0x2a13</load_address>
         <run_address>0x2a13</run_address>
         <size>0xd9</size>
         <input_file_ref idref="fl-5"/>
      </object_component>
      <object_component id="oc-125">
         <name>.debug_info</name>
         <load_address>0x2aec</load_address>
         <run_address>0x2aec</run_address>
         <size>0xd9</size>
         <input_file_ref idref="fl-5"/>
      </object_component>
      <object_component id="oc-128">
         <name>.debug_info</name>
         <load_address>0x2bc5</load_address>
         <run_address>0x2bc5</run_address>
         <size>0xd9</size>
         <input_file_ref idref="fl-5"/>
      </object_component>
      <object_component id="oc-a2">
         <name>.debug_info</name>
         <load_address>0x2c9e</load_address>
         <run_address>0x2c9e</run_address>
         <size>0x7bb</size>
         <input_file_ref idref="fl-5"/>
      </object_component>
      <object_component id="oc-27f">
         <name>.debug_info</name>
         <load_address>0x3459</load_address>
         <run_address>0x3459</run_address>
         <size>0x3ba</size>
         <input_file_ref idref="fl-6"/>
      </object_component>
      <object_component id="oc-1a7">
         <name>.debug_info</name>
         <load_address>0x3813</load_address>
         <run_address>0x3813</run_address>
         <size>0x539</size>
         <input_file_ref idref="fl-6"/>
      </object_component>
      <object_component id="oc-1ee">
         <name>.debug_info</name>
         <load_address>0x3d4c</load_address>
         <run_address>0x3d4c</run_address>
         <size>0x32a</size>
         <input_file_ref idref="fl-7"/>
      </object_component>
      <object_component id="oc-110">
         <name>.debug_info</name>
         <load_address>0x4076</load_address>
         <run_address>0x4076</run_address>
         <size>0x2f3</size>
         <input_file_ref idref="fl-7"/>
      </object_component>
      <object_component id="oc-1dd">
         <name>.debug_info</name>
         <load_address>0x4369</load_address>
         <run_address>0x4369</run_address>
         <size>0x196</size>
         <input_file_ref idref="fl-7"/>
      </object_component>
      <object_component id="oc-2f">
         <name>.debug_info</name>
         <load_address>0x44ff</load_address>
         <run_address>0x44ff</run_address>
         <size>0x2aa</size>
         <input_file_ref idref="fl-8"/>
      </object_component>
      <object_component id="oc-10">
         <name>.debug_info</name>
         <load_address>0x47a9</load_address>
         <run_address>0x47a9</run_address>
         <size>0xe9</size>
         <input_file_ref idref="fl-8"/>
      </object_component>
      <object_component id="oc-2b">
         <name>.debug_info</name>
         <load_address>0x4892</load_address>
         <run_address>0x4892</run_address>
         <size>0x265</size>
         <input_file_ref idref="fl-8"/>
      </object_component>
      <object_component id="oc-1dc">
         <name>.debug_info</name>
         <load_address>0x4af7</load_address>
         <run_address>0x4af7</run_address>
         <size>0x2eb</size>
         <input_file_ref idref="fl-9"/>
      </object_component>
      <object_component id="oc-1d0">
         <name>.debug_info</name>
         <load_address>0x4de2</load_address>
         <run_address>0x4de2</run_address>
         <size>0xf2</size>
         <input_file_ref idref="fl-9"/>
      </object_component>
      <object_component id="oc-1d3">
         <name>.debug_info</name>
         <load_address>0x4ed4</load_address>
         <run_address>0x4ed4</run_address>
         <size>0x103</size>
         <input_file_ref idref="fl-9"/>
      </object_component>
      <object_component id="oc-1d6">
         <name>.debug_info</name>
         <load_address>0x4fd7</load_address>
         <run_address>0x4fd7</run_address>
         <size>0xff</size>
         <input_file_ref idref="fl-9"/>
      </object_component>
      <object_component id="oc-1d9">
         <name>.debug_info</name>
         <load_address>0x50d6</load_address>
         <run_address>0x50d6</run_address>
         <size>0xff</size>
         <input_file_ref idref="fl-9"/>
      </object_component>
      <object_component id="oc-10a">
         <name>.debug_info</name>
         <load_address>0x51d5</load_address>
         <run_address>0x51d5</run_address>
         <size>0x135b</size>
         <input_file_ref idref="fl-9"/>
      </object_component>
      <object_component id="oc-2c8">
         <name>.debug_info</name>
         <load_address>0x6530</load_address>
         <run_address>0x6530</run_address>
         <size>0x35d</size>
         <input_file_ref idref="fl-a"/>
      </object_component>
      <object_component id="oc-1eb">
         <name>.debug_info</name>
         <load_address>0x688d</load_address>
         <run_address>0x688d</run_address>
         <size>0x35c</size>
         <input_file_ref idref="fl-a"/>
      </object_component>
      <object_component id="oc-3bb">
         <name>.debug_info</name>
         <load_address>0x6be9</load_address>
         <run_address>0x6be9</run_address>
         <size>0xf2</size>
         <input_file_ref idref="fl-b"/>
      </object_component>
      <object_component id="oc-36c">
         <name>.debug_info</name>
         <load_address>0x6cdb</load_address>
         <run_address>0x6cdb</run_address>
         <size>0x106</size>
         <input_file_ref idref="fl-b"/>
      </object_component>
      <object_component id="oc-3be">
         <name>.debug_info</name>
         <load_address>0x6de1</load_address>
         <run_address>0x6de1</run_address>
         <size>0xef</size>
         <input_file_ref idref="fl-c"/>
      </object_component>
      <object_component id="oc-372">
         <name>.debug_info</name>
         <load_address>0x6ed0</load_address>
         <run_address>0x6ed0</run_address>
         <size>0x101</size>
         <input_file_ref idref="fl-c"/>
      </object_component>
      <object_component id="oc-327">
         <name>.debug_info</name>
         <load_address>0x6fd1</load_address>
         <run_address>0x6fd1</run_address>
         <size>0x85f</size>
         <input_file_ref idref="fl-d"/>
      </object_component>
      <object_component id="oc-2c4">
         <name>.debug_info</name>
         <load_address>0x7830</load_address>
         <run_address>0x7830</run_address>
         <size>0xd67</size>
         <input_file_ref idref="fl-d"/>
      </object_component>
      <object_component id="oc-321">
         <name>.debug_info</name>
         <load_address>0x8597</load_address>
         <run_address>0x8597</run_address>
         <size>0x4dc</size>
         <input_file_ref idref="fl-e"/>
      </object_component>
      <object_component id="oc-2bc">
         <name>.debug_info</name>
         <load_address>0x8a73</load_address>
         <run_address>0x8a73</run_address>
         <size>0xa3a</size>
         <input_file_ref idref="fl-e"/>
      </object_component>
      <object_component id="oc-394">
         <name>.debug_info</name>
         <load_address>0x94ad</load_address>
         <run_address>0x94ad</run_address>
         <size>0x4b6</size>
         <input_file_ref idref="fl-f"/>
      </object_component>
      <object_component id="oc-31e">
         <name>.debug_info</name>
         <load_address>0x9963</load_address>
         <run_address>0x9963</run_address>
         <size>0x1f9c</size>
         <input_file_ref idref="fl-f"/>
      </object_component>
      <object_component id="oc-332">
         <name>.debug_info</name>
         <load_address>0xb8ff</load_address>
         <run_address>0xb8ff</run_address>
         <size>0x2a7</size>
         <input_file_ref idref="fl-10"/>
      </object_component>
      <object_component id="oc-1cd">
         <name>.debug_info</name>
         <load_address>0xbba6</load_address>
         <run_address>0xbba6</run_address>
         <size>0x141</size>
         <input_file_ref idref="fl-cb"/>
      </object_component>
      <object_component id="oc-96">
         <name>.debug_info</name>
         <load_address>0xbce7</load_address>
         <run_address>0xbce7</run_address>
         <size>0x146</size>
         <input_file_ref idref="fl-cc"/>
      </object_component>
      <object_component id="oc-92">
         <name>.debug_info</name>
         <load_address>0xbe2d</load_address>
         <run_address>0xbe2d</run_address>
         <size>0x2d3</size>
         <input_file_ref idref="fl-cd"/>
      </object_component>
      <object_component id="oc-4e">
         <name>.debug_info</name>
         <load_address>0xc100</load_address>
         <run_address>0xc100</run_address>
         <size>0x1b4</size>
         <input_file_ref idref="fl-cd"/>
      </object_component>
      <object_component id="oc-8d">
         <name>.debug_info</name>
         <load_address>0xc2b4</load_address>
         <run_address>0xc2b4</run_address>
         <size>0x46</size>
         <input_file_ref idref="fl-cd"/>
      </object_component>
      <object_component id="oc-cf">
         <name>.debug_info</name>
         <load_address>0xc2fa</load_address>
         <run_address>0xc2fa</run_address>
         <size>0x2c</size>
         <input_file_ref idref="fl-cd"/>
      </object_component>
      <object_component id="oc-46">
         <name>.debug_info</name>
         <load_address>0xc326</load_address>
         <run_address>0xc326</run_address>
         <size>0x2a7</size>
         <input_file_ref idref="fl-ce"/>
      </object_component>
      <object_component id="oc-1a">
         <name>.debug_info</name>
         <load_address>0xc5cd</load_address>
         <run_address>0xc5cd</run_address>
         <size>0x1e9</size>
         <input_file_ref idref="fl-ce"/>
      </object_component>
      <object_component id="oc-41">
         <name>.debug_info</name>
         <load_address>0xc7b6</load_address>
         <run_address>0xc7b6</run_address>
         <size>0x46</size>
         <input_file_ref idref="fl-ce"/>
      </object_component>
      <object_component id="oc-85">
         <name>.debug_info</name>
         <load_address>0xc7fc</load_address>
         <run_address>0xc7fc</run_address>
         <size>0x2c</size>
         <input_file_ref idref="fl-ce"/>
      </object_component>
      <object_component id="oc-83">
         <name>.debug_info</name>
         <load_address>0xc828</load_address>
         <run_address>0xc828</run_address>
         <size>0x29d</size>
         <input_file_ref idref="fl-cf"/>
      </object_component>
      <object_component id="oc-13">
         <name>.debug_info</name>
         <load_address>0xcac5</load_address>
         <run_address>0xcac5</run_address>
         <size>0x24f</size>
         <input_file_ref idref="fl-cf"/>
      </object_component>
      <object_component id="oc-31">
         <name>.debug_info</name>
         <load_address>0xcd14</load_address>
         <run_address>0xcd14</run_address>
         <size>0x60</size>
         <input_file_ref idref="fl-cf"/>
      </object_component>
      <object_component id="oc-c8">
         <name>.debug_info</name>
         <load_address>0xcd74</load_address>
         <run_address>0xcd74</run_address>
         <size>0x46</size>
         <input_file_ref idref="fl-cf"/>
      </object_component>
      <object_component id="oc-7e">
         <name>.debug_info</name>
         <load_address>0xcdba</load_address>
         <run_address>0xcdba</run_address>
         <size>0x39</size>
         <input_file_ref idref="fl-cf"/>
      </object_component>
      <object_component id="oc-6d">
         <name>.debug_info</name>
         <load_address>0xcdf3</load_address>
         <run_address>0xcdf3</run_address>
         <size>0x3b1</size>
         <input_file_ref idref="fl-d0"/>
      </object_component>
      <object_component id="oc-22">
         <name>.debug_info</name>
         <load_address>0xd1a4</load_address>
         <run_address>0xd1a4</run_address>
         <size>0x10b</size>
         <input_file_ref idref="fl-d0"/>
      </object_component>
      <object_component id="oc-311">
         <name>.debug_info</name>
         <load_address>0xd2af</load_address>
         <run_address>0xd2af</run_address>
         <size>0x13e</size>
         <input_file_ref idref="fl-d0"/>
      </object_component>
      <object_component id="oc-281">
         <name>.debug_info</name>
         <load_address>0xd3ed</load_address>
         <run_address>0xd3ed</run_address>
         <size>0x167</size>
         <input_file_ref idref="fl-d0"/>
      </object_component>
      <object_component id="oc-288">
         <name>.debug_info</name>
         <load_address>0xd554</load_address>
         <run_address>0xd554</run_address>
         <size>0x18d</size>
         <input_file_ref idref="fl-d0"/>
      </object_component>
      <object_component id="oc-28e">
         <name>.debug_info</name>
         <load_address>0xd6e1</load_address>
         <run_address>0xd6e1</run_address>
         <size>0x19e</size>
         <input_file_ref idref="fl-d0"/>
      </object_component>
      <object_component id="oc-1b2">
         <name>.debug_info</name>
         <load_address>0xd87f</load_address>
         <run_address>0xd87f</run_address>
         <size>0x202</size>
         <input_file_ref idref="fl-d0"/>
      </object_component>
      <object_component id="oc-388">
         <name>.debug_info</name>
         <load_address>0xda81</load_address>
         <run_address>0xda81</run_address>
         <size>0x1da</size>
         <input_file_ref idref="fl-d0"/>
      </object_component>
      <object_component id="oc-1ac">
         <name>.debug_info</name>
         <load_address>0xdc5b</load_address>
         <run_address>0xdc5b</run_address>
         <size>0x1a4</size>
         <input_file_ref idref="fl-d0"/>
      </object_component>
      <object_component id="oc-30b">
         <name>.debug_info</name>
         <load_address>0xddff</load_address>
         <run_address>0xddff</run_address>
         <size>0x298</size>
         <input_file_ref idref="fl-d0"/>
      </object_component>
      <object_component id="oc-b8">
         <name>.debug_info</name>
         <load_address>0xe097</load_address>
         <run_address>0xe097</run_address>
         <size>0xb2</size>
         <input_file_ref idref="fl-d0"/>
      </object_component>
      <object_component id="oc-b3">
         <name>.debug_info</name>
         <load_address>0xe149</load_address>
         <run_address>0xe149</run_address>
         <size>0x2c</size>
         <input_file_ref idref="fl-d0"/>
      </object_component>
      <object_component id="oc-25">
         <name>.debug_info</name>
         <load_address>0xe175</load_address>
         <run_address>0xe175</run_address>
         <size>0x10a</size>
         <input_file_ref idref="fl-d1"/>
      </object_component>
      <object_component id="oc-5a">
         <name>.debug_info</name>
         <load_address>0xe27f</load_address>
         <run_address>0xe27f</run_address>
         <size>0x1a8</size>
         <input_file_ref idref="fl-d1"/>
      </object_component>
      <object_component id="oc-2ab">
         <name>.debug_info</name>
         <load_address>0xe427</load_address>
         <run_address>0xe427</run_address>
         <size>0x114</size>
         <input_file_ref idref="fl-d2"/>
      </object_component>
      <object_component id="oc-3e">
         <name>.debug_info</name>
         <load_address>0xe53b</load_address>
         <run_address>0xe53b</run_address>
         <size>0x118</size>
         <input_file_ref idref="fl-d3"/>
      </object_component>
      <object_component id="oc-22d">
         <name>.debug_info</name>
         <load_address>0xe653</load_address>
         <run_address>0xe653</run_address>
         <size>0x4b2</size>
         <input_file_ref idref="fl-d4"/>
      </object_component>
      <object_component id="oc-144">
         <name>.debug_info</name>
         <load_address>0xeb05</load_address>
         <run_address>0xeb05</run_address>
         <size>0x1a5</size>
         <input_file_ref idref="fl-d4"/>
      </object_component>
      <object_component id="oc-2e8">
         <name>.debug_info</name>
         <load_address>0xecaa</load_address>
         <run_address>0xecaa</run_address>
         <size>0x39</size>
         <input_file_ref idref="fl-d4"/>
      </object_component>
      <object_component id="oc-37b">
         <name>.debug_info</name>
         <load_address>0xece3</load_address>
         <run_address>0xece3</run_address>
         <size>0x39</size>
         <input_file_ref idref="fl-d4"/>
      </object_component>
      <object_component id="oc-2ed">
         <name>.debug_info</name>
         <load_address>0xed1c</load_address>
         <run_address>0xed1c</run_address>
         <size>0x39</size>
         <input_file_ref idref="fl-d4"/>
      </object_component>
      <object_component id="oc-2f2">
         <name>.debug_info</name>
         <load_address>0xed55</load_address>
         <run_address>0xed55</run_address>
         <size>0xcd</size>
         <input_file_ref idref="fl-d4"/>
      </object_component>
      <object_component id="oc-9a">
         <name>.debug_info</name>
         <load_address>0xee22</load_address>
         <run_address>0xee22</run_address>
         <size>0x152</size>
         <input_file_ref idref="fl-d5"/>
      </object_component>
      <object_component id="oc-139">
         <name>.debug_info</name>
         <load_address>0xef74</load_address>
         <run_address>0xef74</run_address>
         <size>0x121</size>
         <input_file_ref idref="fl-d7"/>
      </object_component>
      <object_component id="oc-2e2">
         <name>.debug_info</name>
         <load_address>0xf095</load_address>
         <run_address>0xf095</run_address>
         <size>0x2c8</size>
         <input_file_ref idref="fl-d8"/>
      </object_component>
      <object_component id="oc-227">
         <name>.debug_info</name>
         <load_address>0xf35d</load_address>
         <run_address>0xf35d</run_address>
         <size>0x11d</size>
         <input_file_ref idref="fl-d8"/>
      </object_component>
      <object_component id="oc-2dc">
         <name>.debug_info</name>
         <load_address>0xf47a</load_address>
         <run_address>0xf47a</run_address>
         <size>0x12d</size>
         <input_file_ref idref="fl-d8"/>
      </object_component>
      <object_component id="oc-24b">
         <name>.debug_info</name>
         <load_address>0xf5a7</load_address>
         <run_address>0xf5a7</run_address>
         <size>0x396</size>
         <input_file_ref idref="fl-da"/>
      </object_component>
      <object_component id="oc-24e">
         <name>.debug_info</name>
         <load_address>0xf93d</load_address>
         <run_address>0xf93d</run_address>
         <size>0x116</size>
         <input_file_ref idref="fl-da"/>
      </object_component>
      <object_component id="oc-34e">
         <name>.debug_info</name>
         <load_address>0xfa53</load_address>
         <run_address>0xfa53</run_address>
         <size>0x210</size>
         <input_file_ref idref="fl-da"/>
      </object_component>
      <object_component id="oc-245">
         <name>.debug_info</name>
         <load_address>0xfc63</load_address>
         <run_address>0xfc63</run_address>
         <size>0x220</size>
         <input_file_ref idref="fl-da"/>
      </object_component>
      <object_component id="oc-1f0">
         <name>.debug_info</name>
         <load_address>0xfe83</load_address>
         <run_address>0xfe83</run_address>
         <size>0x283</size>
         <input_file_ref idref="fl-da"/>
      </object_component>
      <object_component id="oc-336">
         <name>.debug_info</name>
         <load_address>0x10106</load_address>
         <run_address>0x10106</run_address>
         <size>0x1fd</size>
         <input_file_ref idref="fl-da"/>
      </object_component>
      <object_component id="oc-18d">
         <name>.debug_info</name>
         <load_address>0x10303</load_address>
         <run_address>0x10303</run_address>
         <size>0x203</size>
         <input_file_ref idref="fl-da"/>
      </object_component>
      <object_component id="oc-187">
         <name>.debug_info</name>
         <load_address>0x10506</load_address>
         <run_address>0x10506</run_address>
         <size>0x1fd</size>
         <input_file_ref idref="fl-da"/>
      </object_component>
      <object_component id="oc-354">
         <name>.debug_info</name>
         <load_address>0x10703</load_address>
         <run_address>0x10703</run_address>
         <size>0x224</size>
         <input_file_ref idref="fl-da"/>
      </object_component>
      <object_component id="oc-19f">
         <name>.debug_info</name>
         <load_address>0x10927</load_address>
         <run_address>0x10927</run_address>
         <size>0x209</size>
         <input_file_ref idref="fl-da"/>
      </object_component>
      <object_component id="oc-1f6">
         <name>.debug_info</name>
         <load_address>0x10b30</load_address>
         <run_address>0x10b30</run_address>
         <size>0x1e8</size>
         <input_file_ref idref="fl-da"/>
      </object_component>
      <object_component id="oc-193">
         <name>.debug_info</name>
         <load_address>0x10d18</load_address>
         <run_address>0x10d18</run_address>
         <size>0x1ed</size>
         <input_file_ref idref="fl-da"/>
      </object_component>
      <object_component id="oc-258">
         <name>.debug_info</name>
         <load_address>0x10f05</load_address>
         <run_address>0x10f05</run_address>
         <size>0x387</size>
         <input_file_ref idref="fl-db"/>
      </object_component>
      <object_component id="oc-25b">
         <name>.debug_info</name>
         <load_address>0x1128c</load_address>
         <run_address>0x1128c</run_address>
         <size>0x23b</size>
         <input_file_ref idref="fl-db"/>
      </object_component>
      <object_component id="oc-252">
         <name>.debug_info</name>
         <load_address>0x114c7</load_address>
         <run_address>0x114c7</run_address>
         <size>0x1bb</size>
         <input_file_ref idref="fl-db"/>
      </object_component>
      <object_component id="oc-199">
         <name>.debug_info</name>
         <load_address>0x11682</load_address>
         <run_address>0x11682</run_address>
         <size>0x255</size>
         <input_file_ref idref="fl-db"/>
      </object_component>
      <object_component id="oc-261">
         <name>.debug_info</name>
         <load_address>0x118d7</load_address>
         <run_address>0x118d7</run_address>
         <size>0x1eb</size>
         <input_file_ref idref="fl-db"/>
      </object_component>
      <object_component id="oc-273">
         <name>.debug_info</name>
         <load_address>0x11ac2</load_address>
         <run_address>0x11ac2</run_address>
         <size>0x1c1</size>
         <input_file_ref idref="fl-db"/>
      </object_component>
      <object_component id="oc-267">
         <name>.debug_info</name>
         <load_address>0x11c83</load_address>
         <run_address>0x11c83</run_address>
         <size>0x1eb</size>
         <input_file_ref idref="fl-db"/>
      </object_component>
      <object_component id="oc-26d">
         <name>.debug_info</name>
         <load_address>0x11e6e</load_address>
         <run_address>0x11e6e</run_address>
         <size>0x1bb</size>
         <input_file_ref idref="fl-db"/>
      </object_component>
      <object_component id="oc-279">
         <name>.debug_info</name>
         <load_address>0x12029</load_address>
         <run_address>0x12029</run_address>
         <size>0x1c1</size>
         <input_file_ref idref="fl-db"/>
      </object_component>
      <object_component id="oc-2a9">
         <name>.debug_info</name>
         <load_address>0x121ea</load_address>
         <run_address>0x121ea</run_address>
         <size>0x369</size>
         <input_file_ref idref="fl-dc"/>
      </object_component>
      <object_component id="oc-2a6">
         <name>.debug_info</name>
         <load_address>0x12553</load_address>
         <run_address>0x12553</run_address>
         <size>0x112</size>
         <input_file_ref idref="fl-dc"/>
      </object_component>
      <object_component id="oc-1c2">
         <name>.debug_info</name>
         <load_address>0x12665</load_address>
         <run_address>0x12665</run_address>
         <size>0x22e</size>
         <input_file_ref idref="fl-dc"/>
      </object_component>
      <object_component id="oc-11d">
         <name>.debug_info</name>
         <load_address>0x12893</load_address>
         <run_address>0x12893</run_address>
         <size>0x1ab</size>
         <input_file_ref idref="fl-dc"/>
      </object_component>
      <object_component id="oc-3b1">
         <name>.debug_info</name>
         <load_address>0x12a3e</load_address>
         <run_address>0x12a3e</run_address>
         <size>0x372</size>
         <input_file_ref idref="fl-dd"/>
      </object_component>
      <object_component id="oc-348">
         <name>.debug_info</name>
         <load_address>0x12db0</load_address>
         <run_address>0x12db0</run_address>
         <size>0x1af</size>
         <input_file_ref idref="fl-dd"/>
      </object_component>
      <object_component id="oc-360">
         <name>.debug_info</name>
         <load_address>0x12f5f</load_address>
         <run_address>0x12f5f</run_address>
         <size>0x1e3</size>
         <input_file_ref idref="fl-dd"/>
      </object_component>
      <object_component id="oc-367">
         <name>.debug_info</name>
         <load_address>0x13142</load_address>
         <run_address>0x13142</run_address>
         <size>0x1e7</size>
         <input_file_ref idref="fl-dd"/>
      </object_component>
      <object_component id="oc-342">
         <name>.debug_info</name>
         <load_address>0x13329</load_address>
         <run_address>0x13329</run_address>
         <size>0x346</size>
         <input_file_ref idref="fl-dd"/>
      </object_component>
      <object_component id="oc-33c">
         <name>.debug_info</name>
         <load_address>0x1366f</load_address>
         <run_address>0x1366f</run_address>
         <size>0x1f9</size>
         <input_file_ref idref="fl-dd"/>
      </object_component>
      <object_component id="oc-35a">
         <name>.debug_info</name>
         <load_address>0x13868</load_address>
         <run_address>0x13868</run_address>
         <size>0x1af</size>
         <input_file_ref idref="fl-dd"/>
      </object_component>
      <object_component id="oc-1ba">
         <name>.debug_info</name>
         <load_address>0x13a17</load_address>
         <run_address>0x13a17</run_address>
         <size>0x3f3</size>
         <input_file_ref idref="fl-de"/>
      </object_component>
      <object_component id="oc-1bc">
         <name>.debug_info</name>
         <load_address>0x13e0a</load_address>
         <run_address>0x13e0a</run_address>
         <size>0x108</size>
         <input_file_ref idref="fl-de"/>
      </object_component>
      <object_component id="oc-182">
         <name>.debug_info</name>
         <load_address>0x13f12</load_address>
         <run_address>0x13f12</run_address>
         <size>0x202</size>
         <input_file_ref idref="fl-de"/>
      </object_component>
      <object_component id="oc-17c">
         <name>.debug_info</name>
         <load_address>0x14114</load_address>
         <run_address>0x14114</run_address>
         <size>0x1ea</size>
         <input_file_ref idref="fl-de"/>
      </object_component>
      <object_component id="oc-e5">
         <name>.debug_info</name>
         <load_address>0x142fe</load_address>
         <run_address>0x142fe</run_address>
         <size>0x248</size>
         <input_file_ref idref="fl-de"/>
      </object_component>
      <object_component id="oc-eb">
         <name>.debug_info</name>
         <load_address>0x14546</load_address>
         <run_address>0x14546</run_address>
         <size>0x222</size>
         <input_file_ref idref="fl-de"/>
      </object_component>
      <object_component id="oc-298">
         <name>.debug_info</name>
         <load_address>0x14768</load_address>
         <run_address>0x14768</run_address>
         <size>0x51</size>
         <input_file_ref idref="fl-de"/>
      </object_component>
      <object_component id="oc-1c0">
         <name>.debug_info</name>
         <load_address>0x147b9</load_address>
         <run_address>0x147b9</run_address>
         <size>0x2f8</size>
         <input_file_ref idref="fl-df"/>
      </object_component>
      <object_component id="oc-f1">
         <name>.debug_info</name>
         <load_address>0x14ab1</load_address>
         <run_address>0x14ab1</run_address>
         <size>0x1ce</size>
         <input_file_ref idref="fl-df"/>
      </object_component>
      <object_component id="oc-f7">
         <name>.debug_info</name>
         <load_address>0x14c7f</load_address>
         <run_address>0x14c7f</run_address>
         <size>0x1e4</size>
         <input_file_ref idref="fl-df"/>
      </object_component>
      <object_component id="oc-fe">
         <name>.debug_info</name>
         <load_address>0x14e63</load_address>
         <run_address>0x14e63</run_address>
         <size>0x194</size>
         <input_file_ref idref="fl-df"/>
      </object_component>
      <object_component id="oc-103">
         <name>.debug_info</name>
         <load_address>0x14ff7</load_address>
         <run_address>0x14ff7</run_address>
         <size>0x18e</size>
         <input_file_ref idref="fl-df"/>
      </object_component>
      <object_component id="oc-3c3">
         <name>.debug_info</name>
         <load_address>0x15185</load_address>
         <run_address>0x15185</run_address>
         <size>0x379</size>
         <input_file_ref idref="fl-e0"/>
      </object_component>
      <object_component id="oc-3aa">
         <name>.debug_info</name>
         <load_address>0x154fe</load_address>
         <run_address>0x154fe</run_address>
         <size>0x1f7</size>
         <input_file_ref idref="fl-e0"/>
      </object_component>
      <object_component id="oc-3a3">
         <name>.debug_info</name>
         <load_address>0x156f5</load_address>
         <run_address>0x156f5</run_address>
         <size>0x1ec</size>
         <input_file_ref idref="fl-e0"/>
      </object_component>
      <object_component id="oc-39d">
         <name>.debug_info</name>
         <load_address>0x158e1</load_address>
         <run_address>0x158e1</run_address>
         <size>0x1f9</size>
         <input_file_ref idref="fl-e0"/>
      </object_component>
      <object_component id="oc-20a">
         <name>.debug_info</name>
         <load_address>0x15ada</load_address>
         <run_address>0x15ada</run_address>
         <size>0x17f</size>
         <input_file_ref idref="fl-e1"/>
      </object_component>
      <object_component id="oc-3fc">
         <name>.debug_info</name>
         <load_address>0x15c59</load_address>
         <run_address>0x15c59</run_address>
         <size>0x9c</size>
      </object_component>
      <object_component id="oc-174">
         <name>.debug_line</name>
         <load_address>0x0</load_address>
         <run_address>0x0</run_address>
         <size>0xd6</size>
         <input_file_ref idref="fl-2"/>
      </object_component>
      <object_component id="oc-d9">
         <name>.debug_line</name>
         <load_address>0xd6</load_address>
         <run_address>0xd6</run_address>
         <size>0xb0</size>
         <input_file_ref idref="fl-2"/>
      </object_component>
      <object_component id="oc-133">
         <name>.debug_line</name>
         <load_address>0x186</load_address>
         <run_address>0x186</run_address>
         <size>0x33</size>
         <input_file_ref idref="fl-2"/>
      </object_component>
      <object_component id="oc-77">
         <name>.debug_line</name>
         <load_address>0x1b9</load_address>
         <run_address>0x1b9</run_address>
         <size>0x6f</size>
         <input_file_ref idref="fl-2"/>
      </object_component>
      <object_component id="oc-220">
         <name>.debug_line</name>
         <load_address>0x228</load_address>
         <run_address>0x228</run_address>
         <size>0x6b</size>
         <input_file_ref idref="fl-2"/>
      </object_component>
      <object_component id="oc-c5">
         <name>.debug_line</name>
         <load_address>0x293</load_address>
         <run_address>0x293</run_address>
         <size>0x20</size>
         <input_file_ref idref="fl-2"/>
      </object_component>
      <object_component id="oc-c0">
         <name>.debug_line</name>
         <load_address>0x2b3</load_address>
         <run_address>0x2b3</run_address>
         <size>0x73</size>
         <input_file_ref idref="fl-2"/>
      </object_component>
      <object_component id="oc-29f">
         <name>.debug_line</name>
         <load_address>0x326</load_address>
         <run_address>0x326</run_address>
         <size>0x6f</size>
         <input_file_ref idref="fl-2"/>
      </object_component>
      <object_component id="oc-7c">
         <name>.debug_line</name>
         <load_address>0x395</load_address>
         <run_address>0x395</run_address>
         <size>0x70</size>
         <input_file_ref idref="fl-2"/>
      </object_component>
      <object_component id="oc-1e5">
         <name>.debug_line</name>
         <load_address>0x405</load_address>
         <run_address>0x405</run_address>
         <size>0x6b</size>
         <input_file_ref idref="fl-2"/>
      </object_component>
      <object_component id="oc-178">
         <name>.debug_line</name>
         <load_address>0x470</load_address>
         <run_address>0x470</run_address>
         <size>0x72</size>
         <input_file_ref idref="fl-2"/>
      </object_component>
      <object_component id="oc-2d6">
         <name>.debug_line</name>
         <load_address>0x4e2</load_address>
         <run_address>0x4e2</run_address>
         <size>0x8e</size>
         <input_file_ref idref="fl-3"/>
      </object_component>
      <object_component id="oc-2d0">
         <name>.debug_line</name>
         <load_address>0x570</load_address>
         <run_address>0x570</run_address>
         <size>0x31</size>
         <input_file_ref idref="fl-3"/>
      </object_component>
      <object_component id="oc-2d2">
         <name>.debug_line</name>
         <load_address>0x5a1</load_address>
         <run_address>0x5a1</run_address>
         <size>0x31</size>
         <input_file_ref idref="fl-3"/>
      </object_component>
      <object_component id="oc-2d4">
         <name>.debug_line</name>
         <load_address>0x5d2</load_address>
         <run_address>0x5d2</run_address>
         <size>0x31</size>
[...]
         <name>OrbitOledUpdate</name>
         <value>0x1a59</value>
         <object_component_ref idref="oc-2c1"/>
      </symbol>
      <symbol id="sm-2df">
         <name>OrbitOledClear</name>
         <value>0x1a1d</value>
         <object_component_ref idref="oc-2c1"/>
      </symbol>
      <symbol id="sm-2e0">
         <name>OrbitOledPutBuffer</name>
         <value>0x1ab3</value>
         <object_component_ref idref="oc-2c1"/>
      </symbol>
      <symbol id="sm-2e1">
         <name>OrbitOledDevInit</name>
         <value>0x1999</value>
         <object_component_ref idref="oc-2c1"/>
      </symbol>
      <symbol id="sm-2e2">
         <name>OrbitOledClearBuffer</name>
         <value>0x1a29</value>
         <object_component_ref idref="oc-2c1"/>
      </symbol>
      <symbol id="sm-2e3">
         <name>OrbitOledHostInit</name>
         <value>0x1855</value>
         <object_component_ref idref="oc-2c1"/>
      </symbol>
      <symbol id="sm-2e4">
         <name>OrbitOledInit</name>
         <value>0x1841</value>
         <object_component_ref idref="oc-2c1"/>
      </symbol>
      <symbol id="sm-2e5">
         <name>Ssi3PutByte</name>
         <value>0x1b19</value>
         <object_component_ref idref="oc-2c1"/>
      </symbol>
      <symbol id="sm-318">
         <name>xchOledCur</name>
         <value>0x200005e0</value>
      </symbol>
      <symbol id="sm-319">
         <name>ychOledCur</name>
         <value>0x200005ec</value>
      </symbol>
      <symbol id="sm-31a">
         <name>xchOledMax</name>
         <value>0x200005e4</value>
      </symbol>
      <symbol id="sm-31b">
         <name>ychOledMax</name>
         <value>0x200005f0</value>
      </symbol>
      <symbol id="sm-31c">
         <name>rgbOledFontUser</name>
         <value>0x2000046c</value>
      </symbol>
      <symbol id="sm-31d">
         <name>OrbitOledPutString</name>
         <value>0x2199</value>
         <object_component_ref idref="oc-2bb"/>
      </symbol>
      <symbol id="sm-31e">
         <name>OrbitOledGetCharUpdate</name>
         <value>0x2175</value>
         <object_component_ref idref="oc-2bb"/>
      </symbol>
      <symbol id="sm-31f">
         <name>OrbitOledSetCharUpdate</name>
         <value>0x215d</value>
         <object_component_ref idref="oc-2bb"/>
      </symbol>
      <symbol id="sm-320">
         <name>OrbitOledDrawGlyph</name>
         <value>0x21c5</value>
         <object_component_ref idref="oc-2bb"/>
      </symbol>
      <symbol id="sm-321">
         <name>OrbitOledDefUserChar</name>
         <value>0x210d</value>
         <object_component_ref idref="oc-2bb"/>
      </symbol>
      <symbol id="sm-322">
         <name>OrbitOledGetCursor</name>
         <value>0x20f1</value>
         <object_component_ref idref="oc-2bb"/>
      </symbol>
      <symbol id="sm-323">
         <name>OrbitOledSetCursor</name>
         <value>0x20a5</value>
         <object_component_ref idref="oc-2bb"/>
      </symbol>
      <symbol id="sm-324">
         <name>OrbitOledPutChar</name>
         <value>0x217b</value>
         <object_component_ref idref="oc-2bb"/>
      </symbol>
      <symbol id="sm-325">
         <name>OrbitOledAdvanceCursor</name>
         <value>0x223d</value>
         <object_component_ref idref="oc-2bb"/>
      </symbol>
      <symbol id="sm-3c2">
         <name>pfnDoRop</name>
         <value>0x200005d0</value>
      </symbol>
      <symbol id="sm-3c3">
         <name>modOledCur</name>
         <value>0x200005bc</value>
      </symbol>
      <symbol id="sm-3c4">
         <name>OrbitOledGetPixel</name>
         <value>0x1013</value>
         <object_component_ref idref="oc-31a"/>
      </symbol>
      <symbol id="sm-3c5">
         <name>OrbitOledMoveUp</name>
         <value>0x1741</value>
         <object_component_ref idref="oc-31a"/>
      </symbol>
      <symbol id="sm-3c6">
         <name>OrbitOledMoveTo</name>
         <value>0xef1</value>
         <object_component_ref idref="oc-31a"/>
      </symbol>
      <symbol id="sm-3c7">
         <name>OrbitOledGetDrawMode</name>
         <value>0xfe1</value>
         <object_component_ref idref="oc-31a"/>
      </symbol>
      <symbol id="sm-3c8">
         <name>OrbitOledDrawPixel</name>
         <value>0xfe7</value>
         <object_component_ref idref="oc-31a"/>
      </symbol>
      <symbol id="sm-3c9">
         <name>OrbitOledDrawString</name>
         <value>0x1683</value>
         <object_component_ref idref="oc-31a"/>
      </symbol>
      <symbol id="sm-3ca">
         <name>OrbitOledDrawChar</name>
         <value>0x1623</value>
         <object_component_ref idref="oc-31a"/>
      </symbol>
      <symbol id="sm-3cb">
         <name>OrbitOledMoveDown</name>
         <value>0x1779</value>
         <object_component_ref idref="oc-31a"/>
      </symbol>
      <symbol id="sm-3cc">
         <name>OrbitOledMoveRight</name>
         <value>0x17c7</value>
         <object_component_ref idref="oc-31a"/>
      </symbol>
      <symbol id="sm-3cd">
         <name>OrbitOledFillRect</name>
         <value>0x11b1</value>
         <object_component_ref idref="oc-31a"/>
      </symbol>
      <symbol id="sm-3ce">
         <name>OrbitOledLineTo</name>
         <value>0x102d</value>
         <object_component_ref idref="oc-31a"/>
      </symbol>
      <symbol id="sm-3cf">
         <name>OrbitOledGetStdPattern</name>
         <value>0xf6b</value>
         <object_component_ref idref="oc-31a"/>
      </symbol>
      <symbol id="sm-3d0">
         <name>OrbitOledSetDrawColor</name>
         <value>0xf53</value>
         <object_component_ref idref="oc-31a"/>
      </symbol>
      <symbol id="sm-3d1">
         <name>OrbitOledDrawRect</name>
         <value>0x112d</value>
         <object_component_ref idref="oc-31a"/>
      </symbol>
      <symbol id="sm-3d2">
         <name>OrbitOledClampYco</name>
         <value>0x1801</value>
         <object_component_ref idref="oc-31a"/>
      </symbol>
      <symbol id="sm-3d3">
         <name>OrbitOledGetPos</name>
         <value>0xf37</value>
         <object_component_ref idref="oc-31a"/>
      </symbol>
      <symbol id="sm-3d4">
         <name>OrbitOledRopSet</name>
         <value>0x16a1</value>
         <object_component_ref idref="oc-31a"/>
      </symbol>
      <symbol id="sm-3d5">
         <name>OrbitOledRopXor</name>
         <value>0x1713</value>
         <object_component_ref idref="oc-31a"/>
      </symbol>
      <symbol id="sm-3d6">
         <name>OrbitOledGetBmp</name>
         <value>0x12f5</value>
         <object_component_ref idref="oc-31a"/>
      </symbol>
      <symbol id="sm-3d7">
         <name>OrbitOledMoveLeft</name>
         <value>0x17af</value>
         <object_component_ref idref="oc-31a"/>
      </symbol>
      <symbol id="sm-3d8">
         <name>OrbitOledRopAnd</name>
         <value>0x16ef</value>
         <object_component_ref idref="oc-31a"/>
      </symbol>
      <symbol id="sm-3d9">
         <name>OrbitOledPutBmp</name>
         <value>0x1455</value>
         <object_component_ref idref="oc-31a"/>
      </symbol>
      <symbol id="sm-3da">
         <name>OrbitOledSetDrawMode</name>
         <value>0xf8d</value>
         <object_component_ref idref="oc-31a"/>
      </symbol>
      <symbol id="sm-3db">
         <name>OrbitOledClampXco</name>
         <value>0x17e1</value>
         <object_component_ref idref="oc-31a"/>
      </symbol>
      <symbol id="sm-3dc">
         <name>OrbitOledSetFillPattern</name>
         <value>0xf7d</value>
         <object_component_ref idref="oc-31a"/>
      </symbol>
      <symbol id="sm-3dd">
         <name>OrbitOledRopOr</name>
         <value>0x16cb</value>
         <object_component_ref idref="oc-31a"/>
      </symbol>
      <symbol id="sm-3ef">
         <name>DelayMs</name>
         <value>0x2f9f</value>
         <object_component_ref idref="oc-32f"/>
      </symbol>
      <symbol id="sm-3f0">
         <name>DelayInit</name>
         <value>0x2f85</value>
         <object_component_ref idref="oc-32f"/>
      </symbol>
      <symbol id="sm-3ff">
         <name>__aeabi_uidivmod</name>
         <value>0x3151</value>
         <object_component_ref idref="oc-1ca"/>
      </symbol>
      <symbol id="sm-400">
         <name>__aeabi_uidiv</name>
         <value>0x3151</value>
         <object_component_ref idref="oc-1ca"/>
      </symbol>
      <symbol id="sm-40f">
         <name>__aeabi_memset</name>
         <value>0x2dd5</value>
         <object_component_ref idref="oc-93"/>
      </symbol>
      <symbol id="sm-410">
         <name>memset</name>
         <value>0x2ddb</value>
         <object_component_ref idref="oc-93"/>
      </symbol>
      <symbol id="sm-411">
         <name>__aeabi_memset8</name>
         <value>0x2dd5</value>
         <object_component_ref idref="oc-93"/>
      </symbol>
      <symbol id="sm-412">
         <name>__aeabi_memset4</name>
         <value>0x2dd5</value>
         <object_component_ref idref="oc-93"/>
      </symbol>
      <symbol id="sm-413">
         <name>__aeabi_memclr8</name>
         <value>0x2dd3</value>
         <object_component_ref idref="oc-93"/>
      </symbol>
      <symbol id="sm-414">
         <name>__aeabi_memclr4</name>
         <value>0x2dd3</value>
         <object_component_ref idref="oc-93"/>
      </symbol>
      <symbol id="sm-415">
         <name>__aeabi_memclr</name>
         <value>0x2dd3</value>
         <object_component_ref idref="oc-93"/>
      </symbol>
      <symbol id="sm-42c">
         <name>__TI_zero_init</name>
         <value>0x3419</value>
         <object_component_ref idref="oc-4d"/>
      </symbol>
      <symbol id="sm-443">
         <name>__TI_decompress_none</name>
         <value>0x33f3</value>
         <object_component_ref idref="oc-18"/>
      </symbol>
      <symbol id="sm-466">
         <name>__TI_decompress_lzss</name>
         <value>0x2ebd</value>
         <object_component_ref idref="oc-12"/>
      </symbol>
      <symbol id="sm-4fb">
         <name>_sys_memory</name>
         <value>0x20000800</value>
         <object_component_ref idref="oc-21"/>
      </symbol>
      <symbol id="sm-4fc">
         <name>free</name>
         <value>0x2af5</value>
         <object_component_ref idref="oc-1b1"/>
      </symbol>
      <symbol id="sm-4fd">
         <name>memalign</name>
         <value>0x28e9</value>
         <object_component_ref idref="oc-309"/>
      </symbol>
      <symbol id="sm-4fe">
         <name>calloc</name>
         <value>0x31cd</value>
         <object_component_ref idref="oc-1ab"/>
      </symbol>
      <symbol id="sm-4ff">
         <name>malloc</name>
         <value>0x3479</value>
         <object_component_ref idref="oc-280"/>
      </symbol>
      <symbol id="sm-500">
         <name>aligned_alloc</name>
         <value>0x28e9</value>
         <object_component_ref idref="oc-309"/>
      </symbol>
      <symbol id="sm-513">
         <name>__stack</name>
         <value>0x20000600</value>
         <object_component_ref idref="oc-24"/>
      </symbol>
      <symbol id="sm-514">
         <name>_c_int00_noargs</name>
         <value>0x326d</value>
         <object_component_ref idref="oc-59"/>
      </symbol>
      <symbol id="sm-51e">
         <name>__aeabi_idiv0</name>
         <value>0x34ad</value>
         <object_component_ref idref="oc-2aa"/>
      </symbol>
      <symbol id="sm-51f">
         <name>__aeabi_ldiv0</name>
         <value>0x34ad</value>
         <object_component_ref idref="oc-2aa"/>
      </symbol>
      <symbol id="sm-53a">
         <name>memcpy</name>
         <value>0x2d37</value>
         <object_component_ref idref="oc-3b"/>
      </symbol>
      <symbol id="sm-53b">
         <name>__aeabi_memcpy</name>
         <value>0x2d37</value>
         <object_component_ref idref="oc-3b"/>
      </symbol>
      <symbol id="sm-53c">
         <name>__aeabi_memcpy8</name>
         <value>0x2d37</value>
         <object_component_ref idref="oc-3b"/>
      </symbol>
      <symbol id="sm-53d">
         <name>__aeabi_memcpy4</name>
         <value>0x2d37</value>
         <object_component_ref idref="oc-3b"/>
      </symbol>
      <symbol id="sm-565">
         <name>__TI_auto_init_nobinit_nopinit</name>
         <value>0x310d</value>
         <object_component_ref idref="oc-141"/>
      </symbol>
      <symbol id="sm-56f">
         <name>_system_pre_init</name>
         <value>0x34a5</value>
         <object_component_ref idref="oc-99"/>
      </symbol>
      <symbol id="sm-57b">
         <name>C$$EXIT</name>
         <value>0x34a9</value>
         <object_component_ref idref="oc-135"/>
      </symbol>
      <symbol id="sm-57c">
         <name>abort</name>
         <value>0x34a9</value>
         <object_component_ref idref="oc-135"/>
      </symbol>
      <symbol id="sm-591">
         <name>_nop</name>
         <value>0x27cf</value>
         <object_component_ref idref="oc-2da"/>
      </symbol>
      <symbol id="sm-592">
         <name>_lock</name>
         <value>0x20000900</value>
         <object_component_ref idref="oc-226"/>
      </symbol>
      <symbol id="sm-593">
         <name>_unlock</name>
         <value>0x20000904</value>
         <object_component_ref idref="oc-226"/>
      </symbol>
      <symbol id="sm-5f7">
         <name>GPIOPinConfigure</name>
         <value>0x3031</value>
         <object_component_ref idref="oc-192"/>
      </symbol>
      <symbol id="sm-5f8">
         <name>GPIOPinTypeI2CSCL</name>
         <value>0x3371</value>
         <object_component_ref idref="oc-18c"/>
      </symbol>
      <symbol id="sm-5f9">
         <name>GPIOPinTypeI2C</name>
         <value>0x335b</value>
         <object_component_ref idref="oc-186"/>
      </symbol>
      <symbol id="sm-5fa">
         <name>GPIOPinTypeGPIOInput</name>
         <value>0x3345</value>
         <object_component_ref idref="oc-19e"/>
      </symbol>
      <symbol id="sm-5fb">
         <name>GPIOPinTypeGPIOOutput</name>
         <value>0x332d</value>
         <object_component_ref idref="oc-353"/>
      </symbol>
      <symbol id="sm-5fc">
         <name>GPIOPinRead</name>
         <value>0x3481</value>
         <object_component_ref idref="oc-1f5"/>
      </symbol>
      <symbol id="sm-5fd">
         <name>GPIODirModeSet</name>
         <value>0x32a1</value>
         <object_component_ref idref="oc-244"/>
      </symbol>
      <symbol id="sm-5fe">
         <name>GPIOPinWrite</name>
         <value>0x3487</value>
         <object_component_ref idref="oc-34d"/>
      </symbol>
      <symbol id="sm-5ff">
         <name>GPIOPadConfigSet</name>
         <value>0x269d</value>
         <object_component_ref idref="oc-1ef"/>
      </symbol>
      <symbol id="sm-600">
         <name>GPIOPinTypeSSI</name>
         <value>0x3387</value>
         <object_component_ref idref="oc-335"/>
      </symbol>
      <symbol id="sm-64a">
         <name>I2CMasterBusBusy</name>
         <value>0x3459</value>
         <object_component_ref idref="oc-278"/>
      </symbol>
      <symbol id="sm-64b">
         <name>I2CMasterDataPut</name>
         <value>0x34a1</value>
         <object_component_ref idref="oc-260"/>
      </symbol>
      <symbol id="sm-64c">
         <name>I2CMasterInitExpClk</name>
         <value>0x307d</value>
         <object_component_ref idref="oc-198"/>
      </symbol>
      <symbol id="sm-64d">
         <name>I2CMasterSlaveAddrSet</name>
         <value>0x3469</value>
         <object_component_ref idref="oc-25a"/>
      </symbol>
      <symbol id="sm-64e">
         <name>I2CMasterDataGet</name>
         <value>0x349d</value>
         <object_component_ref idref="oc-272"/>
      </symbol>
      <symbol id="sm-64f">
         <name>I2CMasterControl</name>
         <value>0x3499</value>
         <object_component_ref idref="oc-266"/>
      </symbol>
      <symbol id="sm-650">
         <name>I2CMasterBusy</name>
         <value>0x3461</value>
         <object_component_ref idref="oc-26c"/>
      </symbol>
      <symbol id="sm-651">
         <name>I2CMasterEnable</name>
         <value>0x3431</value>
         <object_component_ref idref="oc-251"/>
      </symbol>
      <symbol id="sm-671">
         <name>IntRegister</name>
         <value>0x3205</value>
         <object_component_ref idref="oc-1c1"/>
      </symbol>
      <symbol id="sm-672">
         <name>g_pfnRAMVectors</name>
         <value>0x20000000</value>
         <object_component_ref idref="oc-2a5"/>
      </symbol>
      <symbol id="sm-673">
         <name>IntMasterEnable</name>
         <value>0x33c5</value>
         <object_component_ref idref="oc-11b"/>
      </symbol>
      <symbol id="sm-6ab">
         <name>SSIDataPut</name>
         <value>0x343b</value>
         <object_component_ref idref="oc-35f"/>
      </symbol>
      <symbol id="sm-6ac">
         <name>SSIDataGet</name>
         <value>0x340d</value>
         <object_component_ref idref="oc-365"/>
      </symbol>
      <symbol id="sm-6ad">
         <name>SSIConfigSetExpClk</name>
         <value>0x3191</value>
         <object_component_ref idref="oc-341"/>
      </symbol>
      <symbol id="sm-6ae">
         <name>SSIEnable</name>
         <value>0x3445</value>
         <object_component_ref idref="oc-347"/>
      </symbol>
      <symbol id="sm-6af">
         <name>SSIClockSourceSet</name>
         <value>0x348d</value>
         <object_component_ref idref="oc-33b"/>
      </symbol>
      <symbol id="sm-6b0">
         <name>SSIBusy</name>
         <value>0x3471</value>
         <object_component_ref idref="oc-359"/>
      </symbol>
      <symbol id="sm-70f">
         <name>SysCtlClockSet</name>
         <value>0x2a01</value>
         <object_component_ref idref="oc-e4"/>
      </symbol>
      <symbol id="sm-710">
         <name>SysCtlDelay</name>
         <value>0x3493</value>
         <object_component_ref idref="oc-108"/>
      </symbol>
      <symbol id="sm-711">
         <name>SysCtlPeripheralEnable</name>
         <value>0x3239</value>
         <object_component_ref idref="oc-17a"/>
      </symbol>
      <symbol id="sm-712">
         <name>SysCtlClockGet</name>
         <value>0x27d1</value>
         <object_component_ref idref="oc-ea"/>
      </symbol>
      <symbol id="sm-713">
         <name>SysCtlPeripheralReset</name>
         <value>0x2fe1</value>
         <object_component_ref idref="oc-180"/>
      </symbol>
      <symbol id="sm-740">
         <name>SysTickEnable</name>
         <value>0x339d</value>
         <object_component_ref idref="oc-102"/>
      </symbol>
      <symbol id="sm-741">
         <name>SysTickIntRegister</name>
         <value>0x32f5</value>
         <object_component_ref idref="oc-f6"/>
      </symbol>
      <symbol id="sm-742">
         <name>SysTickIntEnable</name>
         <value>0x33b1</value>
         <object_component_ref idref="oc-fc"/>
      </symbol>
      <symbol id="sm-743">
         <name>SysTickPeriodSet</name>
         <value>0x33d5</value>
         <object_component_ref idref="oc-f0"/>
      </symbol>
      <symbol id="sm-767">
         <name>TimerEnable</name>
         <value>0x33e5</value>
         <object_component_ref idref="oc-3a2"/>
      </symbol>
      <symbol id="sm-768">
         <name>TimerValueGet</name>
         <value>0x344f</value>
         <object_component_ref idref="oc-3a8"/>
      </symbol>
      <symbol id="sm-769">
         <name>TimerConfigure</name>
         <value>0x2f25</value>
         <object_component_ref idref="oc-39c"/>
      </symbol>
      <symbol id="sm-773">
         <name>CPUcpsie</name>
         <value>0x3401</value>
         <object_component_ref idref="oc-209"/>
      </symbol>
      <symbol id="sm-774">
         <name>__TI_static_base__</name>
         <value>0x0</value>
      </symbol>
      <symbol id="sm-777">
         <name>__mpu_init</name>
         <value>0x0</value>
      </symbol>
      <symbol id="sm-778">
         <name>_system_post_cinit</name>
         <value>0x0</value>
      </symbol>
   </symbol_table>
   <title>Link successful</title>
</link_info>
