******************************************************************************
                  TI ARM Linker PC v18.12.4                    
******************************************************************************
>> Linked Wed Mar  4 12:49:31 2020

OUTPUT FILE NAME:   <Week3.out>
ENTRY POINT SYMBOL: "_c_int00_noargs"  address: 00003611


MEMORY CONFIGURATION

         name            origin    length      used     unused   attr    fill
----------------------  --------  ---------  --------  --------  ----  --------
  FLASH                 00000000   00040000  00003d3a  0003c2c6  R  X
  SRAM                  20000000   00008000  00000549  00007ab7  RW X


SEGMENT ALLOCATION MAP

run origin  load origin   length   init length attrs members
----------  ----------- ---------- ----------- ----- -------
00000000    00000000    00003d40   00003d40    r-x
  00000000    00000000    0000026c   0000026c    r-- .intvecs
  0000026c    0000026c    0000356a   0000356a    r-x .text
  000037d8    000037d8    00000534   00000534    r-- .const
  00003d10    00003d10    00000030   00000030    r-- .cinit
20000000    20000000    00000550   00000000    rw-
  20000000    20000000    00000341   00000000    rw- .bss
  20000348    20000348    00000200   00000000    rw- .stack
  20000548    20000548    00000008   00000000    rw- .data


SECTION ALLOCATION MAP

 output                                  attributes/
section   page    origin      length       input sections
--------  ----  ----------  ----------   ----------------
.intvecs   0    00000000    0000026c     
                  00000000    0000026c     tm4c123gh6pm_startup_ccs.obj (.intvecs)

.text      0    0000026c    0000356a     
                  0000026c    00000c84     ustdlib.obj (.text)
                  00000ef0    00000950     OrbitOledGrph.obj (.text)
                  00001840    000003e0     readAcc4.obj (.text)
                  00001c20    0000037c     OrbitOled.obj (.text)
                  00001f9c    000002ec     rtsv7M4_T_le_v4SPD16_eabi.lib : s_atan.c.obj (.text:atan)
                  00002288    00000204     OrbitOledChar.obj (.text)
                  0000248c    00000204     i2c_driver.obj (.text)
                  00002690    000001d8     rtsv7M4_T_le_v4SPD16_eabi.lib : e_atan2.c.obj (.text:atan2)
                  00002868    000001b6                                   : fd_add_t2.asm.obj (.text)
                  00002a1e    00000002                                   : div0.asm.obj (.text)
                  00002a20    00000158                                   : e_sqrt.c.obj (.text:sqrt)
                  00002b78    00000136                                   : fd_div_t2.asm.obj (.text)
                  00002cae    00000132     driverlib.lib : gpio.obj (.text:GPIOPadConfigSet)
                  00002de0    00000118                   : sysctl.obj (.text:SysCtlClockGet)
                  00002ef8    000000fc     rtsv7M4_T_le_v4SPD16_eabi.lib : fd_mul_t2.asm.obj (.text)
                  00002ff4    000000f4     driverlib.lib : sysctl.obj (.text:SysCtlClockSet)
                  000030e8    0000009c     rtsv7M4_T_le_v4SPD16_eabi.lib : memcpy_t2.asm.obj (.text)
                  00003184    00000086                                   : fd_cmp_t2.asm.obj (.text:__aeabi_cdrcmple)
                  0000320a    0000007a                                   : memset_t2.asm.obj (.text)
                  00003284    00000068                                   : copy_decompress_lzss.c.obj (.text:decompress:lzss:__TI_decompress_lzss)
                  000032ec    00000060     driverlib.lib : timer.obj (.text:TimerConfigure)
                  0000334c    0000005c     delay.obj (.text)
                  000033a8    00000050     driverlib.lib : sysctl.obj (.text:SysCtlPeripheralReset)
                  000033f8    0000004c                   : gpio.obj (.text:GPIOPinConfigure)
                  00003444    0000004c                   : i2c.obj (.text:I2CMasterInitExpClk)
                  00003490    00000048     rtsv7M4_T_le_v4SPD16_eabi.lib : fd_toi_t2.asm.obj (.text)
                  000034d8    00000044     OrbitOLEDInterface.obj (.text)
                  0000351c    00000044     rtsv7M4_T_le_v4SPD16_eabi.lib : autoinit.c.obj (.text:__TI_auto_init_nobinit_nopinit:__TI_auto_init_nobinit_nopinit)
                  00003560    00000040                                   : u_divt2.asm.obj (.text)
                  000035a0    0000003c     driverlib.lib : ssi.obj (.text:SSIConfigSetExpClk)
                  000035dc    00000034                   : sysctl.obj (.text:SysCtlPeripheralEnable)
                  00003610    00000034     rtsv7M4_T_le_v4SPD16_eabi.lib : boot_cortex_m.c.obj (.text:_c_int00_noargs:_c_int00_noargs)
                  00003644    0000002e                                   : i_tofd_t2.asm.obj (.text)
                  00003672    0000002c     driverlib.lib : gpio.obj (.text:GPIODirModeSet)
                  0000369e    0000001c     rtsv7M4_T_le_v4SPD16_eabi.lib : copy_zero_init.c.obj (.text:decompress:ZI:__TI_zero_init_nomemset:__TI_zero_init_nomemset)
                  000036ba    00000018     driverlib.lib : gpio.obj (.text:GPIOPinTypeGPIOOutput)
                  000036d2    00000016                   : gpio.obj (.text:GPIOPinTypeGPIOInput)
                  000036e8    00000016                   : gpio.obj (.text:GPIOPinTypeI2C)
                  000036fe    00000016                   : gpio.obj (.text:GPIOPinTypeI2CSCL)
                  00003714    00000016                   : gpio.obj (.text:GPIOPinTypeSSI)
                  0000372a    0000000e                   : timer.obj (.text:TimerEnable)
                  00003738    0000000e     rtsv7M4_T_le_v4SPD16_eabi.lib : copy_decompress_none.c.obj (.text:decompress:none:__TI_decompress_none)
                  00003746    0000000c     driverlib.lib : ssi.obj (.text:SSIDataGet)
                  00003752    0000000c     tm4c123gh6pm_startup_ccs.obj (.text)
                  0000375e    0000000a     driverlib.lib : i2c.obj (.text:I2CMasterEnable)
                  00003768    0000000a                   : ssi.obj (.text:SSIDataPut)
                  00003772    0000000a                   : ssi.obj (.text:SSIEnable)
                  0000377c    0000000a                   : timer.obj (.text:TimerValueGet)
                  00003786    00000008                   : i2c.obj (.text:I2CMasterBusBusy)
                  0000378e    00000008                   : i2c.obj (.text:I2CMasterBusy)
                  00003796    00000008                   : i2c.obj (.text:I2CMasterSlaveAddrSet)
                  0000379e    00000008                   : ssi.obj (.text:SSIBusy)
                  000037a6    00000002     --HOLE-- [fill = 0]
                  000037a8    00000008     rtsv7M4_T_le_v4SPD16_eabi.lib : errno.c.obj (.text:__aeabi_errno_addr)
                  000037b0    00000006     driverlib.lib : gpio.obj (.text:GPIOPinWrite)
                  000037b6    00000006                   : ssi.obj (.text:SSIClockSourceSet)
                  000037bc    00000006                   : sysctl.obj (.text:SysCtlDelay)
                  000037c2    00000004                   : i2c.obj (.text:I2CMasterControl)
                  000037c6    00000004                   : i2c.obj (.text:I2CMasterDataGet)
                  000037ca    00000004                   : i2c.obj (.text:I2CMasterDataPut)
                  000037ce    00000004     rtsv7M4_T_le_v4SPD16_eabi.lib : pre_init.c.obj (.text:_system_pre_init)
                  000037d2    00000004                                   : exit.c.obj (.text:abort:abort)

.const     0    000037d8    00000534     
                  000037d8    00000300     ChrFont0.obj (.const:.string:rgbOledFont0)
                  00003ad8    00000098     rtsv7M4_T_le_v4SPD16_eabi.lib : s_atan.c.obj (.const:$O1$$)
                  00003b70    00000090     driverlib.lib : gpio.obj (.const:g_pui32GPIOBaseAddrs)
                  00003c00    0000006c                   : sysctl.obj (.const:g_pui32Xtals)
                  00003c6c    00000040     FillPat.obj (.const:.string:rgbFillPat)
                  00003cac    00000030     ustdlib.obj (.const:g_psDaysToMonth)
                  00003cdc    00000018     ustdlib.obj (.const:g_pfExponents)
                  00003cf4    00000012     ustdlib.obj (.const:.string)
                  00003d06    00000002     --HOLE-- [fill = 0]
                  00003d08    00000004     ustdlib.obj (.const)

.cinit     0    00003d10    00000030     
                  00003d10    0000000c     (__TI_handler_table)
                  00003d1c    0000000a     (.cinit..data.load) [load image, compression = lzss]
                  00003d26    00000002     --HOLE-- [fill = 0]
                  00003d28    00000008     (.cinit..bss.load) [load image, compression = zero_init]
                  00003d30    00000010     (__TI_cinit_table)

.init_array 
*          0    00000000    00000000     UNINITIALIZED

.bss       0    20000000    00000341     UNINITIALIZED
                  20000000    00000200     (.common:rgbOledBmp)
                  20000200    00000100     (.common:rgbOledFontUser)
                  20000300    00000004     (.common:bnOledCur)
                  20000304    00000004     (.common:dxcoOledFontCur)
                  20000308    00000004     (.common:dycoOledFontCur)
                  2000030c    00000004     (.common:fOledCharUpdate)
                  20000310    00000004     (.common:modOledCur)
                  20000314    00000004     (.common:pbOledCur)
                  20000318    00000004     (.common:pbOledFontCur)
                  2000031c    00000004     (.common:pbOledFontUser)
                  20000320    00000004     (.common:pbOledPatCur)
                  20000324    00000004     (.common:pfnDoRop)
                  20000328    00000004     (.common:xchOledCur)
                  2000032c    00000004     (.common:xchOledMax)
                  20000330    00000004     (.common:xcoOledCur)
                  20000334    00000004     (.common:ychOledCur)
                  20000338    00000004     (.common:ychOledMax)
                  2000033c    00000004     (.common:ycoOledCur)
                  20000340    00000001     (.common:clrOledCur)

.data      0    20000548    00000008     UNINITIALIZED
                  20000548    00000004     rtsv7M4_T_le_v4SPD16_eabi.lib : errno.c.obj (.data)
                  2000054c    00000004     ustdlib.obj (.data)

.stack     0    20000348    00000200     UNINITIALIZED
                  20000348    00000004     rtsv7M4_T_le_v4SPD16_eabi.lib : boot_cortex_m.c.obj (.stack)
                  2000034c    000001fc     --HOLE--

MODULE SUMMARY

       Module                         code    ro data   rw data
       ------                         ----    -------   -------
    .\
       ustdlib.obj                    3204    94        4      
       readAcc4.obj                   992     0         0      
       tm4c123gh6pm_startup_ccs.obj   12      620       0      
       i2c_driver.obj                 516     0         0      
    +--+------------------------------+-------+---------+---------+
       Total:                         4724    714       4      
                                                               
    .\OrbitOLED\
       OrbitOLEDInterface.obj         68      0         0      
    +--+------------------------------+-------+---------+---------+
       Total:                         68      0         0      
                                                               
    .\OrbitOLED\lib_OrbitOled\
       OrbitOledGrph.obj              2384    0         8      
       OrbitOled.obj                  892     0         553    
       OrbitOledChar.obj              516     0         272    
       ChrFont0.obj                   0       768       0      
       delay.obj                      92      0         0      
       FillPat.obj                    0       64        0      
    +--+------------------------------+-------+---------+---------+
       Total:                         3884    832       833    
                                                               
    C:/ti/TivaWare_C_Series-2.1.4.178/driverlib/ccs/Debug/driverlib.lib
       sysctl.obj                     662     108       0      
       gpio.obj                       544     144       0      
       i2c.obj                        122     0         0      
       timer.obj                      120     0         0      
       ssi.obj                        106     0         0      
    +--+------------------------------+-------+---------+---------+
       Total:                         1554    252       0      
                                                               
    C:\ti\ccs920\ccs\tools\compiler\ti-cgt-arm_18.12.4.LTS\lib\rtsv7M4_T_le_v4SPD16_eabi.lib
       s_atan.c.obj                   748     152       0      
       e_atan2.c.obj                  472     0         0      
       fd_add_t2.asm.obj              438     0         0      
       e_sqrt.c.obj                   344     0         0      
       fd_div_t2.asm.obj              310     0         0      
       fd_mul_t2.asm.obj              252     0         0      
       memcpy_t2.asm.obj              156     0         0      
       fd_cmp_t2.asm.obj              134     0         0      
       memset_t2.asm.obj              122     0         0      
       copy_decompress_lzss.c.obj     104     0         0      
       fd_toi_t2.asm.obj              72      0         0      
       autoinit.c.obj                 68      0         0      
       u_divt2.asm.obj                64      0         0      
       boot_cortex_m.c.obj            52      0         0      
       i_tofd_t2.asm.obj              46      0         0      
       copy_zero_init.c.obj           28      0         0      
       copy_decompress_none.c.obj     14      0         0      
       errno.c.obj                    8       0         4      
       exit.c.obj                     4       0         0      
       pre_init.c.obj                 4       0         0      
       div0.asm.obj                   2       0         0      
    +--+------------------------------+-------+---------+---------+
       Total:                         3442    152       4      
                                                               
       Stack:                         0       0         512    
       Linker Generated:              0       46        0      
    +--+------------------------------+-------+---------+---------+
       Grand Total:                   13672   1996      1353   


LINKER GENERATED COPY TABLES

__TI_cinit_table @ 00003d30 records: 2, size/record: 8, table size: 16
	.data: load addr=00003d1c, load size=0000000a bytes, run addr=20000548, run size=00000008 bytes, compression=lzss
	.bss: load addr=00003d28, load size=00000008 bytes, run addr=20000000, run size=00000341 bytes, compression=zero_init


LINKER GENERATED HANDLER TABLE

__TI_handler_table @ 00003d10 records: 3, size/record: 4, table size: 12
	index: 0, handler: __TI_decompress_lzss
	index: 1, handler: __TI_decompress_none
	index: 2, handler: __TI_zero_init


GLOBAL SYMBOLS: SORTED ALPHABETICALLY BY Name 

address   name                          
-------   ----                          
000037d3  C$$EXIT                       
0000334d  DelayInit                     
00003367  DelayMs                       
0000248d  Delay_us                      
00003673  GPIODirModeSet                
00002caf  GPIOPadConfigSet              
000033f9  GPIOPinConfigure              
000036d3  GPIOPinTypeGPIOInput          
000036bb  GPIOPinTypeGPIOOutput         
000036e9  GPIOPinTypeI2C                
000036ff  GPIOPinTypeI2CSCL             
00003715  GPIOPinTypeSSI                
000037b1  GPIOPinWrite                  
0000266f  I2CGenIsNotIdle               
000024bf  I2CGenTransmit                
00003787  I2CMasterBusBusy              
0000378f  I2CMasterBusy                 
000037c3  I2CMasterControl              
000037c7  I2CMasterDataGet              
000037cb  I2CMasterDataPut              
0000375f  I2CMasterEnable               
00003445  I2CMasterInitExpClk           
00003797  I2CMasterSlaveAddrSet         
000034ff  OLEDInitialise                
000034d9  OLEDStringDraw                
00002421  OrbitOledAdvanceCursor        
000017e1  OrbitOledClampXco             
00001801  OrbitOledClampYco             
00001dfd  OrbitOledClear                
00001e09  OrbitOledClearBuffer          
000022f1  OrbitOledDefUserChar          
00001d79  OrbitOledDevInit              
00001623  OrbitOledDrawChar             
000023a9  OrbitOledDrawGlyph            
00000fe7  OrbitOledDrawPixel            
0000112d  OrbitOledDrawRect             
00001683  OrbitOledDrawString           
00001cff  OrbitOledDvrInit              
000011b1  OrbitOledFillRect             
000012f5  OrbitOledGetBmp               
00002359  OrbitOledGetCharUpdate        
000022d5  OrbitOledGetCursor            
00000fe1  OrbitOledGetDrawMode          
00001013  OrbitOledGetPixel             
00000f37  OrbitOledGetPos               
00000f6b  OrbitOledGetStdPattern        
00001c35  OrbitOledHostInit             
00001c21  OrbitOledInit                 
0000102d  OrbitOledLineTo               
00001779  OrbitOledMoveDown             
000017af  OrbitOledMoveLeft             
000017c7  OrbitOledMoveRight            
00000ef1  OrbitOledMoveTo               
00001741  OrbitOledMoveUp               
00001455  OrbitOledPutBmp               
00001e93  OrbitOledPutBuffer            
0000235f  OrbitOledPutChar              
0000237d  OrbitOledPutString            
000016ef  OrbitOledRopAnd               
000016cb  OrbitOledRopOr                
000016a1  OrbitOledRopSet               
00001713  OrbitOledRopXor               
00002341  OrbitOledSetCharUpdate        
00002289  OrbitOledSetCursor            
00000f53  OrbitOledSetDrawColor         
00000f8d  OrbitOledSetDrawMode          
00000f7d  OrbitOledSetFillPattern       
00001e39  OrbitOledUpdate               
00003753  ResetISR                      
0000379f  SSIBusy                       
000037b7  SSIClockSourceSet             
000035a1  SSIConfigSetExpClk            
00003747  SSIDataGet                    
00003769  SSIDataPut                    
00003773  SSIEnable                     
00001ef9  Ssi3PutByte                   
00002de1  SysCtlClockGet                
00002ff5  SysCtlClockSet                
000037bd  SysCtlDelay                   
000035dd  SysCtlPeripheralEnable        
000033a9  SysCtlPeripheralReset         
000032ed  TimerConfigure                
0000372b  TimerEnable                   
0000377d  TimerValueGet                 
20000548  __STACK_END                   
00000200  __STACK_SIZE                  
20000548  __STACK_TOP                   
00003d30  __TI_CINIT_Base               
00003d40  __TI_CINIT_Limit              
00003d10  __TI_Handler_Table_Base       
00003d1c  __TI_Handler_Table_Limit      
0000351d  __TI_auto_init_nobinit_nopinit
00003285  __TI_decompress_lzss          
00003739  __TI_decompress_none          
ffffffff  __TI_pprof_out_hndl           
ffffffff  __TI_prof_data_size           
ffffffff  __TI_prof_data_start          
00000000  __TI_static_base__            
0000369f  __TI_zero_init_nomemset       
00003185  __aeabi_cdrcmple              
00003491  __aeabi_d2iz                  
00002873  __aeabi_dadd                  
00002b79  __aeabi_ddiv                  
00002ef9  __aeabi_dmul                  
00002869  __aeabi_dsub                  
000037a9  __aeabi_errno_addr            
00003645  __aeabi_i2d                   
00002a1f  __aeabi_idiv0                 
00002a1f  __aeabi_ldiv0                 
0000320b  __aeabi_memclr                
0000320b  __aeabi_memclr4               
0000320b  __aeabi_memclr8               
000030e9  __aeabi_memcpy                
000030e9  __aeabi_memcpy4               
000030e9  __aeabi_memcpy8               
0000320d  __aeabi_memset                
0000320d  __aeabi_memset4               
0000320d  __aeabi_memset8               
00003561  __aeabi_uidiv                 
00003561  __aeabi_uidivmod              
ffffffff  __binit__                     
ffffffff  __c_args__                    
UNDEFED   __mpu_init                    
20000348  __stack                       
00003611  _c_int00_noargs               
UNDEFED   _system_post_cinit            
000037cf  _system_pre_init              
000037d3  abort                         
00001f9d  atan                          
00002691  atan2                         
00002691  atan2l                        
00001f9d  atanl                         
ffffffff  binit                         
20000300  bnOledCur                     
20000340  clrOledCur                    
00001853  displayUpdate                 
20000304  dxcoOledFontCur               
20000308  dycoOledFontCur               
20000548  errno                         
2000030c  fOledCharUpdate               
00000000  g_pfnVectors                  
0000199b  getAcclData                   
00001a07  getAcclDataMs2                
0000189b  initAccl                      
00001841  initClock                     
0000184b  initDisplay                   
00001a69  initLED                       
00001ab3  main                          
000030e9  memcpy                        
00003213  memset                        
20000310  modOledCur                    
20000314  pbOledCur                     
20000318  pbOledFontCur                 
2000031c  pbOledFontUser                
20000320  pbOledPatCur                  
20000324  pfnDoRop                      
00003c6c  rgbFillPat                    
20000000  rgbOledBmp                    
000037d8  rgbOledFont0                  
20000200  rgbOledFontUser               
00002a21  sqrt                          
00002a21  sqrtl                         
00000751  ulocaltime                    
0000094f  umktime                       
00000ec9  urand                         
00000721  usnprintf                     
000006ef  usprintf                      
00000eb9  usrand                        
00000e31  ustrcasecmp                   
00000ea5  ustrcmp                       
00000d35  ustrlen                       
00000d8d  ustrncasecmp                  
00000e45  ustrncmp                      
0000026d  ustrncpy                      
00000d57  ustrstr                       
00000afd  ustrtof                       
000009c5  ustrtoul                      
000002c5  uvsnprintf                    
20000328  xchOledCur                    
2000032c  xchOledMax                    
20000330  xcoOledCur                    
20000334  ychOledCur                    
20000338  ychOledMax                    
2000033c  ycoOledCur                    


GLOBAL SYMBOLS: SORTED BY Symbol Address 

address   name                          
-------   ----                          
00000000  __TI_static_base__            
00000000  g_pfnVectors                  
00000200  __STACK_SIZE                  
0000026d  ustrncpy                      
000002c5  uvsnprintf                    
000006ef  usprintf                      
00000721  usnprintf                     
00000751  ulocaltime                    
0000094f  umktime                       
000009c5  ustrtoul                      
00000afd  ustrtof                       
00000d35  ustrlen                       
00000d57  ustrstr                       
00000d8d  ustrncasecmp                  
00000e31  ustrcasecmp                   
00000e45  ustrncmp                      
00000ea5  ustrcmp                       
00000eb9  usrand                        
00000ec9  urand                         
00000ef1  OrbitOledMoveTo               
00000f37  OrbitOledGetPos               
00000f53  OrbitOledSetDrawColor         
00000f6b  OrbitOledGetStdPattern        
00000f7d  OrbitOledSetFillPattern       
00000f8d  OrbitOledSetDrawMode          
00000fe1  OrbitOledGetDrawMode          
00000fe7  OrbitOledDrawPixel            
00001013  OrbitOledGetPixel             
0000102d  OrbitOledLineTo               
0000112d  OrbitOledDrawRect             
000011b1  OrbitOledFillRect             
000012f5  OrbitOledGetBmp               
00001455  OrbitOledPutBmp               
00001623  OrbitOledDrawChar             
00001683  OrbitOledDrawString           
000016a1  OrbitOledRopSet               
000016cb  OrbitOledRopOr                
000016ef  OrbitOledRopAnd               
00001713  OrbitOledRopXor               
00001741  OrbitOledMoveUp               
00001779  OrbitOledMoveDown             
000017af  OrbitOledMoveLeft             
000017c7  OrbitOledMoveRight            
000017e1  OrbitOledClampXco             
00001801  OrbitOledClampYco             
00001841  initClock                     
0000184b  initDisplay                   
00001853  displayUpdate                 
0000189b  initAccl                      
0000199b  getAcclData                   
00001a07  getAcclDataMs2                
00001a69  initLED                       
00001ab3  main                          
00001c21  OrbitOledInit                 
00001c35  OrbitOledHostInit             
00001cff  OrbitOledDvrInit              
00001d79  OrbitOledDevInit              
00001dfd  OrbitOledClear                
00001e09  OrbitOledClearBuffer          
00001e39  OrbitOledUpdate               
00001e93  OrbitOledPutBuffer            
00001ef9  Ssi3PutByte                   
00001f9d  atan                          
00001f9d  atanl                         
00002289  OrbitOledSetCursor            
000022d5  OrbitOledGetCursor            
000022f1  OrbitOledDefUserChar          
00002341  OrbitOledSetCharUpdate        
00002359  OrbitOledGetCharUpdate        
0000235f  OrbitOledPutChar              
0000237d  OrbitOledPutString            
000023a9  OrbitOledDrawGlyph            
00002421  OrbitOledAdvanceCursor        
0000248d  Delay_us                      
000024bf  I2CGenTransmit                
0000266f  I2CGenIsNotIdle               
00002691  atan2                         
00002691  atan2l                        
00002869  __aeabi_dsub                  
00002873  __aeabi_dadd                  
00002a1f  __aeabi_idiv0                 
00002a1f  __aeabi_ldiv0                 
00002a21  sqrt                          
00002a21  sqrtl                         
00002b79  __aeabi_ddiv                  
00002caf  GPIOPadConfigSet              
00002de1  SysCtlClockGet                
00002ef9  __aeabi_dmul                  
00002ff5  SysCtlClockSet                
000030e9  __aeabi_memcpy                
000030e9  __aeabi_memcpy4               
000030e9  __aeabi_memcpy8               
000030e9  memcpy                        
00003185  __aeabi_cdrcmple              
0000320b  __aeabi_memclr                
0000320b  __aeabi_memclr4               
0000320b  __aeabi_memclr8               
0000320d  __aeabi_memset                
0000320d  __aeabi_memset4               
0000320d  __aeabi_memset8               
00003213  memset                        
00003285  __TI_decompress_lzss          
000032ed  TimerConfigure                
0000334d  DelayInit                     
00003367  DelayMs                       
000033a9  SysCtlPeripheralReset         
000033f9  GPIOPinConfigure              
00003445  I2CMasterInitExpClk           
00003491  __aeabi_d2iz                  
000034d9  OLEDStringDraw                
000034ff  OLEDInitialise                
0000351d  __TI_auto_init_nobinit_nopinit
00003561  __aeabi_uidiv                 
00003561  __aeabi_uidivmod              
000035a1  SSIConfigSetExpClk            
000035dd  SysCtlPeripheralEnable        
00003611  _c_int00_noargs               
00003645  __aeabi_i2d                   
00003673  GPIODirModeSet                
0000369f  __TI_zero_init_nomemset       
000036bb  GPIOPinTypeGPIOOutput         
000036d3  GPIOPinTypeGPIOInput          
000036e9  GPIOPinTypeI2C                
000036ff  GPIOPinTypeI2CSCL             
00003715  GPIOPinTypeSSI                
0000372b  TimerEnable                   
00003739  __TI_decompress_none          
00003747  SSIDataGet                    
00003753  ResetISR                      
0000375f  I2CMasterEnable               
00003769  SSIDataPut                    
00003773  SSIEnable                     
0000377d  TimerValueGet                 
00003787  I2CMasterBusBusy              
0000378f  I2CMasterBusy                 
00003797  I2CMasterSlaveAddrSet         
0000379f  SSIBusy                       
000037a9  __aeabi_errno_addr            
000037b1  GPIOPinWrite                  
000037b7  SSIClockSourceSet             
000037bd  SysCtlDelay                   
000037c3  I2CMasterControl              
000037c7  I2CMasterDataGet              
000037cb  I2CMasterDataPut              
000037cf  _system_pre_init              
000037d3  C$$EXIT                       
000037d3  abort                         
000037d8  rgbOledFont0                  
00003c6c  rgbFillPat                    
00003d10  __TI_Handler_Table_Base       
00003d1c  __TI_Handler_Table_Limit      
00003d30  __TI_CINIT_Base               
00003d40  __TI_CINIT_Limit              
20000000  rgbOledBmp                    
20000200  rgbOledFontUser               
20000300  bnOledCur                     
20000304  dxcoOledFontCur               
20000308  dycoOledFontCur               
2000030c  fOledCharUpdate               
20000310  modOledCur                    
20000314  pbOledCur                     
20000318  pbOledFontCur                 
2000031c  pbOledFontUser                
20000320  pbOledPatCur                  
20000324  pfnDoRop                      
20000328  xchOledCur                    
2000032c  xchOledMax                    
20000330  xcoOledCur                    
20000334  ychOledCur                    
20000338  ychOledMax                    
2000033c  ycoOledCur                    
20000340  clrOledCur                    
20000348  __stack                       
20000548  __STACK_END                   
20000548  __STACK_TOP                   
20000548  errno                         
ffffffff  __TI_pprof_out_hndl           
ffffffff  __TI_prof_data_size           
ffffffff  __TI_prof_data_start          
ffffffff  __binit__                     
ffffffff  __c_args__                    
ffffffff  binit                         
UNDEFED   __mpu_init                    
UNDEFED   _system_post_cinit            

[184 symbols]
